Archive member included to satisfy reference by file (symbol)

app/libapp.a(main.c.obj)      (--whole-archive)
app/libapp.a(shell_cmds.c.obj)
                              (--whole-archive)
zephyr/libzephyr.a(validate_libc.c.obj)
                              (--whole-archive)
zephyr/libzephyr.a(heap.c.obj)
                              (--whole-archive)
zephyr/libzephyr.a(cbprintf_packaged.c.obj)
                              (--whole-archive)
zephyr/libzephyr.a(clock.c.obj)
                              (--whole-archive)
zephyr/libzephyr.a(printk.c.obj)
                              (--whole-archive)
zephyr/libzephyr.a(sem.c.obj)
                              (--whole-archive)
zephyr/libzephyr.a(thread_entry.c.obj)
                              (--whole-archive)
zephyr/libzephyr.a(cbprintf_complete.c.obj)
                              (--whole-archive)
zephyr/libzephyr.a(cbprintf.c.obj)
                              (--whole-archive)
zephyr/libzephyr.a(assert.c.obj)
                              (--whole-archive)
zephyr/libzephyr.a(mpsc_pbuf.c.obj)
                              (--whole-archive)
zephyr/libzephyr.a(dec.c.obj)
                              (--whole-archive)
zephyr/libzephyr.a(hex.c.obj)
                              (--whole-archive)
zephyr/libzephyr.a(rb.c.obj)  (--whole-archive)
zephyr/libzephyr.a(timeutil.c.obj)
                              (--whole-archive)
zephyr/libzephyr.a(bitarray.c.obj)
                              (--whole-archive)
zephyr/libzephyr.a(bitmask.c.obj)
                              (--whole-archive)
zephyr/libzephyr.a(getopt.c.obj)
                              (--whole-archive)
zephyr/libzephyr.a(getopt_common.c.obj)
                              (--whole-archive)
zephyr/libzephyr.a(ring_buffer.c.obj)
                              (--whole-archive)
zephyr/libzephyr.a(last_section_id.c.obj)
                              (--whole-archive)
zephyr/libzephyr.a(configs.c.obj)
                              (--whole-archive)
zephyr/libzephyr.a(stm32cube_hal.c.obj)
                              (--whole-archive)
zephyr/libzephyr.a(soc_config.c.obj)
                              (--whole-archive)
zephyr/libzephyr.a(stm32_backup_domain.c.obj)
                              (--whole-archive)
zephyr/libzephyr.a(soc.c.obj)
                              (--whole-archive)
zephyr/libzephyr.a(log_core.c.obj)
                              (--whole-archive)
zephyr/libzephyr.a(log_mgmt.c.obj)
                              (--whole-archive)
zephyr/libzephyr.a(log_cache.c.obj)
                              (--whole-archive)
zephyr/libzephyr.a(log_msg.c.obj)
                              (--whole-archive)
zephyr/libzephyr.a(log_output.c.obj)
                              (--whole-archive)
zephyr/libzephyr.a(mem_attr.c.obj)
                              (--whole-archive)
zephyr/libzephyr.a(tracing_none.c.obj)
                              (--whole-archive)
zephyr/libzephyr.a(kernel_shell.c.obj)
                              (--whole-archive)
zephyr/libzephyr.a(cycles.c.obj)
                              (--whole-archive)
zephyr/libzephyr.a(sleep.c.obj)
                              (--whole-archive)
zephyr/libzephyr.a(uptime.c.obj)
                              (--whole-archive)
zephyr/libzephyr.a(version.c.obj)
                              (--whole-archive)
zephyr/libzephyr.a(log-level.c.obj)
                              (--whole-archive)
zephyr/libzephyr.a(thread.c.obj)
                              (--whole-archive)
zephyr/libzephyr.a(list.c.obj)
                              (--whole-archive)
zephyr/libzephyr.a(stacks.c.obj)
                              (--whole-archive)
zephyr/libzephyr.a(suspend.c.obj)
                              (--whole-archive)
zephyr/libzephyr.a(resume.c.obj)
                              (--whole-archive)
zephyr/libzephyr.a(kill.c.obj)
                              (--whole-archive)
zephyr/libzephyr.a(device_service.c.obj)
                              (--whole-archive)
zephyr/libzephyr.a(date_service.c.obj)
                              (--whole-archive)
zephyr/libzephyr.a(devmem_service.c.obj)
                              (--whole-archive)
zephyr/libzephyr.a(shell_uart.c.obj)
                              (--whole-archive)
zephyr/libzephyr.a(shell.c.obj)
                              (--whole-archive)
zephyr/libzephyr.a(shell_fprintf.c.obj)
                              (--whole-archive)
zephyr/libzephyr.a(shell_utils.c.obj)
                              (--whole-archive)
zephyr/libzephyr.a(shell_ops.c.obj)
                              (--whole-archive)
zephyr/libzephyr.a(shell_log_backend.c.obj)
                              (--whole-archive)
zephyr/libzephyr.a(shell_help.c.obj)
                              (--whole-archive)
zephyr/libzephyr.a(shell_cmds.c.obj)
                              (--whole-archive)
zephyr/libzephyr.a(shell_history.c.obj)
                              (--whole-archive)
zephyr/libzephyr.a(shell_wildcard.c.obj)
[...]
Memory Configuration

Name             Origin             Length             Attributes
FLASH            0x0000000008000000 0x0000000000080000 xr
RAM              0x0000000020000000 0x0000000000020000 xw
SRAM0            0x0000000020000000 0x0000000000020000 rw
IDT_LIST         0x00000000ffff7fff 0x0000000000008000 xw
*default*        0x0000000000000000 0xffffffffffffffff

Linker script and memory map

LOAD zephyr/CMakeFiles/zephyr_final.dir/misc/empty_file.c.obj
LOAD zephyr/CMakeFiles/zephyr_final.dir/isr_tables.c.obj
LOAD zephyr/CMakeFiles/offsets.dir/./arch/arm/core/offsets/offsets.c.obj
LOAD app/libapp.a
LOAD zephyr/libzephyr.a
LOAD zephyr/arch/common/libarch__common.a
LOAD zephyr/arch/arch/arm/core/libarch__arm__core.a
LOAD zephyr/arch/arch/arm/core/cortex_m/libarch__arm__core__cortex_m.a
LOAD zephyr/arch/arch/arm/core/mpu/libarch__arm__core__mpu.a
LOAD zephyr/lib/libc/newlib/liblib__libc__newlib.a
LOAD zephyr/lib/libc/common/liblib__libc__common.a
LOAD zephyr/lib/posix/c_lib_ext/liblib__posix__c_lib_ext.a
LOAD zephyr/subsys/timing/libsubsys__timing.a
LOAD zephyr/drivers/interrupt_controller/libdrivers__interrupt_controller.a
LOAD zephyr/drivers/adc/libdrivers__adc.a
LOAD zephyr/drivers/clock_control/libdrivers__clock_control.a
LOAD zephyr/drivers/console/libdrivers__console.a
LOAD zephyr/drivers/gpio/libdrivers__gpio.a
LOAD zephyr/drivers/pinctrl/libdrivers__pinctrl.a
LOAD zephyr/drivers/pwm/libdrivers__pwm.a
LOAD zephyr/drivers/reset/libdrivers__reset.a
LOAD zephyr/drivers/serial/libdrivers__serial.a
LOAD zephyr/drivers/timer/libdrivers__timer.a
LOAD modules/hal_stm32/stm32cube/lib..__modules__hal__stm32__stm32cube.a
LOAD zephyr/kernel/libkernel.a
LOAD zephyr/arch/common/libisr_tables.a
LOAD C:/Users/brun0/zephyr-sdk-0.17.4/arm-zephyr-eabi/arm-zephyr-eabi/lib/thumb/v7e-m/nofp\libm.a
LOAD C:/Users/brun0/zephyr-sdk-0.17.4/arm-zephyr-eabi/arm-zephyr-eabi/lib/thumb/v7e-m/nofp\libc.a
LOAD c:/users/brun0/zephyr-sdk-0.17.4/arm-zephyr-eabi/bin/../lib/gcc/arm-zephyr-eabi/12.2.0/thumb/v7e-m/nofp\libgcc.a
LOAD C:/Users/brun0/zephyr-sdk-0.17.4/arm-zephyr-eabi/arm-zephyr-eabi/lib/thumb/v7e-m/nofp\libc.a
                0x0000000000000020                _region_min_align = 0x20

.rel.plt        0x0000000008000000        0x0
 *(SORT_BY_ALIGNMENT(.rel.plt))
                [!provide]                        PROVIDE (__rel_iplt_start = .)
 *(SORT_BY_ALIGNMENT(.rel.iplt))
 .rel.iplt      0x0000000008000000        0x0 zephyr/CMakeFiles/zephyr_final.dir/isr_tables.c.obj
                [!provide]                        PROVIDE (__rel_iplt_end = .)

.rela.plt       0x0000000000000000        0x0
 *(SORT_BY_ALIGNMENT(.rela.plt))
                [!provide]                        PROVIDE (__rela_iplt_start = .)
 *(SORT_BY_ALIGNMENT(.rela.iplt))
                [!provide]                        PROVIDE (__rela_iplt_end = .)

.rel.dyn
 *(SORT_BY_ALIGNMENT(.rel.*))

.rela.dyn
 *(SORT_BY_ALIGNMENT(.rela.*))

/DISCARD/
 *(SORT_BY_ALIGNMENT(.plt))

/DISCARD/
 *(SORT_BY_ALIGNMENT(.iplt))
                0x0000000008000000                __rom_region_start = 0x8000000

rom_start       0x0000000008000000      0x1d8
                0x0000000008000000                __rom_start_address = .
 FILL mask 0x00
                0x0000000008000000                . = (. + (0x0 - (. - __rom_start_address)))
                0x0000000008000000                . = ALIGN (0x4)
                0x0000000008000000                . = ALIGN (0x80)
                0x0000000008000000                . = ALIGN (0x200)
                0x0000000008000000                _vector_start = .
 *(SORT_BY_ALIGNMENT(.exc_vector_table))
 *(SORT_BY_ALIGNMENT(.exc_vector_table.*))
 .exc_vector_table._vector_table_section
                0x0000000008000000       0x40 zephyr/arch/arch/arm/core/cortex_m/libarch__arm__core__cortex_m.a(vector_table.S.obj)
                0x0000000008000000                _vector_table
 *(SORT_BY_ALIGNMENT(.vectors))
                0x00000000080001d8                _vector_end = .
                0x0000000008000040                . = ALIGN (0x4)
 *(SORT_BY_ALIGNMENT(.gnu.linkonce.irq_vector_table*))
 .gnu.linkonce.irq_vector_table
                0x0000000008000040      0x198 zephyr/CMakeFiles/zephyr_final.dir/isr_tables.c.obj
                0x0000000008000040                _irq_vector_table
                0x00000000080001d8                _vector_end = .

text            0x0000000008000200    0x1483c
                0x0000000008000200                __text_region_start = .
 *(SORT_BY_ALIGNMENT(.text))
 .text          0x0000000008000200       0xdc C:/Users/brun0/zephyr-sdk-0.17.4/arm-zephyr-eabi/arm-zephyr-eabi/lib/thumb/v7e-m/nofp\libc.a(lib_a-strlen.o)
                0x0000000008000200                strlen
 *fill*         0x00000000080002dc        0x4 
 .text          0x00000000080002e0      0x2dc C:/Users/brun0/zephyr-sdk-0.17.4/arm-zephyr-eabi/arm-zephyr-eabi/lib/thumb/v7e-m/nofp\libc.a(lib_a-strcmp.o)
                0x00000000080002e8                strcmp
 *fill*         0x00000000080005bc        0x4 
 .text          0x00000000080005c0       0xa0 C:/Users/brun0/zephyr-sdk-0.17.4/arm-zephyr-eabi/arm-zephyr-eabi/lib/thumb/v7e-m/nofp\libc.a(lib_a-memchr.o)
                0x00000000080005c0                memchr
 .text          0x0000000008000660      0x134 C:/Users/brun0/zephyr-sdk-0.17.4/arm-zephyr-eabi/arm-zephyr-eabi/lib/thumb/v7e-m/nofp\libc.a(lib_a-memcpy.o)
                0x0000000008000660                memcpy
 .text          0x0000000008000794      0x378 c:/users/brun0/zephyr-sdk-0.17.4/arm-zephyr-eabi/bin/../lib/gcc/arm-zephyr-eabi/12.2.0/thumb/v7e-m/nofp\libgcc.a(_arm_addsubdf3.o)
                0x0000000008000794                __aeabi_drsub
                0x000000000800079c                __aeabi_dsub
                0x000000000800079c                __subdf3
                0x00000000080007a0                __aeabi_dadd
                0x00000000080007a0                __adddf3
                0x0000000008000a18                __floatunsidf
                0x0000000008000a18                __aeabi_ui2d
                0x0000000008000a38                __floatsidf
                0x0000000008000a38                __aeabi_i2d
                0x0000000008000a5c                __aeabi_f2d
                0x0000000008000a5c                __extendsfdf2
                0x0000000008000aa0                __floatundidf
                0x0000000008000aa0                __aeabi_ul2d
                0x0000000008000ab0                __floatdidf
                0x0000000008000ab0                __aeabi_l2d
 .text          0x0000000008000b0c      0x424 c:/users/brun0/zephyr-sdk-0.17.4/arm-zephyr-eabi/bin/../lib/gcc/arm-zephyr-eabi/12.2.0/thumb/v7e-m/nofp\libgcc.a(_arm_muldivdf3.o)
                0x0000000008000b0c                __aeabi_dmul
                0x0000000008000b0c                __muldf3
                0x0000000008000d60                __divdf3
                0x0000000008000d60                __aeabi_ddiv
 .text          0x0000000008000f30      0x110 c:/users/brun0/zephyr-sdk-0.17.4/arm-zephyr-eabi/bin/../lib/gcc/arm-zephyr-eabi/12.2.0/thumb/v7e-m/nofp\libgcc.a(_arm_cmpdf2.o)
                0x0000000008000f30                __gtdf2
                0x0000000008000f30                __gedf2
                0x0000000008000f38                __ltdf2
                0x0000000008000f38                __ledf2
                0x0000000008000f40                __nedf2
                0x0000000008000f40                __eqdf2
                0x0000000008000f40                __cmpdf2
                0x0000000008000fbc                __aeabi_cdrcmple
                0x0000000008000fcc                __aeabi_cdcmpeq
                0x0000000008000fcc                __aeabi_cdcmple
                0x0000000008000fdc                __aeabi_dcmpeq
                0x0000000008000ff0                __aeabi_dcmplt
                0x0000000008001004                __aeabi_dcmple
                0x0000000008001018                __aeabi_dcmpge
                0x000000000800102c                __aeabi_dcmpgt
 .text          0x0000000008001040       0x2c c:/users/brun0/zephyr-sdk-0.17.4/arm-zephyr-eabi/bin/../lib/gcc/arm-zephyr-eabi/12.2.0/thumb/v7e-m/nofp\libgcc.a(_arm_unorddf2.o)
                0x0000000008001040                __unorddf2
                0x0000000008001040                __aeabi_dcmpun
 .text          0x000000000800106c       0x50 c:/users/brun0/zephyr-sdk-0.17.4/arm-zephyr-eabi/bin/../lib/gcc/arm-zephyr-eabi/12.2.0/thumb/v7e-m/nofp\libgcc.a(_arm_fixdfsi.o)
                0x000000000800106c                __aeabi_d2iz
                0x000000000800106c                __fixdfsi
 .text          0x00000000080010bc      0x21c c:/users/brun0/zephyr-sdk-0.17.4/arm-zephyr-eabi/bin/../lib/gcc/arm-zephyr-eabi/12.2.0/thumb/v7e-m/nofp\libgcc.a(_arm_addsubsf3.o)
                0x00000000080010bc                __aeabi_frsub
                0x00000000080010c4                __subsf3
                0x00000000080010c4                __aeabi_fsub
                0x00000000080010c8                __aeabi_fadd
                0x00000000080010c8                __addsf3
                0x0000000008001228                __aeabi_ui2f
                0x0000000008001228                __floatunsisf
                0x0000000008001230                __aeabi_i2f
                0x0000000008001230                __floatsisf
                0x000000000800124c                __aeabi_ul2f
                0x000000000800124c                __floatundisf
                0x000000000800125c                __aeabi_l2f
                0x000000000800125c                __floatdisf
 .text          0x00000000080012d8      0x2a0 c:/users/brun0/zephyr-sdk-0.17.4/arm-zephyr-eabi/bin/../lib/gcc/arm-zephyr-eabi/12.2.0/thumb/v7e-m/nofp\libgcc.a(_arm_muldivsf3.o)
                0x00000000080012d8                __mulsf3
                0x00000000080012d8                __aeabi_fmul
                0x0000000008001440                __aeabi_fdiv
                0x0000000008001440                __divsf3
 .text          0x0000000008001578       0x4c c:/users/brun0/zephyr-sdk-0.17.4/arm-zephyr-eabi/bin/../lib/gcc/arm-zephyr-eabi/12.2.0/thumb/v7e-m/nofp\libgcc.a(_arm_fixsfsi.o)
                0x0000000008001578                __aeabi_f2iz
                0x0000000008001578                __fixsfsi
 .text          0x00000000080015c4       0xa0 c:/users/brun0/zephyr-sdk-0.17.4/arm-zephyr-eabi/bin/../lib/gcc/arm-zephyr-eabi/12.2.0/thumb/v7e-m/nofp\libgcc.a(_aeabi_ldivmod.o)
                0x00000000080015c4                __aeabi_ldivmod
 .text          0x0000000008001664       0x30 c:/users/brun0/zephyr-sdk-0.17.4/arm-zephyr-eabi/bin/../lib/gcc/arm-zephyr-eabi/12.2.0/thumb/v7e-m/nofp\libgcc.a(_aeabi_uldivmod.o)
                0x0000000008001664                __aeabi_uldivmod
 .text          0x0000000008001694        0x4 c:/users/brun0/zephyr-sdk-0.17.4/arm-zephyr-eabi/bin/../lib/gcc/arm-zephyr-eabi/12.2.0/thumb/v7e-m/nofp\libgcc.a(_dvmd_tls.o)
                0x0000000008001694                __aeabi_idiv0
                0x0000000008001694                __aeabi_ldiv0
 .text          0x0000000008001698       0x26 c:/users/brun0/zephyr-sdk-0.17.4/arm-zephyr-eabi/bin/../lib/gcc/arm-zephyr-eabi/12.2.0/thumb/v7e-m/nofp\libgcc.a(_popcountsi2.o)
                0x0000000008001698                __popcountsi2
 .text          0x00000000080016be      0x2a0 c:/users/brun0/zephyr-sdk-0.17.4/arm-zephyr-eabi/bin/../lib/gcc/arm-zephyr-eabi/12.2.0/thumb/v7e-m/nofp\libgcc.a(_udivmoddi4.o)
                0x00000000080016be                __udivmoddi4
 *(SORT_BY_ALIGNMENT(.text.*))
 *fill*         0x000000000800195e        0x2 
 .text.servomotor_thread
                0x0000000008001960      0x160 app/libapp.a(main.c.obj)
                0x0000000008001960                servomotor_thread
 .text.cmd_kernel_uptime
                0x0000000008001ac0       0xe0 zephyr/libzephyr.a(uptime.c.obj)
 .text._dtoa_r  0x0000000008001ba0      0xe48 C:/Users/brun0/zephyr-sdk-0.17.4/arm-zephyr-eabi/arm-zephyr-eabi/lib/thumb/v7e-m/nofp\libc.a(lib_a-dtoa.o)
                0x0000000008001ba0                _dtoa_r
 .text.led_thread.part.0
                0x00000000080029e8       0x24 app/libapp.a(main.c.obj)
 .text.button_pressed.part.0
                0x0000000008002a0c       0x20 app/libapp.a(main.c.obj)
 .text.button_pressed
                0x0000000008002a2c       0x34 app/libapp.a(main.c.obj)
                0x0000000008002a2c                button_pressed
 .text.button_thread
                0x0000000008002a60       0xd4 app/libapp.a(main.c.obj)
                0x0000000008002a60                button_thread
 .text.led_thread
                0x0000000008002b34       0x48 app/libapp.a(main.c.obj)
                0x0000000008002b34                led_thread
 .text.init_adc
                0x0000000008002b7c       0x98 app/libapp.a(main.c.obj)
                0x0000000008002b7c                init_adc
 .text.read_adc
                0x0000000008002c14       0x5c app/libapp.a(main.c.obj)
                0x0000000008002c14                read_adc
 .text.adc_work_handler
                0x0000000008002c70       0x48 app/libapp.a(main.c.obj)
                0x0000000008002c70                adc_work_handler
 .text.main     0x0000000008002cb8       0x5c app/libapp.a(main.c.obj)
                0x0000000008002cb8                main
 .text.cmd_threads
                0x0000000008002d14       0x24 app/libapp.a(shell_cmds.c.obj)
 .text.cmd_runtime
                0x0000000008002d38       0x24 app/libapp.a(shell_cmds.c.obj)
 .text.cmd_rtinfo
                0x0000000008002d5c       0x24 app/libapp.a(shell_cmds.c.obj)
 .text.rtinfo_cb
                0x0000000008002d80       0x60 app/libapp.a(shell_cmds.c.obj)
 .text.cmd_heap
                0x0000000008002de0       0x44 app/libapp.a(shell_cmds.c.obj)
 .text.runtime_cb
                0x0000000008002e24       0x58 app/libapp.a(shell_cmds.c.obj)
 .text.thread_info_cb
                0x0000000008002e7c       0x44 app/libapp.a(shell_cmds.c.obj)
 .text.cbvprintf_package
                0x0000000008002ec0      0x3a4 zephyr/libzephyr.a(cbprintf_packaged.c.obj)
                0x0000000008002ec0                cbvprintf_package
 .text.cbprintf_package_convert
                0x0000000008003264      0x3d4 zephyr/libzephyr.a(cbprintf_packaged.c.obj)
                0x0000000008003264                cbprintf_package_convert
 .text.z_impl_sys_clock_getrtoffset
                0x0000000008003638       0x28 zephyr/libzephyr.a(clock.c.obj)
                0x0000000008003638                z_impl_sys_clock_getrtoffset
 .text.sys_clock_gettime
                0x0000000008003660       0x6c zephyr/libzephyr.a(clock.c.obj)
                0x0000000008003660                sys_clock_gettime
 .text.z_impl_sys_clock_settime
                0x00000000080036cc       0x78 zephyr/libzephyr.a(clock.c.obj)
                0x00000000080036cc                z_impl_sys_clock_settime
 .text.__printk_hook_install
                0x0000000008003744        0xc zephyr/libzephyr.a(printk.c.obj)
                0x0000000008003744                __printk_hook_install
 .text.vsnprintk
                0x0000000008003750       0x2c zephyr/libzephyr.a(printk.c.obj)
                0x0000000008003750                vsnprintk
 .text.extract_decimal
                0x000000000800377c       0x2c zephyr/libzephyr.a(cbprintf_complete.c.obj)
 .text.encode_uint
                0x00000000080037a8       0x9c zephyr/libzephyr.a(cbprintf_complete.c.obj)
 .text.z_cbvprintf_impl
                0x0000000008003844      0x76c zephyr/libzephyr.a(cbprintf_complete.c.obj)
                0x0000000008003844                z_cbvprintf_impl
 .text.timeutil_timegm64
                0x0000000008003fb0       0xf0 zephyr/libzephyr.a(timeutil.c.obj)
                0x0000000008003fb0                timeutil_timegm64
 .text.timespec_normalize
                0x00000000080040a0       0x90 zephyr/libzephyr.a(timeutil.c.obj)
                0x00000000080040a0                timespec_normalize
 .text.sys_getopt_init
                0x0000000008004130       0x48 zephyr/libzephyr.a(getopt.c.obj)
                0x0000000008004130                sys_getopt_init
 .text.sys_getopt
                0x0000000008004178       0xf8 zephyr/libzephyr.a(getopt.c.obj)
                0x0000000008004178                sys_getopt
 .text.z_getopt_global_state_update
                0x0000000008004270       0x38 zephyr/libzephyr.a(getopt_common.c.obj)
                0x0000000008004270                z_getopt_global_state_update
 .text.sys_getopt_state_get
                0x00000000080042a8        0x8 zephyr/libzephyr.a(getopt_common.c.obj)
                0x00000000080042a8                sys_getopt_state_get
 .text.st_stm32_common_config
                0x00000000080042b0       0x14 zephyr/libzephyr.a(soc_config.c.obj)
 .text.soc_early_init_hook
                0x00000000080042c4       0x68 zephyr/libzephyr.a(soc.c.obj)
                0x00000000080042c4                soc_early_init_hook
 .text.activate_foreach_backend
                0x000000000800432c       0x64 zephyr/libzephyr.a(log_core.c.obj)
 .text.enable_logger
                0x0000000008004390       0x5c zephyr/libzephyr.a(log_core.c.obj)
 .text.log_process_thread_timer_expiry_fn
                0x00000000080043ec        0xc zephyr/libzephyr.a(log_core.c.obj)
 .text.z_log_init
                0x00000000080043f8       0x94 zephyr/libzephyr.a(log_core.c.obj)
 .text.log_set_timestamp_func
                0x000000000800448c       0x20 zephyr/libzephyr.a(log_core.c.obj)
                0x000000000800448c                log_set_timestamp_func
 .text.z_log_notify_backend_enabled
                0x00000000080044ac       0x1c zephyr/libzephyr.a(log_core.c.obj)
                0x00000000080044ac                z_log_notify_backend_enabled
 .text.z_log_dropped
                0x00000000080044c8       0x44 zephyr/libzephyr.a(log_core.c.obj)
                0x00000000080044c8                z_log_dropped
 .text.z_log_dropped_read_and_clear
                0x000000000800450c       0x20 zephyr/libzephyr.a(log_core.c.obj)
                0x000000000800450c                z_log_dropped_read_and_clear
 .text.dropped_notify
                0x000000000800452c       0x30 zephyr/libzephyr.a(log_core.c.obj)
                0x000000000800452c                dropped_notify
 .text.z_log_msg_init
                0x000000000800455c       0x20 zephyr/libzephyr.a(log_core.c.obj)
                0x000000000800455c                z_log_msg_init
 .text.log_core_init
                0x000000000800457c       0x54 zephyr/libzephyr.a(log_core.c.obj)
                0x000000000800457c                log_core_init
 .text.z_log_msg_alloc
                0x00000000080045d0       0x10 zephyr/libzephyr.a(log_core.c.obj)
                0x00000000080045d0                z_log_msg_alloc
 .text.z_log_msg_local_claim
                0x00000000080045e0        0xc zephyr/libzephyr.a(log_core.c.obj)
                0x00000000080045e0                z_log_msg_local_claim
 .text.z_log_msg_free
                0x00000000080045ec       0x10 zephyr/libzephyr.a(log_core.c.obj)
                0x00000000080045ec                z_log_msg_free
 .text.z_log_msg_pending
                0x00000000080045fc        0xc zephyr/libzephyr.a(log_core.c.obj)
                0x00000000080045fc                z_log_msg_pending
 .text.z_impl_log_process
                0x0000000008004608       0xe8 zephyr/libzephyr.a(log_core.c.obj)
                0x0000000008004608                z_impl_log_process
 .text.z_impl_log_panic
                0x00000000080046f0       0x44 zephyr/libzephyr.a(log_core.c.obj)
                0x00000000080046f0                z_impl_log_panic
 .text.log_process_thread_func
                0x0000000008004734       0x9c zephyr/libzephyr.a(log_core.c.obj)
 .text.z_log_msg_post_finalize
                0x00000000080047d0       0x78 zephyr/libzephyr.a(log_core.c.obj)
 .text.z_log_msg_commit
                0x0000000008004848       0x24 zephyr/libzephyr.a(log_core.c.obj)
                0x0000000008004848                z_log_msg_commit
 .text.log_source_name_get
                0x000000000800486c       0x1c zephyr/libzephyr.a(log_mgmt.c.obj)
                0x000000000800486c                log_source_name_get
 .text.z_log_runtime_filters_init
                0x0000000008004888       0x3c zephyr/libzephyr.a(log_mgmt.c.obj)
                0x0000000008004888                z_log_runtime_filters_init
 .text.log_source_id_get
                0x00000000080048c4       0x38 zephyr/libzephyr.a(log_mgmt.c.obj)
                0x00000000080048c4                log_source_id_get
 .text.filter_set
                0x00000000080048fc       0xbc zephyr/libzephyr.a(log_mgmt.c.obj)
                0x00000000080048fc                filter_set
 .text.backend_filter_set
                0x00000000080049b8       0x30 zephyr/libzephyr.a(log_mgmt.c.obj)
 .text.log_filter_get
                0x00000000080049e8       0x4c zephyr/libzephyr.a(log_mgmt.c.obj)
                0x00000000080049e8                log_filter_get
 .text.z_impl_z_log_msg_static_create
                0x0000000008004a34      0x110 zephyr/libzephyr.a(log_msg.c.obj)
                0x0000000008004a34                z_impl_z_log_msg_static_create
 .text.z_log_msg_runtime_vcreate
                0x0000000008004b44       0xb0 zephyr/libzephyr.a(log_msg.c.obj)
                0x0000000008004b44                z_log_msg_runtime_vcreate
 .text.log_msg_get_source_id
                0x0000000008004bf4       0x18 zephyr/libzephyr.a(log_msg.c.obj)
                0x0000000008004bf4                log_msg_get_source_id
 .text.print_formatted
                0x0000000008004c0c       0x24 zephyr/libzephyr.a(log_output.c.obj)
 .text.newline_print
                0x0000000008004c30       0x1c zephyr/libzephyr.a(log_output.c.obj)
 .text.log_output_process
                0x0000000008004c4c      0x2dc zephyr/libzephyr.a(log_output.c.obj)
                0x0000000008004c4c                log_output_process
 .text.log_output_dropped_process
                0x0000000008004f28       0x58 zephyr/libzephyr.a(log_output.c.obj)
                0x0000000008004f28                log_output_dropped_process
 .text.log_output_timestamp_freq_set
                0x0000000008004f80       0x2c zephyr/libzephyr.a(log_output.c.obj)
                0x0000000008004f80                log_output_timestamp_freq_set
 .text.mem_attr_get_regions
                0x0000000008004fac        0xc zephyr/libzephyr.a(mem_attr.c.obj)
                0x0000000008004fac                mem_attr_get_regions
 .text.cmd_kernel_cycles
                0x0000000008004fb8       0x1c zephyr/libzephyr.a(cycles.c.obj)
 .text.cmd_kernel_sleep
                0x0000000008004fd4       0x40 zephyr/libzephyr.a(sleep.c.obj)
 .text.cmd_kernel_version
                0x0000000008005014       0x18 zephyr/libzephyr.a(version.c.obj)
 .text.cmd_kernel_log_level_set
                0x000000000800502c       0x84 zephyr/libzephyr.a(log-level.c.obj)
 .text.z_thread_is_valid
                0x00000000080050b0       0x20 zephyr/libzephyr.a(thread.c.obj)
                0x00000000080050b0                z_thread_is_valid
 .text.cmd_kernel_thread_list
                0x00000000080050d0       0x34 zephyr/libzephyr.a(list.c.obj)
 .text.shell_tdata_dump
                0x0000000008005104      0x108 zephyr/libzephyr.a(list.c.obj)
 .text.cmd_kernel_thread_stacks
                0x000000000800520c       0x70 zephyr/libzephyr.a(stacks.c.obj)
 .text.shell_stack_dump
                0x000000000800527c       0x60 zephyr/libzephyr.a(stacks.c.obj)
 .text.cmd_kernel_thread_suspend
                0x00000000080052dc       0x5c zephyr/libzephyr.a(suspend.c.obj)
 .text.cmd_kernel_thread_resume
                0x0000000008005338       0x5c zephyr/libzephyr.a(resume.c.obj)
 .text.cmd_kernel_thread_kill
                0x0000000008005394       0x5c zephyr/libzephyr.a(kill.c.obj)
 .text.device_name_lookup
                0x00000000080053f0       0x20 zephyr/libzephyr.a(device_service.c.obj)
 .text.device_name_get_non_ready
                0x0000000008005410       0x20 zephyr/libzephyr.a(device_service.c.obj)
 .text.cmd_device_init
                0x0000000008005430       0x64 zephyr/libzephyr.a(device_service.c.obj)
 .text.cmd_device_list
                0x0000000008005494       0xec zephyr/libzephyr.a(device_service.c.obj)
 .text.date_print
                0x0000000008005580       0x2c zephyr/libzephyr.a(date_service.c.obj)
 .text.get_h_m_s
                0x00000000080055ac       0x98 zephyr/libzephyr.a(date_service.c.obj)
 .text.cmd_date_set
                0x0000000008005644      0x10c zephyr/libzephyr.a(date_service.c.obj)
 .text.cmd_devmem
                0x0000000008005750       0xd0 zephyr/libzephyr.a(devmem_service.c.obj)
 .text.cmd_dump
                0x0000000008005820      0x178 zephyr/libzephyr.a(devmem_service.c.obj)
 .text.set_bypass.isra.0
                0x0000000008005998       0x4c zephyr/libzephyr.a(devmem_service.c.obj)
 .text.bypass_cb
                0x00000000080059e4      0x118 zephyr/libzephyr.a(devmem_service.c.obj)
 .text.cmd_load
                0x0000000008005afc       0xd8 zephyr/libzephyr.a(devmem_service.c.obj)
 .text.enable_shell_uart
                0x0000000008005bd4       0x38 zephyr/libzephyr.a(shell_uart.c.obj)
 .text.init     0x0000000008005c0c       0x54 zephyr/libzephyr.a(shell_uart.c.obj)
 .text.uart_callback
                0x0000000008005c60      0x134 zephyr/libzephyr.a(shell_uart.c.obj)
 .text.shell_internal_help_print
                0x0000000008005d94       0x20 zephyr/libzephyr.a(shell.c.obj)
 .text.z_cursor_next_line_move.isra.0
                0x0000000008005db4        0xc zephyr/libzephyr.a(shell.c.obj)
 .text.execute  0x0000000008005dc0      0x2b8 zephyr/libzephyr.a(shell.c.obj)
 .text.history_handle
                0x0000000008006078       0xac zephyr/libzephyr.a(shell.c.obj)
 .text.state_set.constprop.0
                0x0000000008006124       0x4c zephyr/libzephyr.a(shell.c.obj)
 .text.shell_process
                0x0000000008006170      0x704 zephyr/libzephyr.a(shell.c.obj)
                0x0000000008006170                shell_process
 .text.shell_thread
                0x0000000008006874       0xa4 zephyr/libzephyr.a(shell.c.obj)
                0x0000000008006874                shell_thread
 .text.cmd_help
                0x0000000008006918       0x44 zephyr/libzephyr.a(shell.c.obj)
 .text.shell_hexdump_line
                0x000000000800695c       0xd0 zephyr/libzephyr.a(shell.c.obj)
                0x000000000800695c                shell_hexdump_line
 .text.shell_init
                0x0000000008006a2c       0xc8 zephyr/libzephyr.a(shell.c.obj)
                0x0000000008006a2c                shell_init
 .text.z_shell_fprintf_fmt
                0x0000000008006af4       0x30 zephyr/libzephyr.a(shell_fprintf.c.obj)
                0x0000000008006af4                z_shell_fprintf_fmt
 .text.z_shell_make_argv
                0x0000000008006b24      0x1b8 zephyr/libzephyr.a(shell_utils.c.obj)
                0x0000000008006b24                z_shell_make_argv
 .text.z_shell_cmd_get
                0x0000000008006cdc       0x74 zephyr/libzephyr.a(shell_utils.c.obj)
                0x0000000008006cdc                z_shell_cmd_get
 .text.z_shell_spaces_trim
                0x0000000008006d50       0x6c zephyr/libzephyr.a(shell_utils.c.obj)
                0x0000000008006d50                z_shell_spaces_trim
 .text.z_shell_cmd_trim
                0x0000000008006dbc       0x7c zephyr/libzephyr.a(shell_utils.c.obj)
                0x0000000008006dbc                z_shell_cmd_trim
 .text.z_clear_eos
                0x0000000008006e38       0x18 zephyr/libzephyr.a(shell_ops.c.obj)
 .text.z_cursor_next_line_move.isra.0
                0x0000000008006e50        0xc zephyr/libzephyr.a(shell_ops.c.obj)
 .text.z_shell_op_cursor_vert_move
                0x0000000008006e5c       0x2c zephyr/libzephyr.a(shell_ops.c.obj)
                0x0000000008006e5c                z_shell_op_cursor_vert_move
 .text.z_shell_op_cursor_horiz_move
                0x0000000008006e88       0x2c zephyr/libzephyr.a(shell_ops.c.obj)
                0x0000000008006e88                z_shell_op_cursor_horiz_move
 .text.z_shell_op_cursor_word_move
                0x0000000008006eb4       0x7c zephyr/libzephyr.a(shell_ops.c.obj)
                0x0000000008006eb4                z_shell_op_cursor_word_move
 .text.z_shell_print_cmd
                0x0000000008006f30       0x78 zephyr/libzephyr.a(shell_ops.c.obj)
                0x0000000008006f30                z_shell_print_cmd
 .text.z_shell_vt100_color_set
                0x0000000008006fa8       0x40 zephyr/libzephyr.a(shell_ops.c.obj)
                0x0000000008006fa8                z_shell_vt100_color_set
 .text.z_shell_vt100_colors_restore
                0x0000000008006fe8       0x3c zephyr/libzephyr.a(shell_ops.c.obj)
                0x0000000008006fe8                z_shell_vt100_colors_restore
 .text.z_shell_op_word_remove
                0x0000000008007024       0xc8 zephyr/libzephyr.a(shell_ops.c.obj)
                0x0000000008007024                z_shell_op_word_remove
 .text.reprint_from_cursor
                0x00000000080070ec       0xe0 zephyr/libzephyr.a(shell_ops.c.obj)
 .text.z_shell_op_char_insert
                0x00000000080071cc       0x70 zephyr/libzephyr.a(shell_ops.c.obj)
                0x00000000080071cc                z_shell_op_char_insert
 .text.z_shell_print_prompt_and_cmd
                0x000000000800723c       0x30 zephyr/libzephyr.a(shell_ops.c.obj)
                0x000000000800723c                z_shell_print_prompt_and_cmd
 .text.z_cursor_next_line_move.isra.0
                0x000000000800726c        0xc zephyr/libzephyr.a(shell_help.c.obj)
 .text.formatted_text_print.constprop.0
                0x0000000008007278       0xd4 zephyr/libzephyr.a(shell_help.c.obj)
 .text.formatted_structured_help_print
                0x000000000800734c       0x40 zephyr/libzephyr.a(shell_help.c.obj)
 .text.z_shell_help_subcmd_print
                0x000000000800738c       0xf0 zephyr/libzephyr.a(shell_help.c.obj)
                0x000000000800738c                z_shell_help_subcmd_print
 .text.z_shell_help_cmd_print
                0x000000000800747c       0x64 zephyr/libzephyr.a(shell_help.c.obj)
                0x000000000800747c                z_shell_help_cmd_print
 .text.z_shell_help_request
                0x00000000080074e0       0x28 zephyr/libzephyr.a(shell_help.c.obj)
                0x00000000080074e0                z_shell_help_request
 .text.cmd_resize_default
                0x0000000008007508       0x2c zephyr/libzephyr.a(shell_cmds.c.obj)
 .text.cmd_shell_stats_show
                0x0000000008007534       0x14 zephyr/libzephyr.a(shell_cmds.c.obj)
 .text.cmd_backends
                0x0000000008007548       0x4c zephyr/libzephyr.a(shell_cmds.c.obj)
 .text.cmd_prompt_off
                0x0000000008007594       0x10 zephyr/libzephyr.a(shell_cmds.c.obj)
 .text.cmd_history
                0x00000000080075a4       0x40 zephyr/libzephyr.a(shell_cmds.c.obj)
 .text.cmd_get_retval
                0x00000000080075e4       0x1c zephyr/libzephyr.a(shell_cmds.c.obj)
 .text.cmd_echo
                0x0000000008007600       0x50 zephyr/libzephyr.a(shell_cmds.c.obj)
 .text.cmd_clear
                0x0000000008007650       0x34 zephyr/libzephyr.a(shell_cmds.c.obj)
 .text.cmd_resize
                0x0000000008007684      0x1a0 zephyr/libzephyr.a(shell_cmds.c.obj)
 .text.z_shell_wildcard_process
                0x0000000008007824       0xe4 zephyr/libzephyr.a(shell_wildcard.c.obj)
                0x0000000008007824                z_shell_wildcard_process
 .text.arch_bss_zero
                0x0000000008007908       0x18 zephyr/arch/common/libarch__common.a(init.c.obj)
                0x0000000008007908                arch_bss_zero
 .text.arch_data_copy
                0x0000000008007920       0x38 zephyr/arch/common/libarch__common.a(xip.c.obj)
                0x0000000008007920                arch_data_copy
 .text.z_arm_fatal_error
                0x0000000008007958       0xe0 zephyr/arch/arch/arm/core/libarch__arm__core.a(fatal.c.obj)
                0x0000000008007958                z_arm_fatal_error
 .text.z_SysNmiOnReset
                0x0000000008007a38        0x8 zephyr/arch/arch/arm/core/libarch__arm__core.a(nmi_on_reset.S.obj)
                0x0000000008007a38                z_SysNmiOnReset
 .text._HandlerModeExit
                0x0000000008007a40       0x20 zephyr/arch/arch/arm/core/cortex_m/libarch__arm__core__cortex_m.a(exc_exit.c.obj)
                0x0000000008007a40                z_arm_int_exit
                0x0000000008007a40                z_arm_exc_exit
 .text.bus_fault.constprop.0
                0x0000000008007a60      0x108 zephyr/arch/arch/arm/core/cortex_m/libarch__arm__core__cortex_m.a(fault.c.obj)
 .text.usage_fault.constprop.0
                0x0000000008007b68       0xdc zephyr/arch/arch/arm/core/cortex_m/libarch__arm__core__cortex_m.a(fault.c.obj)
 .text.mem_manage_fault
                0x0000000008007c44      0x140 zephyr/arch/arch/arm/core/cortex_m/libarch__arm__core__cortex_m.a(fault.c.obj)
 .text.z_arm_fault
                0x0000000008007d84      0x20c zephyr/arch/arch/arm/core/cortex_m/libarch__arm__core__cortex_m.a(fault.c.obj)
                0x0000000008007d84                z_arm_fault
 .text.z_arm_fault_init
                0x0000000008007f90       0x18 zephyr/arch/arch/arm/core/cortex_m/libarch__arm__core__cortex_m.a(fault.c.obj)
                0x0000000008007f90                z_arm_fault_init
 .text.__fault  0x0000000008007fa8       0x14 zephyr/arch/arch/arm/core/cortex_m/libarch__arm__core__cortex_m.a(fault_s.S.obj)
                0x0000000008007fa8                z_arm_usage_fault
                0x0000000008007fa8                z_arm_mpu_fault
                0x0000000008007fa8                z_arm_exc_spurious
                0x0000000008007fa8                z_arm_debug_monitor
                0x0000000008007fa8                z_arm_hard_fault
                0x0000000008007fa8                z_arm_bus_fault
 .text._reset_section
                0x0000000008007fbc       0x44 zephyr/arch/arch/arm/core/cortex_m/libarch__arm__core__cortex_m.a(reset.S.obj)
                0x0000000008007fbc                __start
                0x0000000008007fbc                z_arm_reset
 .text.z_impl_k_thread_abort
                0x0000000008008000       0x2c zephyr/arch/arch/arm/core/cortex_m/libarch__arm__core__cortex_m.a(thread_abort.c.obj)
                0x0000000008008000                z_impl_k_thread_abort
 .text.z_arm_pendsv
                0x000000000800802c       0x6c zephyr/arch/arch/arm/core/cortex_m/libarch__arm__core__cortex_m.a(swap_helper.S.obj)
                0x000000000800802c                z_arm_pendsv
 .text.z_arm_svc
                0x0000000008008098       0x24 zephyr/arch/arch/arm/core/cortex_m/libarch__arm__core__cortex_m.a(swap_helper.S.obj)
                0x0000000008008098                z_arm_svc
 .text.arm_irq_enable
                0x00000000080080bc       0x1c zephyr/arch/arch/arm/core/cortex_m/libarch__arm__core__cortex_m.a(irq_manage.c.obj)
                0x00000000080080bc                arm_irq_enable
 .text.arm_irq_priority_set
                0x00000000080080d8       0x30 zephyr/arch/arch/arm/core/cortex_m/libarch__arm__core__cortex_m.a(irq_manage.c.obj)
                0x00000000080080d8                arm_irq_priority_set
 .text.relocate_vector_table
                0x0000000008008108       0x1c zephyr/arch/arch/arm/core/cortex_m/libarch__arm__core__cortex_m.a(prep_c.c.obj)
                0x0000000008008108                relocate_vector_table
 .text.z_prep_c
                0x0000000008008124       0x38 zephyr/arch/arch/arm/core/cortex_m/libarch__arm__core__cortex_m.a(prep_c.c.obj)
                0x0000000008008124                z_prep_c
 .text.arch_new_thread
                0x000000000800815c       0x38 zephyr/arch/arch/arm/core/cortex_m/libarch__arm__core__cortex_m.a(thread.c.obj)
                0x000000000800815c                arch_new_thread
 .text.z_check_thread_stack_fail
                0x0000000008008194       0x30 zephyr/arch/arch/arm/core/cortex_m/libarch__arm__core__cortex_m.a(thread.c.obj)
                0x0000000008008194                z_check_thread_stack_fail
 .text.arch_switch_to_main_thread
                0x00000000080081c4       0x3c zephyr/arch/arch/arm/core/cortex_m/libarch__arm__core__cortex_m.a(thread.c.obj)
                0x00000000080081c4                arch_switch_to_main_thread
 .text.z_arm_cpu_idle_init
                0x0000000008008200        0xc zephyr/arch/arch/arm/core/cortex_m/libarch__arm__core__cortex_m.a(cpu_idle.c.obj)
                0x0000000008008200                z_arm_cpu_idle_init
 .text.z_arm_interrupt_init
                0x000000000800820c       0x18 zephyr/arch/arch/arm/core/cortex_m/libarch__arm__core__cortex_m.a(irq_init.c.obj)
                0x000000000800820c                z_arm_interrupt_init
 .text._isr_wrapper
                0x0000000008008224       0x24 zephyr/arch/arch/arm/core/cortex_m/libarch__arm__core__cortex_m.a(isr_wrapper.c.obj)
                0x0000000008008224                _isr_wrapper
 .text.arch_timing_init
                0x0000000008008248       0x28 zephyr/arch/arch/arm/core/cortex_m/libarch__arm__core__cortex_m.a(timing.c.obj)
                0x0000000008008248                arch_timing_init
 .text.arch_timing_start
                0x0000000008008270       0x14 zephyr/arch/arch/arm/core/cortex_m/libarch__arm__core__cortex_m.a(timing.c.obj)
                0x0000000008008270                arch_timing_start
 .text.arch_timing_counter_get
                0x0000000008008284        0xc zephyr/arch/arch/arm/core/cortex_m/libarch__arm__core__cortex_m.a(timing.c.obj)
                0x0000000008008284                arch_timing_counter_get
 .text.z_arm_configure_static_mpu_regions
                0x0000000008008290       0x18 zephyr/arch/arch/arm/core/mpu/libarch__arm__core__mpu.a(arm_core_mpu.c.obj)
                0x0000000008008290                z_arm_configure_static_mpu_regions
 .text.z_arm_configure_dynamic_mpu_regions
                0x00000000080082a8       0x24 zephyr/arch/arch/arm/core/mpu/libarch__arm__core__mpu.a(arm_core_mpu.c.obj)
                0x00000000080082a8                z_arm_configure_dynamic_mpu_regions
 .text.region_allocate_and_init
                0x00000000080082cc       0x58 zephyr/arch/arch/arm/core/mpu/libarch__arm__core__mpu.a(arm_mpu.c.obj)
 .text.mpu_configure_regions
                0x0000000008008324       0x70 zephyr/arch/arch/arm/core/mpu/libarch__arm__core__mpu.a(arm_mpu.c.obj)
 .text.arm_core_mpu_enable
                0x0000000008008394       0x18 zephyr/arch/arch/arm/core/mpu/libarch__arm__core__mpu.a(arm_mpu.c.obj)
                0x0000000008008394                arm_core_mpu_enable
 .text.arm_core_mpu_disable
                0x00000000080083ac       0x14 zephyr/arch/arch/arm/core/mpu/libarch__arm__core__mpu.a(arm_mpu.c.obj)
                0x00000000080083ac                arm_core_mpu_disable
 .text.arm_core_mpu_configure_static_mpu_regions
                0x00000000080083c0       0x14 zephyr/arch/arch/arm/core/mpu/libarch__arm__core__mpu.a(arm_mpu.c.obj)
                0x00000000080083c0                arm_core_mpu_configure_static_mpu_regions
 .text.arm_core_mpu_configure_dynamic_mpu_regions
                0x00000000080083d4       0x38 zephyr/arch/arch/arm/core/mpu/libarch__arm__core__mpu.a(arm_mpu.c.obj)
                0x00000000080083d4                arm_core_mpu_configure_dynamic_mpu_regions
 .text.z_arm_mpu_init
                0x000000000800840c      0x17c zephyr/arch/arch/arm/core/mpu/libarch__arm__core__mpu.a(arm_mpu.c.obj)
                0x000000000800840c                z_arm_mpu_init
 .text.__stdout_hook_install
                0x0000000008008588        0xc zephyr/lib/libc/newlib/liblib__libc__newlib.a(libc-hooks.c.obj)
                0x0000000008008588                __stdout_hook_install
 .text.z_impl_zephyr_read_stdin
                0x0000000008008594       0x28 zephyr/lib/libc/newlib/liblib__libc__newlib.a(libc-hooks.c.obj)
                0x0000000008008594                z_impl_zephyr_read_stdin
 .text.z_impl_zephyr_write_stdout
                0x00000000080085bc       0x30 zephyr/lib/libc/newlib/liblib__libc__newlib.a(libc-hooks.c.obj)
                0x00000000080085bc                z_impl_zephyr_write_stdout
 .text._sbrk    0x00000000080085ec       0x28 zephyr/lib/libc/newlib/liblib__libc__newlib.a(libc-hooks.c.obj)
                0x00000000080085ec                sbrk
                0x00000000080085ec                _sbrk
 .text.abort    0x0000000008008614       0x1c zephyr/lib/libc/common/liblib__libc__common.a(abort.c.obj)
                0x0000000008008614                abort
 .text.foldcase
                0x0000000008008630       0x18 zephyr/lib/posix/c_lib_ext/liblib__posix__c_lib_ext.a(fnmatch.c.obj)
 .text.z_getopt_global_state_update_shim
                0x0000000008008648       0x2c zephyr/lib/posix/c_lib_ext/liblib__posix__c_lib_ext.a(getopt_shim.c.obj)
                0x0000000008008648                z_getopt_global_state_update_shim
 .text.timing_init
                0x0000000008008674       0x18 zephyr/subsys/timing/libsubsys__timing.a(timing.c.obj)
                0x0000000008008674                timing_init
 .text.timing_start
                0x000000000800868c       0x24 zephyr/subsys/timing/libsubsys__timing.a(timing.c.obj)
                0x000000000800868c                timing_start
 .text.stm32_exti_init
                0x00000000080086b0       0x54 zephyr/drivers/interrupt_controller/libdrivers__interrupt_controller.a(intc_exti_stm32.c.obj)
 .text.stm32_exti_is_pending
                0x0000000008008704       0x44 zephyr/drivers/interrupt_controller/libdrivers__interrupt_controller.a(intc_exti_stm32.c.obj)
                0x0000000008008704                stm32_exti_is_pending
 .text.stm32_exti_clear_pending
                0x0000000008008748       0x44 zephyr/drivers/interrupt_controller/libdrivers__interrupt_controller.a(intc_exti_stm32.c.obj)
                0x0000000008008748                stm32_exti_clear_pending
 .text.stm32_fill_irq_table
                0x000000000800878c       0x18 zephyr/drivers/interrupt_controller/libdrivers__interrupt_controller.a(intc_gpio_stm32.c.obj)
 .text.stm32_intc_gpio_isr
                0x00000000080087a4       0x4c zephyr/drivers/interrupt_controller/libdrivers__interrupt_controller.a(intc_gpio_stm32.c.obj)
 .text.stm32_gpio_intc_enable_line
                0x00000000080087f0       0x2c zephyr/drivers/interrupt_controller/libdrivers__interrupt_controller.a(intc_gpio_stm32.c.obj)
                0x00000000080087f0                stm32_gpio_intc_enable_line
 .text.stm32_gpio_intc_disable_line
                0x000000000800881c       0x10 zephyr/drivers/interrupt_controller/libdrivers__interrupt_controller.a(intc_gpio_stm32.c.obj)
                0x000000000800881c                stm32_gpio_intc_disable_line
 .text.stm32_gpio_intc_select_line_trigger
                0x000000000800882c       0x50 zephyr/drivers/interrupt_controller/libdrivers__interrupt_controller.a(intc_gpio_stm32.c.obj)
                0x000000000800882c                stm32_gpio_intc_select_line_trigger
 .text.stm32_gpio_intc_set_irq_callback
                0x000000000800887c       0x40 zephyr/drivers/interrupt_controller/libdrivers__interrupt_controller.a(intc_gpio_stm32.c.obj)
                0x000000000800887c                stm32_gpio_intc_set_irq_callback
 .text.stm32_gpio_intc_remove_irq_callback
                0x00000000080088bc       0x24 zephyr/drivers/interrupt_controller/libdrivers__interrupt_controller.a(intc_gpio_stm32.c.obj)
                0x00000000080088bc                stm32_gpio_intc_remove_irq_callback
 .text.stm32_exti_get_line_src_port
                0x00000000080088e0       0x38 zephyr/drivers/interrupt_controller/libdrivers__interrupt_controller.a(intc_gpio_stm32.c.obj)
                0x00000000080088e0                stm32_exti_get_line_src_port
 .text.adc_stm32_isr_18
                0x0000000008008918       0xec zephyr/drivers/adc/libdrivers__adc.a(adc_stm32.c.obj)
 .text.adc_stm32_channel_setup
                0x0000000008008a04      0x1b8 zephyr/drivers/adc/libdrivers__adc.a(adc_stm32.c.obj)
 .text.adc_stm32_calibrate.isra.0
                0x0000000008008bbc       0x78 zephyr/drivers/adc/libdrivers__adc.a(adc_stm32.c.obj)
 .text.adc_stm32_init
                0x0000000008008c34      0x164 zephyr/drivers/adc/libdrivers__adc.a(adc_stm32.c.obj)
 .text.adc_stm32_read
                0x0000000008008d98      0x300 zephyr/drivers/adc/libdrivers__adc.a(adc_stm32.c.obj)
 .text.stm32_clock_control_get_subsys_rate
                0x0000000008009098       0xb0 zephyr/drivers/clock_control/libdrivers__clock_control.a(clock_stm32_ll_common.c.obj)
 .text.stm32_clock_control_init
                0x0000000008009148      0x150 zephyr/drivers/clock_control/libdrivers__clock_control.a(clock_stm32_ll_common.c.obj)
                0x0000000008009148                stm32_clock_control_init
 .text.get_pllsrc_frequency
                0x0000000008009298        0x8 zephyr/drivers/clock_control/libdrivers__clock_control.a(clock_stm32g4.c.obj)
                0x0000000008009298                get_pllsrc_frequency
 .text.config_pll_sysclock
                0x00000000080092a0       0x34 zephyr/drivers/clock_control/libdrivers__clock_control.a(clock_stm32g4.c.obj)
                0x00000000080092a0                config_pll_sysclock
 .text.config_enable_default_clocks
                0x00000000080092d4       0x20 zephyr/drivers/clock_control/libdrivers__clock_control.a(clock_stm32g4.c.obj)
                0x00000000080092d4                config_enable_default_clocks
 .text.uart_console_init
                0x00000000080092f4       0x28 zephyr/drivers/console/libdrivers__console.a(uart_console.c.obj)
 .text.console_out
                0x000000000800931c       0x28 zephyr/drivers/console/libdrivers__console.a(uart_console.c.obj)
 .text.gpio_stm32_pin_interrupt_configure
                0x0000000008009344       0xb0 zephyr/drivers/gpio/libdrivers__gpio.a(gpio_stm32.c.obj)
 .text.gpio_stm32_init
                0x00000000080093f4       0x38 zephyr/drivers/gpio/libdrivers__gpio.a(gpio_stm32.c.obj)
 .text.pinctrl_configure_pins
                0x000000000800942c       0x84 zephyr/drivers/pinctrl/libdrivers__pinctrl.a(pinctrl_stm32.c.obj)
                0x000000000800942c                pinctrl_configure_pins
 .text.pwm_stm32_set_cycles
                0x00000000080094b0      0x32c zephyr/drivers/pwm/libdrivers__pwm.a(pwm_stm32.c.obj)
 .text.pwm_stm32_init
                0x00000000080097dc      0x278 zephyr/drivers/pwm/libdrivers__pwm.a(pwm_stm32.c.obj)
 .text.uart_stm32_cfg2ll_stopbits
                0x0000000008009a54       0x38 zephyr/drivers/serial/libdrivers__serial.a(uart_stm32.c.obj)
 .text.uart_stm32_irq_err_enable
                0x0000000008009a8c       0x60 zephyr/drivers/serial/libdrivers__serial.a(uart_stm32.c.obj)
 .text.uart_stm32_irq_err_disable
                0x0000000008009aec       0x60 zephyr/drivers/serial/libdrivers__serial.a(uart_stm32.c.obj)
 .text.lpuartdiv_calc
                0x0000000008009b4c       0x30 zephyr/drivers/serial/libdrivers__serial.a(uart_stm32.c.obj)
                0x0000000008009b4c                lpuartdiv_calc
 .text.uart_stm32_set_baudrate
                0x0000000008009b7c      0x128 zephyr/drivers/serial/libdrivers__serial.a(uart_stm32.c.obj)
 .text.uart_stm32_configure
                0x0000000008009ca4      0x100 zephyr/drivers/serial/libdrivers__serial.a(uart_stm32.c.obj)
 .text.uart_stm32_init
                0x0000000008009da4      0x210 zephyr/drivers/serial/libdrivers__serial.a(uart_stm32.c.obj)
 .text.elapsed  0x0000000008009fb4       0x4c zephyr/drivers/timer/libdrivers__timer.a(cortex_m_systick.c.obj)
 .text.sys_clock_driver_init
                0x000000000800a000       0x38 zephyr/drivers/timer/libdrivers__timer.a(cortex_m_systick.c.obj)
 .text.sys_clock_isr
                0x000000000800a038       0x60 zephyr/drivers/timer/libdrivers__timer.a(cortex_m_systick.c.obj)
                0x000000000800a038                sys_clock_isr
 .text.sys_clock_set_timeout
                0x000000000800a098       0xf8 zephyr/drivers/timer/libdrivers__timer.a(cortex_m_systick.c.obj)
                0x000000000800a098                sys_clock_set_timeout
 .text.sys_clock_elapsed
                0x000000000800a190       0x3c zephyr/drivers/timer/libdrivers__timer.a(cortex_m_systick.c.obj)
                0x000000000800a190                sys_clock_elapsed
 .text.sys_clock_cycle_get_32
                0x000000000800a1cc       0x28 zephyr/drivers/timer/libdrivers__timer.a(cortex_m_systick.c.obj)
                0x000000000800a1cc                sys_clock_cycle_get_32
 .text.HAL_RCC_GetSysClockFreq
                0x000000000800a1f4       0x6c modules/hal_stm32/stm32cube/lib..__modules__hal__stm32__stm32cube.a(stm32g4xx_hal_rcc.c.obj)
                0x000000000800a1f4                HAL_RCC_GetSysClockFreq
 .text.LL_SetFlashLatency
                0x000000000800a260       0xdc modules/hal_stm32/stm32cube/lib..__modules__hal__stm32__stm32cube.a(stm32g4xx_ll_utils.c.obj)
                0x000000000800a260                LL_SetFlashLatency
 .text.z_device_get_all_static
                0x000000000800a33c       0x14 zephyr/kernel/libkernel.a(device.c.obj)
                0x000000000800a33c                z_device_get_all_static
 .text.z_impl_z_errno
                0x000000000800a350        0xc zephyr/kernel/libkernel.a(errno.c.obj)
                0x000000000800a350                z_impl_z_errno
 .text.k_sys_fatal_error_handler
                0x000000000800a35c       0x28 zephyr/kernel/libkernel.a(fatal.c.obj)
                0x000000000800a35c                k_sys_fatal_error_handler
 .text.z_fatal_error
                0x000000000800a384      0x110 zephyr/kernel/libkernel.a(fatal.c.obj)
                0x000000000800a384                z_fatal_error
 .text.z_sys_init_run_level
                0x000000000800a494       0x30 zephyr/kernel/libkernel.a(init.c.obj)
 .text.bg_thread_main
                0x000000000800a4c4       0xc0 zephyr/kernel/libkernel.a(init.c.obj)
 .text.z_init_cpu
                0x000000000800a584       0x8c zephyr/kernel/libkernel.a(init.c.obj)
                0x000000000800a584                z_init_cpu
 .text.z_cstart
                0x000000000800a610       0xd8 zephyr/kernel/libkernel.a(init.c.obj)
                0x000000000800a610                z_cstart
 .text.statics_init
                0x000000000800a6e8       0x24 zephyr/kernel/libkernel.a(kheap.c.obj)
 .text.k_heap_alloc
                0x000000000800a70c       0x1c zephyr/kernel/libkernel.a(kheap.c.obj)
                0x000000000800a70c                k_heap_alloc
 .text.z_impl_k_mutex_lock
                0x000000000800a728       0xf0 zephyr/kernel/libkernel.a(mutex.c.obj)
                0x000000000800a728                z_impl_k_mutex_lock
 .text.z_impl_k_mutex_unlock
                0x000000000800a818       0xa0 zephyr/kernel/libkernel.a(mutex.c.obj)
                0x000000000800a818                z_impl_k_mutex_unlock
 .text.z_impl_k_sem_give
                0x000000000800a8b8       0x68 zephyr/kernel/libkernel.a(sem.c.obj)
                0x000000000800a8b8                z_impl_k_sem_give
 .text.z_impl_k_sem_take
                0x000000000800a920       0x4c zephyr/kernel/libkernel.a(sem.c.obj)
                0x000000000800a920                z_impl_k_sem_take
 .text.work_queue_main
                0x000000000800a96c      0x14c zephyr/kernel/libkernel.a(work.c.obj)
 .text.submit_to_queue_locked
                0x000000000800aab8       0xb8 zephyr/kernel/libkernel.a(work.c.obj)
 .text.k_work_queue_start
                0x000000000800ab70       0x80 zephyr/kernel/libkernel.a(work.c.obj)
                0x000000000800ab70                k_work_queue_start
 .text.k_work_schedule_for_queue
                0x000000000800abf0       0x54 zephyr/kernel/libkernel.a(work.c.obj)
                0x000000000800abf0                k_work_schedule_for_queue
 .text.k_work_schedule
                0x000000000800ac44        0xc zephyr/kernel/libkernel.a(work.c.obj)
                0x000000000800ac44                k_work_schedule
 .text.k_work_reschedule_for_queue
                0x000000000800ac50       0x5c zephyr/kernel/libkernel.a(work.c.obj)
                0x000000000800ac50                k_work_reschedule_for_queue
 .text.k_work_reschedule
                0x000000000800acac        0xc zephyr/kernel/libkernel.a(work.c.obj)
                0x000000000800acac                k_work_reschedule
 .text.z_impl_k_thread_name_set
                0x000000000800acb8       0x20 zephyr/kernel/libkernel.a(thread.c.obj)
                0x000000000800acb8                z_impl_k_thread_name_set
 .text.k_thread_state_str
                0x000000000800acd8       0x84 zephyr/kernel/libkernel.a(thread.c.obj)
                0x000000000800acd8                k_thread_state_str
 .text.z_setup_new_thread
                0x000000000800ad5c      0x104 zephyr/kernel/libkernel.a(thread.c.obj)
                0x000000000800ad5c                z_setup_new_thread
 .text.z_impl_k_thread_create
                0x000000000800ae60       0x58 zephyr/kernel/libkernel.a(thread.c.obj)
                0x000000000800ae60                z_impl_k_thread_create
 .text.z_thread_mark_switched_in
                0x000000000800aeb8        0xc zephyr/kernel/libkernel.a(thread.c.obj)
                0x000000000800aeb8                z_thread_mark_switched_in
 .text.z_dummy_thread_init
                0x000000000800aec4       0x20 zephyr/kernel/libkernel.a(thread.c.obj)
                0x000000000800aec4                z_dummy_thread_init
 .text.z_swap_irqlock
                0x000000000800aee4       0x34 zephyr/kernel/libkernel.a(sched.c.obj)
 .text.ready_thread
                0x000000000800af18       0x84 zephyr/kernel/libkernel.a(sched.c.obj)
 .text.unready_thread
                0x000000000800af9c       0x54 zephyr/kernel/libkernel.a(sched.c.obj)
 .text.add_thread_timeout
                0x000000000800aff0       0x1c zephyr/kernel/libkernel.a(sched.c.obj)
 .text.move_current_to_end_of_prio_q
                0x000000000800b00c       0x70 zephyr/kernel/libkernel.a(sched.c.obj)
                0x000000000800b00c                move_current_to_end_of_prio_q
 .text.z_impl_k_thread_suspend
                0x000000000800b07c       0xf0 zephyr/kernel/libkernel.a(sched.c.obj)
                0x000000000800b07c                z_impl_k_thread_suspend
 .text.z_pend_curr
                0x000000000800b16c       0x44 zephyr/kernel/libkernel.a(sched.c.obj)
                0x000000000800b16c                z_pend_curr
 .text.z_thread_prio_set
                0x000000000800b1b0       0xe4 zephyr/kernel/libkernel.a(sched.c.obj)
                0x000000000800b1b0                z_thread_prio_set
 .text.z_reschedule
                0x000000000800b294       0x24 zephyr/kernel/libkernel.a(sched.c.obj)
                0x000000000800b294                z_reschedule
 .text.z_impl_k_thread_resume
                0x000000000800b2b8       0x3c zephyr/kernel/libkernel.a(sched.c.obj)
                0x000000000800b2b8                z_impl_k_thread_resume
 .text.z_reschedule_irqlock
                0x000000000800b2f4       0x28 zephyr/kernel/libkernel.a(sched.c.obj)
                0x000000000800b2f4                z_reschedule_irqlock
 .text.k_sched_lock
                0x000000000800b31c       0x28 zephyr/kernel/libkernel.a(sched.c.obj)
                0x000000000800b31c                k_sched_lock
 .text.k_sched_unlock
                0x000000000800b344       0x68 zephyr/kernel/libkernel.a(sched.c.obj)
                0x000000000800b344                k_sched_unlock
 .text.z_sched_init
                0x000000000800b3ac       0x10 zephyr/kernel/libkernel.a(sched.c.obj)
                0x000000000800b3ac                z_sched_init
 .text.z_impl_k_yield
                0x000000000800b3bc       0x88 zephyr/kernel/libkernel.a(sched.c.obj)
                0x000000000800b3bc                z_impl_k_yield
 .text.z_tick_sleep
                0x000000000800b444       0x78 zephyr/kernel/libkernel.a(sched.c.obj)
 .text.z_impl_k_wakeup
                0x000000000800b4bc       0x48 zephyr/kernel/libkernel.a(sched.c.obj)
                0x000000000800b4bc                z_impl_k_wakeup
 .text.z_impl_k_sched_current_thread_query
                0x000000000800b504        0xc zephyr/kernel/libkernel.a(sched.c.obj)
                0x000000000800b504                z_impl_k_sched_current_thread_query
 .text.z_thread_abort
                0x000000000800b510      0x144 zephyr/kernel/libkernel.a(sched.c.obj)
                0x000000000800b510                z_thread_abort
 .text.z_sched_wait
                0x000000000800b654       0x24 zephyr/kernel/libkernel.a(sched.c.obj)
                0x000000000800b654                z_sched_wait
 .text.slice_timeout
                0x000000000800b678       0x20 zephyr/kernel/libkernel.a(timeslicing.c.obj)
 .text.thread_is_sliceable
                0x000000000800b698       0x3c zephyr/kernel/libkernel.a(timeslicing.c.obj)
                0x000000000800b698                thread_is_sliceable
 .text.z_reset_time_slice
                0x000000000800b6d4       0x50 zephyr/kernel/libkernel.a(timeslicing.c.obj)
                0x000000000800b6d4                z_reset_time_slice
 .text.z_time_slice
                0x000000000800b724       0x5c zephyr/kernel/libkernel.a(timeslicing.c.obj)
                0x000000000800b724                z_time_slice
 .text.z_thread_monitor_exit
                0x000000000800b780       0x44 zephyr/kernel/libkernel.a(thread_monitor.c.obj)
                0x000000000800b780                z_thread_monitor_exit
 .text.k_thread_foreach
                0x000000000800b7c4       0x34 zephyr/kernel/libkernel.a(thread_monitor.c.obj)
                0x000000000800b7c4                k_thread_foreach
 .text.k_thread_foreach_unlocked
                0x000000000800b7f8       0x4c zephyr/kernel/libkernel.a(thread_monitor.c.obj)
                0x000000000800b7f8                k_thread_foreach_unlocked
 .text.first    0x000000000800b844       0x10 zephyr/kernel/libkernel.a(timeout.c.obj)
 .text.elapsed  0x000000000800b854       0x14 zephyr/kernel/libkernel.a(timeout.c.obj)
 .text.remove_timeout
                0x000000000800b868       0x38 zephyr/kernel/libkernel.a(timeout.c.obj)
 .text.z_add_timeout
                0x000000000800b8a0      0x120 zephyr/kernel/libkernel.a(timeout.c.obj)
                0x000000000800b8a0                z_add_timeout
 .text.sys_clock_announce
                0x000000000800b9c0       0xc0 zephyr/kernel/libkernel.a(timeout.c.obj)
                0x000000000800b9c0                sys_clock_announce
 .text.sys_clock_tick_get
                0x000000000800ba80       0x30 zephyr/kernel/libkernel.a(timeout.c.obj)
                0x000000000800ba80                sys_clock_tick_get
 .text.z_timer_expiration_handler
                0x000000000800bab0      0x104 zephyr/kernel/libkernel.a(timer.c.obj)
                0x000000000800bab0                z_timer_expiration_handler
 .text.z_impl_k_timer_start
                0x000000000800bbb4       0x70 zephyr/kernel/libkernel.a(timer.c.obj)
                0x000000000800bbb4                z_impl_k_timer_start
 .text.k_event_post_internal
                0x000000000800bc24       0x6c zephyr/kernel/libkernel.a(events.c.obj)
 .text.z_sched_usage_start
                0x000000000800bc90       0x10 zephyr/kernel/libkernel.a(usage.c.obj)
                0x000000000800bc90                z_sched_usage_start
 .text.z_sched_usage_stop
                0x000000000800bca0       0x4c zephyr/kernel/libkernel.a(usage.c.obj)
                0x000000000800bca0                z_sched_usage_stop
 .text.z_sched_cpu_usage
                0x000000000800bcec       0x8c zephyr/kernel/libkernel.a(usage.c.obj)
                0x000000000800bcec                z_sched_cpu_usage
 .text.z_sched_thread_usage
                0x000000000800bd78       0x70 zephyr/kernel/libkernel.a(usage.c.obj)
                0x000000000800bd78                z_sched_thread_usage
 .text.k_malloc
                0x000000000800bde8       0x14 zephyr/kernel/libkernel.a(mempool.c.obj)
                0x000000000800bde8                k_malloc
 .text.k_thread_system_pool_assign
                0x000000000800bdfc        0xc zephyr/kernel/libkernel.a(mempool.c.obj)
                0x000000000800bdfc                k_thread_system_pool_assign
 .text.boot_banner
                0x000000000800be08        0xc zephyr/kernel/libkernel.a(banner.c.obj)
                0x000000000800be08                boot_banner
 .text.k_sys_work_q_init
                0x000000000800be14       0x2c zephyr/kernel/libkernel.a(system_work_q.c.obj)
 .text.gmtime_r
                0x000000000800be40      0x1c4 C:/Users/brun0/zephyr-sdk-0.17.4/arm-zephyr-eabi/arm-zephyr-eabi/lib/thumb/v7e-m/nofp\libc.a(lib_a-gmtime_r.o)
                0x000000000800be40                gmtime_r
 .text.malloc   0x000000000800c004       0x10 C:/Users/brun0/zephyr-sdk-0.17.4/arm-zephyr-eabi/arm-zephyr-eabi/lib/thumb/v7e-m/nofp\libc.a(lib_a-malloc.o)
                0x000000000800c004                malloc
 .text.free     0x000000000800c014       0x10 C:/Users/brun0/zephyr-sdk-0.17.4/arm-zephyr-eabi/arm-zephyr-eabi/lib/thumb/v7e-m/nofp\libc.a(lib_a-malloc.o)
                0x000000000800c014                free
 .text._malloc_r
                0x000000000800c024      0x578 C:/Users/brun0/zephyr-sdk-0.17.4/arm-zephyr-eabi/arm-zephyr-eabi/lib/thumb/v7e-m/nofp\libc.a(lib_a-mallocr.o)
                0x000000000800c024                _malloc_r
 .text.memcmp   0x000000000800c59c       0x60 C:/Users/brun0/zephyr-sdk-0.17.4/arm-zephyr-eabi/arm-zephyr-eabi/lib/thumb/v7e-m/nofp\libc.a(lib_a-memcmp.o)
                0x000000000800c59c                memcmp
 .text.memmove  0x000000000800c5fc      0x100 C:/Users/brun0/zephyr-sdk-0.17.4/arm-zephyr-eabi/arm-zephyr-eabi/lib/thumb/v7e-m/nofp\libc.a(lib_a-memmove.o)
                0x000000000800c5fc                memmove
 .text.memset   0x000000000800c6fc       0xa4 C:/Users/brun0/zephyr-sdk-0.17.4/arm-zephyr-eabi/arm-zephyr-eabi/lib/thumb/v7e-m/nofp\libc.a(lib_a-memset.o)
                0x000000000800c6fc                memset
 .text.__malloc_lock
                0x000000000800c7a0        0xc C:/Users/brun0/zephyr-sdk-0.17.4/arm-zephyr-eabi/arm-zephyr-eabi/lib/thumb/v7e-m/nofp\libc.a(lib_a-mlock.o)
                0x000000000800c7a0                __malloc_lock
 .text.__malloc_unlock
                0x000000000800c7ac        0xc C:/Users/brun0/zephyr-sdk-0.17.4/arm-zephyr-eabi/arm-zephyr-eabi/lib/thumb/v7e-m/nofp\libc.a(lib_a-mlock.o)
                0x000000000800c7ac                __malloc_unlock
 .text._sbrk_r  0x000000000800c7b8       0x24 C:/Users/brun0/zephyr-sdk-0.17.4/arm-zephyr-eabi/arm-zephyr-eabi/lib/thumb/v7e-m/nofp\libc.a(lib_a-sbrkr.o)
                0x000000000800c7b8                _sbrk_r
 .text.snprintf
                0x000000000800c7dc       0x88 C:/Users/brun0/zephyr-sdk-0.17.4/arm-zephyr-eabi/arm-zephyr-eabi/lib/thumb/v7e-m/nofp\libc.a(lib_a-snprintf.o)
                0x000000000800c7dc                snprintf
 .text.strchr   0x000000000800c864       0xd0 C:/Users/brun0/zephyr-sdk-0.17.4/arm-zephyr-eabi/arm-zephyr-eabi/lib/thumb/v7e-m/nofp\libc.a(lib_a-strchr.o)
                0x000000000800c864                strchr
 .text.strcpy   0x000000000800c934       0xbc C:/Users/brun0/zephyr-sdk-0.17.4/arm-zephyr-eabi/arm-zephyr-eabi/lib/thumb/v7e-m/nofp\libc.a(lib_a-strcpy.o)
                0x000000000800c934                strcpy
 .text.strncmp  0x000000000800c9f0       0x84 C:/Users/brun0/zephyr-sdk-0.17.4/arm-zephyr-eabi/arm-zephyr-eabi/lib/thumb/v7e-m/nofp\libc.a(lib_a-strncmp.o)
                0x000000000800c9f0                strncmp
 .text.strncpy  0x000000000800ca74       0x68 C:/Users/brun0/zephyr-sdk-0.17.4/arm-zephyr-eabi/arm-zephyr-eabi/lib/thumb/v7e-m/nofp\libc.a(lib_a-strncpy.o)
                0x000000000800ca74                strncpy
 .text.strnlen  0x000000000800cadc       0x24 C:/Users/brun0/zephyr-sdk-0.17.4/arm-zephyr-eabi/arm-zephyr-eabi/lib/thumb/v7e-m/nofp\libc.a(lib_a-strnlen.o)
                0x000000000800cadc                strnlen
 .text.two_way_long_needle
                0x000000000800cb00      0x2a0 C:/Users/brun0/zephyr-sdk-0.17.4/arm-zephyr-eabi/arm-zephyr-eabi/lib/thumb/v7e-m/nofp\libc.a(lib_a-strstr.o)
 .text.strstr   0x000000000800cda0      0x16c C:/Users/brun0/zephyr-sdk-0.17.4/arm-zephyr-eabi/arm-zephyr-eabi/lib/thumb/v7e-m/nofp\libc.a(lib_a-strstr.o)
                0x000000000800cda0                strstr
 .text._strtol_l.constprop.0
                0x000000000800cf0c      0x138 C:/Users/brun0/zephyr-sdk-0.17.4/arm-zephyr-eabi/arm-zephyr-eabi/lib/thumb/v7e-m/nofp\libc.a(lib_a-strtol.o)
 .text.strtol   0x000000000800d044       0x18 C:/Users/brun0/zephyr-sdk-0.17.4/arm-zephyr-eabi/arm-zephyr-eabi/lib/thumb/v7e-m/nofp\libc.a(lib_a-strtol.o)
                0x000000000800d044                strtol
 .text._strtoul_l.constprop.0
                0x000000000800d05c      0x134 C:/Users/brun0/zephyr-sdk-0.17.4/arm-zephyr-eabi/arm-zephyr-eabi/lib/thumb/v7e-m/nofp\libc.a(lib_a-strtoul.o)
 .text.strtoul  0x000000000800d190       0x18 C:/Users/brun0/zephyr-sdk-0.17.4/arm-zephyr-eabi/arm-zephyr-eabi/lib/thumb/v7e-m/nofp\libc.a(lib_a-strtoul.o)
                0x000000000800d190                strtoul
 .text._strtoull_l.constprop.0
                0x000000000800d1a8      0x194 C:/Users/brun0/zephyr-sdk-0.17.4/arm-zephyr-eabi/arm-zephyr-eabi/lib/thumb/v7e-m/nofp\libc.a(lib_a-strtoull.o)
 .text.strtoull
                0x000000000800d33c       0x18 C:/Users/brun0/zephyr-sdk-0.17.4/arm-zephyr-eabi/arm-zephyr-eabi/lib/thumb/v7e-m/nofp\libc.a(lib_a-strtoull.o)
                0x000000000800d33c                strtoull
 .text._svfprintf_r
                0x000000000800d354     0x1a14 C:/Users/brun0/zephyr-sdk-0.17.4/arm-zephyr-eabi/arm-zephyr-eabi/lib/thumb/v7e-m/nofp\libc.a(lib_a-svfprintf.o)
                0x000000000800d354                _svfprintf_r
 .text.quorem   0x000000000800ed68      0x12c C:/Users/brun0/zephyr-sdk-0.17.4/arm-zephyr-eabi/arm-zephyr-eabi/lib/thumb/v7e-m/nofp\libc.a(lib_a-dtoa.o)
 .text._malloc_trim_r
                0x000000000800ee94       0x9c C:/Users/brun0/zephyr-sdk-0.17.4/arm-zephyr-eabi/arm-zephyr-eabi/lib/thumb/v7e-m/nofp\libc.a(lib_a-freer.o)
                0x000000000800ee94                _malloc_trim_r
 .text._free_r  0x000000000800ef30      0x1fc C:/Users/brun0/zephyr-sdk-0.17.4/arm-zephyr-eabi/arm-zephyr-eabi/lib/thumb/v7e-m/nofp\libc.a(lib_a-freer.o)
                0x000000000800ef30                _free_r
 .text._localeconv_r
                0x000000000800f12c        0x8 C:/Users/brun0/zephyr-sdk-0.17.4/arm-zephyr-eabi/arm-zephyr-eabi/lib/thumb/v7e-m/nofp\libc.a(lib_a-localeconv.o)
                0x000000000800f12c                _localeconv_r
 .text._Balloc  0x000000000800f134       0x4c C:/Users/brun0/zephyr-sdk-0.17.4/arm-zephyr-eabi/arm-zephyr-eabi/lib/thumb/v7e-m/nofp\libc.a(lib_a-mprec.o)
                0x000000000800f134                _Balloc
 .text._Bfree   0x000000000800f180       0x14 C:/Users/brun0/zephyr-sdk-0.17.4/arm-zephyr-eabi/arm-zephyr-eabi/lib/thumb/v7e-m/nofp\libc.a(lib_a-mprec.o)
                0x000000000800f180                _Bfree
 .text.__multadd
                0x000000000800f194       0xa0 C:/Users/brun0/zephyr-sdk-0.17.4/arm-zephyr-eabi/arm-zephyr-eabi/lib/thumb/v7e-m/nofp\libc.a(lib_a-mprec.o)
                0x000000000800f194                __multadd
 .text.__hi0bits
                0x000000000800f234       0x44 C:/Users/brun0/zephyr-sdk-0.17.4/arm-zephyr-eabi/arm-zephyr-eabi/lib/thumb/v7e-m/nofp\libc.a(lib_a-mprec.o)
                0x000000000800f234                __hi0bits
 .text.__lo0bits
                0x000000000800f278       0x60 C:/Users/brun0/zephyr-sdk-0.17.4/arm-zephyr-eabi/arm-zephyr-eabi/lib/thumb/v7e-m/nofp\libc.a(lib_a-mprec.o)
                0x000000000800f278                __lo0bits
 .text.__i2b    0x000000000800f2d8       0x5c C:/Users/brun0/zephyr-sdk-0.17.4/arm-zephyr-eabi/arm-zephyr-eabi/lib/thumb/v7e-m/nofp\libc.a(lib_a-mprec.o)
                0x000000000800f2d8                __i2b
 .text.__multiply
                0x000000000800f334      0x16c C:/Users/brun0/zephyr-sdk-0.17.4/arm-zephyr-eabi/arm-zephyr-eabi/lib/thumb/v7e-m/nofp\libc.a(lib_a-mprec.o)
                0x000000000800f334                __multiply
 .text.__pow5mult
                0x000000000800f4a0       0xb4 C:/Users/brun0/zephyr-sdk-0.17.4/arm-zephyr-eabi/arm-zephyr-eabi/lib/thumb/v7e-m/nofp\libc.a(lib_a-mprec.o)
                0x000000000800f4a0                __pow5mult
 .text.__lshift
                0x000000000800f554       0xf0 C:/Users/brun0/zephyr-sdk-0.17.4/arm-zephyr-eabi/arm-zephyr-eabi/lib/thumb/v7e-m/nofp\libc.a(lib_a-mprec.o)
                0x000000000800f554                __lshift
 .text.__mcmp   0x000000000800f644       0x40 C:/Users/brun0/zephyr-sdk-0.17.4/arm-zephyr-eabi/arm-zephyr-eabi/lib/thumb/v7e-m/nofp\libc.a(lib_a-mprec.o)
                0x000000000800f644                __mcmp
 .text.__mdiff  0x000000000800f684      0x164 C:/Users/brun0/zephyr-sdk-0.17.4/arm-zephyr-eabi/arm-zephyr-eabi/lib/thumb/v7e-m/nofp\libc.a(lib_a-mprec.o)
                0x000000000800f684                __mdiff
 .text.__d2b    0x000000000800f7e8       0xbc C:/Users/brun0/zephyr-sdk-0.17.4/arm-zephyr-eabi/arm-zephyr-eabi/lib/thumb/v7e-m/nofp\libc.a(lib_a-mprec.o)
                0x000000000800f7e8                __d2b
 .text.frexp    0x000000000800f8a4       0x70 C:/Users/brun0/zephyr-sdk-0.17.4/arm-zephyr-eabi/arm-zephyr-eabi/lib/thumb/v7e-m/nofp\libc.a(lib_a-s_frexp.o)
                0x000000000800f8a4                frexp
 .text.__ssprint_r
                0x000000000800f914      0x108 C:/Users/brun0/zephyr-sdk-0.17.4/arm-zephyr-eabi/arm-zephyr-eabi/lib/thumb/v7e-m/nofp\libc.a(lib_a-svfiprintf.o)
                0x000000000800f914                __ssprint_r
 .text.__assert_func
                0x000000000800fa1c       0x40 C:/Users/brun0/zephyr-sdk-0.17.4/arm-zephyr-eabi/arm-zephyr-eabi/lib/thumb/v7e-m/nofp\libc.a(lib_a-assert.o)
                0x000000000800fa1c                __assert_func
 .text._calloc_r
                0x000000000800fa5c       0x60 C:/Users/brun0/zephyr-sdk-0.17.4/arm-zephyr-eabi/arm-zephyr-eabi/lib/thumb/v7e-m/nofp\libc.a(lib_a-callocr.o)
                0x000000000800fa5c                _calloc_r
 .text.fiprintf
                0x000000000800fabc       0x28 C:/Users/brun0/zephyr-sdk-0.17.4/arm-zephyr-eabi/arm-zephyr-eabi/lib/thumb/v7e-m/nofp\libc.a(lib_a-fiprintf.o)
                0x000000000800fabc                fiprintf
 .text.__ascii_mbtowc
                0x000000000800fae4       0x2c C:/Users/brun0/zephyr-sdk-0.17.4/arm-zephyr-eabi/arm-zephyr-eabi/lib/thumb/v7e-m/nofp\libc.a(lib_a-mbtowc_r.o)
                0x000000000800fae4                __ascii_mbtowc
 .text._realloc_r
                0x000000000800fb10      0x344 C:/Users/brun0/zephyr-sdk-0.17.4/arm-zephyr-eabi/arm-zephyr-eabi/lib/thumb/v7e-m/nofp\libc.a(lib_a-reallocr.o)
                0x000000000800fb10                _realloc_r
 .text._vfiprintf_r
                0x000000000800fe54      0xd98 C:/Users/brun0/zephyr-sdk-0.17.4/arm-zephyr-eabi/arm-zephyr-eabi/lib/thumb/v7e-m/nofp\libc.a(lib_a-vfiprintf.o)
                0x000000000800fe54                _vfiprintf_r
 .text.__sbprintf
                0x0000000008010bec       0x80 C:/Users/brun0/zephyr-sdk-0.17.4/arm-zephyr-eabi/arm-zephyr-eabi/lib/thumb/v7e-m/nofp\libc.a(lib_a-vfiprintf.o)
 .text.__ascii_wctomb
                0x0000000008010c6c       0x1c C:/Users/brun0/zephyr-sdk-0.17.4/arm-zephyr-eabi/arm-zephyr-eabi/lib/thumb/v7e-m/nofp\libc.a(lib_a-wctomb_r.o)
                0x0000000008010c6c                __ascii_wctomb
 .text.__swsetup_r
                0x0000000008010c88       0xc4 C:/Users/brun0/zephyr-sdk-0.17.4/arm-zephyr-eabi/arm-zephyr-eabi/lib/thumb/v7e-m/nofp\libc.a(lib_a-wsetup.o)
                0x0000000008010c88                __swsetup_r
 .text.__sflush_r
                0x0000000008010d4c      0x110 C:/Users/brun0/zephyr-sdk-0.17.4/arm-zephyr-eabi/arm-zephyr-eabi/lib/thumb/v7e-m/nofp\libc.a(lib_a-fflush.o)
                0x0000000008010d4c                __sflush_r
 .text._fflush_r
                0x0000000008010e5c       0x5c C:/Users/brun0/zephyr-sdk-0.17.4/arm-zephyr-eabi/arm-zephyr-eabi/lib/thumb/v7e-m/nofp\libc.a(lib_a-fflush.o)
                0x0000000008010e5c                _fflush_r
 .text._cleanup_r
                0x0000000008010eb8        0xc C:/Users/brun0/zephyr-sdk-0.17.4/arm-zephyr-eabi/arm-zephyr-eabi/lib/thumb/v7e-m/nofp\libc.a(lib_a-findfp.o)
                0x0000000008010eb8                _cleanup_r
 .text.__sinit  0x0000000008010ec4      0x10c C:/Users/brun0/zephyr-sdk-0.17.4/arm-zephyr-eabi/arm-zephyr-eabi/lib/thumb/v7e-m/nofp\libc.a(lib_a-findfp.o)
                0x0000000008010ec4                __sinit
 .text.__sfvwrite_r
                0x0000000008010fd0      0x2f8 C:/Users/brun0/zephyr-sdk-0.17.4/arm-zephyr-eabi/arm-zephyr-eabi/lib/thumb/v7e-m/nofp\libc.a(lib_a-fvwrite.o)
                0x0000000008010fd0                __sfvwrite_r
 .text._fwalk_reent
                0x00000000080112c8       0x48 C:/Users/brun0/zephyr-sdk-0.17.4/arm-zephyr-eabi/arm-zephyr-eabi/lib/thumb/v7e-m/nofp\libc.a(lib_a-fwalk.o)
                0x00000000080112c8                _fwalk_reent
 .text.__smakebuf_r
                0x0000000008011310       0xc4 C:/Users/brun0/zephyr-sdk-0.17.4/arm-zephyr-eabi/arm-zephyr-eabi/lib/thumb/v7e-m/nofp\libc.a(lib_a-makebuf.o)
                0x0000000008011310                __smakebuf_r
 .text.__sread  0x00000000080113d4       0x24 C:/Users/brun0/zephyr-sdk-0.17.4/arm-zephyr-eabi/arm-zephyr-eabi/lib/thumb/v7e-m/nofp\libc.a(lib_a-stdio.o)
                0x00000000080113d4                __sread
 .text.__swrite
                0x00000000080113f8       0x40 C:/Users/brun0/zephyr-sdk-0.17.4/arm-zephyr-eabi/arm-zephyr-eabi/lib/thumb/v7e-m/nofp\libc.a(lib_a-stdio.o)
                0x00000000080113f8                __swrite
 .text.__sseek  0x0000000008011438       0x24 C:/Users/brun0/zephyr-sdk-0.17.4/arm-zephyr-eabi/arm-zephyr-eabi/lib/thumb/v7e-m/nofp\libc.a(lib_a-stdio.o)
                0x0000000008011438                __sseek
 .text.__sclose
                0x000000000801145c        0x8 C:/Users/brun0/zephyr-sdk-0.17.4/arm-zephyr-eabi/arm-zephyr-eabi/lib/thumb/v7e-m/nofp\libc.a(lib_a-stdio.o)
                0x000000000801145c                __sclose
 .text._write_r
                0x0000000008011464       0x2c C:/Users/brun0/zephyr-sdk-0.17.4/arm-zephyr-eabi/arm-zephyr-eabi/lib/thumb/v7e-m/nofp\libc.a(lib_a-writer.o)
                0x0000000008011464                _write_r
 .text._close_r
                0x0000000008011490       0x24 C:/Users/brun0/zephyr-sdk-0.17.4/arm-zephyr-eabi/arm-zephyr-eabi/lib/thumb/v7e-m/nofp\libc.a(lib_a-closer.o)
                0x0000000008011490                _close_r
 .text._fstat_r
                0x00000000080114b4       0x2c C:/Users/brun0/zephyr-sdk-0.17.4/arm-zephyr-eabi/arm-zephyr-eabi/lib/thumb/v7e-m/nofp\libc.a(lib_a-fstatr.o)
                0x00000000080114b4                _fstat_r
 .text._isatty_r
                0x00000000080114e0       0x24 C:/Users/brun0/zephyr-sdk-0.17.4/arm-zephyr-eabi/arm-zephyr-eabi/lib/thumb/v7e-m/nofp\libc.a(lib_a-isattyr.o)
                0x00000000080114e0                _isatty_r
 .text._lseek_r
                0x0000000008011504       0x2c C:/Users/brun0/zephyr-sdk-0.17.4/arm-zephyr-eabi/arm-zephyr-eabi/lib/thumb/v7e-m/nofp\libc.a(lib_a-lseekr.o)
                0x0000000008011504                _lseek_r
 .text._read_r  0x0000000008011530       0x2c C:/Users/brun0/zephyr-sdk-0.17.4/arm-zephyr-eabi/arm-zephyr-eabi/lib/thumb/v7e-m/nofp\libc.a(lib_a-readr.o)
                0x0000000008011530                _read_r
 .text._OffsetAbsSyms
                0x000000000801155c        0x2 zephyr/CMakeFiles/offsets.dir/./arch/arm/core/offsets/offsets.c.obj
                0x000000000801155c                _OffsetAbsSyms
 .text.gpio_pin_configure_dt
                0x000000000801155e       0x3e app/libapp.a(main.c.obj)
 .text.chunk_size
                0x000000000801159c        0xa zephyr/libzephyr.a(heap.c.obj)
 .text.free_list_add
                0x00000000080115a6       0x4e zephyr/libzephyr.a(heap.c.obj)
 .text.free_list_remove_bidx
                0x00000000080115f4       0x3a zephyr/libzephyr.a(heap.c.obj)
 .text.free_list_remove
                0x000000000801162e       0x1a zephyr/libzephyr.a(heap.c.obj)
 .text.alloc_chunk
                0x0000000008011648       0x6e zephyr/libzephyr.a(heap.c.obj)
 .text.merge_chunks
                0x00000000080116b6       0x2c zephyr/libzephyr.a(heap.c.obj)
 .text.split_chunks
                0x00000000080116e2       0x34 zephyr/libzephyr.a(heap.c.obj)
 .text.free_chunk
                0x0000000008011716       0x62 zephyr/libzephyr.a(heap.c.obj)
 .text.sys_heap_free
                0x0000000008011778       0x1e zephyr/libzephyr.a(heap.c.obj)
                0x0000000008011778                sys_heap_free
 .text.sys_heap_alloc
                0x0000000008011796       0x5a zephyr/libzephyr.a(heap.c.obj)
                0x0000000008011796                sys_heap_alloc
 .text.sys_heap_noalign_alloc
                0x00000000080117f0        0x6 zephyr/libzephyr.a(heap.c.obj)
                0x00000000080117f0                sys_heap_noalign_alloc
 .text.sys_heap_init
                0x00000000080117f6       0x7a zephyr/libzephyr.a(heap.c.obj)
                0x00000000080117f6                sys_heap_init
 .text.cbpprintf_external
                0x0000000008011870       0x62 zephyr/libzephyr.a(cbprintf_packaged.c.obj)
                0x0000000008011870                cbpprintf_external
 .text.is_ptr   0x00000000080118d2       0x4a zephyr/libzephyr.a(cbprintf_packaged.c.obj)
                0x00000000080118d2                is_ptr
 .text.timespec_add
                0x000000000801191c       0x60 zephyr/libzephyr.a(clock.c.obj)
 .text.arch_printk_char_out
                0x000000000801197c        0x4 zephyr/libzephyr.a(printk.c.obj)
                0x000000000801197c                arch_printk_char_out
 .text.str_out  0x0000000008011980       0x24 zephyr/libzephyr.a(printk.c.obj)
 .text.printk   0x00000000080119a4       0x1a zephyr/libzephyr.a(printk.c.obj)
                0x00000000080119a4                printk
 .text.snprintk
                0x00000000080119be       0x1a zephyr/libzephyr.a(printk.c.obj)
                0x00000000080119be                snprintk
 .text.z_thread_entry
                0x00000000080119d8       0x14 zephyr/libzephyr.a(thread_entry.c.obj)
                0x00000000080119d8                z_thread_entry
 .text.outs     0x00000000080119ec       0x2e zephyr/libzephyr.a(cbprintf_complete.c.obj)
 .text.free_space
                0x0000000008011a1a       0x26 zephyr/libzephyr.a(mpsc_pbuf.c.obj)
 .text.get_usage
                0x0000000008011a40       0x22 zephyr/libzephyr.a(mpsc_pbuf.c.obj)
 .text.idx_inc  0x0000000008011a62       0x1c zephyr/libzephyr.a(mpsc_pbuf.c.obj)
 .text.rd_idx_inc
                0x0000000008011a7e       0x18 zephyr/libzephyr.a(mpsc_pbuf.c.obj)
 .text.add_skip_item
                0x0000000008011a96       0x3a zephyr/libzephyr.a(mpsc_pbuf.c.obj)
 .text.drop_item_locked
                0x0000000008011ad0      0x100 zephyr/libzephyr.a(mpsc_pbuf.c.obj)
 .text.post_drop_action
                0x0000000008011bd0       0x36 zephyr/libzephyr.a(mpsc_pbuf.c.obj)
 .text.max_utilization_update
                0x0000000008011c06       0x1a zephyr/libzephyr.a(mpsc_pbuf.c.obj)
 .text.mpsc_pbuf_init
                0x0000000008011c20       0x42 zephyr/libzephyr.a(mpsc_pbuf.c.obj)
                0x0000000008011c20                mpsc_pbuf_init
 .text.mpsc_pbuf_alloc
                0x0000000008011c62       0xfe zephyr/libzephyr.a(mpsc_pbuf.c.obj)
                0x0000000008011c62                mpsc_pbuf_alloc
 .text.mpsc_pbuf_commit
                0x0000000008011d60       0x3e zephyr/libzephyr.a(mpsc_pbuf.c.obj)
                0x0000000008011d60                mpsc_pbuf_commit
 .text.mpsc_pbuf_claim
                0x0000000008011d9e       0xb6 zephyr/libzephyr.a(mpsc_pbuf.c.obj)
                0x0000000008011d9e                mpsc_pbuf_claim
 .text.mpsc_pbuf_free
                0x0000000008011e54       0x76 zephyr/libzephyr.a(mpsc_pbuf.c.obj)
                0x0000000008011e54                mpsc_pbuf_free
 .text.mpsc_pbuf_is_pending
                0x0000000008011eca       0x32 zephyr/libzephyr.a(mpsc_pbuf.c.obj)
                0x0000000008011eca                mpsc_pbuf_is_pending
 .text.timeutil_timegm
                0x0000000008011efc       0x18 zephyr/libzephyr.a(timeutil.c.obj)
                0x0000000008011efc                timeutil_timegm
 .text.ring_buf_area_claim
                0x0000000008011f14       0x30 zephyr/libzephyr.a(ring_buffer.c.obj)
                0x0000000008011f14                ring_buf_area_claim
 .text.ring_buf_put_claim
                0x0000000008011f44       0x1e zephyr/libzephyr.a(ring_buffer.c.obj)
 .text.ring_buf_get_claim
                0x0000000008011f62       0x1e zephyr/libzephyr.a(ring_buffer.c.obj)
 .text.ring_buf_area_finish
                0x0000000008011f80       0x32 zephyr/libzephyr.a(ring_buffer.c.obj)
                0x0000000008011f80                ring_buf_area_finish
 .text.ring_buf_put
                0x0000000008011fb2       0x40 zephyr/libzephyr.a(ring_buffer.c.obj)
                0x0000000008011fb2                ring_buf_put
 .text.ring_buf_get
                0x0000000008011ff2       0x44 zephyr/libzephyr.a(ring_buffer.c.obj)
                0x0000000008011ff2                ring_buf_get
 .text._ConfigAbsSyms
                0x0000000008012036        0x2 zephyr/libzephyr.a(configs.c.obj)
                0x0000000008012036                _ConfigAbsSyms
 .text.log_msg_generic_get_wlen
                0x0000000008012038       0x20 zephyr/libzephyr.a(log_core.c.obj)
 .text.dummy_timestamp
                0x0000000008012058        0x4 zephyr/libzephyr.a(log_core.c.obj)
 .text.atomic_inc
                0x000000000801205c       0x1a zephyr/libzephyr.a(log_core.c.obj)
 .text.default_lf_get_timestamp
                0x0000000008012076       0x10 zephyr/libzephyr.a(log_core.c.obj)
 .text.z_log_vprintk
                0x0000000008012086       0x1c zephyr/libzephyr.a(log_core.c.obj)
                0x0000000008012086                z_log_vprintk
 .text.z_log_notify_drop
                0x00000000080120a2        0x6 zephyr/libzephyr.a(log_core.c.obj)
 .text.z_log_get_tag
                0x00000000080120a8        0x4 zephyr/libzephyr.a(log_core.c.obj)
                0x00000000080120a8                z_log_get_tag
 .text.z_impl_log_filter_set
                0x00000000080120ac       0x10 zephyr/libzephyr.a(log_mgmt.c.obj)
                0x00000000080120ac                z_impl_log_filter_set
 .text.log_backend_enable
                0x00000000080120bc       0x22 zephyr/libzephyr.a(log_mgmt.c.obj)
                0x00000000080120bc                log_backend_enable
 .text.log_backend_disable
                0x00000000080120de       0x18 zephyr/libzephyr.a(log_mgmt.c.obj)
                0x00000000080120de                log_backend_disable
 .text.z_cbprintf_cpy
                0x00000000080120f6       0x2e zephyr/libzephyr.a(log_msg.c.obj)
 .text.z_log_msg_finalize
                0x0000000008012124       0x32 zephyr/libzephyr.a(log_msg.c.obj)
                0x0000000008012124                z_log_msg_finalize
 .text.z_log_msg_simple_create
                0x0000000008012156       0x6e zephyr/libzephyr.a(log_msg.c.obj)
 .text.z_impl_z_log_msg_simple_create_0
                0x00000000080121c4       0x12 zephyr/libzephyr.a(log_msg.c.obj)
                0x00000000080121c4                z_impl_z_log_msg_simple_create_0
 .text.z_impl_z_log_msg_simple_create_1
                0x00000000080121d6       0x14 zephyr/libzephyr.a(log_msg.c.obj)
                0x00000000080121d6                z_impl_z_log_msg_simple_create_1
 .text.z_impl_z_log_msg_simple_create_2
                0x00000000080121ea       0x18 zephyr/libzephyr.a(log_msg.c.obj)
                0x00000000080121ea                z_impl_z_log_msg_simple_create_2
 .text.log_output_write
                0x0000000008012202       0x1c zephyr/libzephyr.a(log_output.c.obj)
 .text.log_output_flush
                0x000000000801221e       0x1a zephyr/libzephyr.a(log_output.c.obj)
 .text.cbvprintf
                0x0000000008012238        0xe zephyr/libzephyr.a(log_output.c.obj)
 .text.out_func
                0x0000000008012246       0x36 zephyr/libzephyr.a(log_output.c.obj)
 .text.cr_out_func
                0x000000000801227c       0x1c zephyr/libzephyr.a(log_output.c.obj)
 .text.log_output_msg_process
                0x0000000008012298       0x6a zephyr/libzephyr.a(log_output.c.obj)
                0x0000000008012298                log_output_msg_process
 .text.thread_valid_cb
                0x0000000008012302        0xc zephyr/libzephyr.a(thread.c.obj)
 .text.cmd_date_get
                0x000000000801230e       0x24 zephyr/libzephyr.a(date_service.c.obj)
 .text.log_msg_generic_get_wlen
                0x0000000008012332       0x20 zephyr/libzephyr.a(shell_uart.c.obj)
 .text.uart_irq_tx_disable
                0x0000000008012352        0xa zephyr/libzephyr.a(shell_uart.c.obj)
 .text.enable   0x000000000801235c       0x12 zephyr/libzephyr.a(shell_uart.c.obj)
 .text.read_uart
                0x000000000801236e       0x12 zephyr/libzephyr.a(shell_uart.c.obj)
 .text.uninit   0x0000000008012380       0x20 zephyr/libzephyr.a(shell_uart.c.obj)
 .text.write_uart
                0x00000000080123a0       0x6c zephyr/libzephyr.a(shell_uart.c.obj)
 .text.cmd_buffer_clear
                0x000000000801240c       0x16 zephyr/libzephyr.a(shell.c.obj)
 .text.atomic_or
                0x0000000008012422       0x1e zephyr/libzephyr.a(shell.c.obj)
 .text.atomic_and
                0x0000000008012440       0x1e zephyr/libzephyr.a(shell.c.obj)
 .text.z_shell_raw_fprintf
                0x000000000801245e       0x1a zephyr/libzephyr.a(shell.c.obj)
 .text.z_shell_strlen
                0x0000000008012478        0xc zephyr/libzephyr.a(shell.c.obj)
 .text.shell_log_process
                0x0000000008012484       0x48 zephyr/libzephyr.a(shell.c.obj)
 .text.kill_handler
                0x00000000080124cc       0x4c zephyr/libzephyr.a(shell.c.obj)
 .text.z_shell_unlock.isra.0
                0x0000000008012518        0x8 zephyr/libzephyr.a(shell.c.obj)
 .text.z_shell_lock.isra.0
                0x0000000008012520       0x10 zephyr/libzephyr.a(shell.c.obj)
 .text.z_flag_cmd_ctx_set.isra.0
                0x0000000008012530       0x16 zephyr/libzephyr.a(shell.c.obj)
 .text.z_flag_history_exit_set.isra.0
                0x0000000008012546       0x14 zephyr/libzephyr.a(shell.c.obj)
 .text.z_flag_insert_mode_set.isra.0
                0x000000000801255a       0x1e zephyr/libzephyr.a(shell.c.obj)
 .text.z_shell_trylock.constprop.0.isra.0
                0x0000000008012578       0x12 zephyr/libzephyr.a(shell.c.obj)
 .text.transport_evt_handler
                0x000000000801258a       0x14 zephyr/libzephyr.a(shell.c.obj)
 .text.shell_signal_handle
                0x000000000801259e       0x38 zephyr/libzephyr.a(shell.c.obj)
 .text.shell_start
                0x00000000080125d6       0x64 zephyr/libzephyr.a(shell.c.obj)
                0x00000000080125d6                shell_start
 .text.shell_vfprintf
                0x000000000801263a       0x84 zephyr/libzephyr.a(shell.c.obj)
                0x000000000801263a                shell_vfprintf
 .text.shell_fprintf_impl
                0x00000000080126be       0x1a zephyr/libzephyr.a(shell.c.obj)
                0x00000000080126be                shell_fprintf_impl
 .text.shell_fprintf_info
                0x00000000080126d8       0x1c zephyr/libzephyr.a(shell.c.obj)
                0x00000000080126d8                shell_fprintf_info
 .text.shell_fprintf_normal
                0x00000000080126f4       0x1c zephyr/libzephyr.a(shell.c.obj)
                0x00000000080126f4                shell_fprintf_normal
 .text.shell_fprintf_warn
                0x0000000008012710       0x1c zephyr/libzephyr.a(shell.c.obj)
                0x0000000008012710                shell_fprintf_warn
 .text.shell_fprintf_error
                0x000000000801272c       0x1c zephyr/libzephyr.a(shell.c.obj)
                0x000000000801272c                shell_fprintf_error
 .text.shell_prompt_change
                0x0000000008012748       0x4e zephyr/libzephyr.a(shell.c.obj)
                0x0000000008012748                shell_prompt_change
 .text.shell_help
                0x0000000008012796       0x24 zephyr/libzephyr.a(shell.c.obj)
                0x0000000008012796                shell_help
 .text.shell_get_return_value
                0x00000000080127ba       0x10 zephyr/libzephyr.a(shell.c.obj)
                0x00000000080127ba                shell_get_return_value
 .text.shell_set_bypass
                0x00000000080127ca        0xc zephyr/libzephyr.a(shell.c.obj)
                0x00000000080127ca                shell_set_bypass
 .text.z_shell_fprintf_buffer_flush
                0x00000000080127d6       0x18 zephyr/libzephyr.a(shell_fprintf.c.obj)
                0x00000000080127d6                z_shell_fprintf_buffer_flush
 .text.out_func
                0x00000000080127ee       0x3c zephyr/libzephyr.a(shell_fprintf.c.obj)
 .text.z_shell_strlen
                0x000000000801282a        0xc zephyr/libzephyr.a(shell_utils.c.obj)
 .text.shell_device_internal
                0x0000000008012836       0xa4 zephyr/libzephyr.a(shell_utils.c.obj)
 .text.z_column_span_with_buffer_offsets_get
                0x00000000080128da       0x1e zephyr/libzephyr.a(shell_utils.c.obj)
                0x00000000080128da                z_column_span_with_buffer_offsets_get
 .text.z_row_span_with_buffer_offsets_get
                0x00000000080128f8       0x16 zephyr/libzephyr.a(shell_utils.c.obj)
                0x00000000080128f8                z_row_span_with_buffer_offsets_get
 .text.z_shell_multiline_data_calc
                0x000000000801290e       0x2c zephyr/libzephyr.a(shell_utils.c.obj)
                0x000000000801290e                z_shell_multiline_data_calc
 .text.z_shell_pattern_remove
                0x000000000801293a       0x4e zephyr/libzephyr.a(shell_utils.c.obj)
                0x000000000801293a                z_shell_pattern_remove
 .text.z_shell_find_cmd
                0x0000000008012988       0x56 zephyr/libzephyr.a(shell_utils.c.obj)
                0x0000000008012988                z_shell_find_cmd
 .text.z_shell_get_last_command
                0x00000000080129de       0x5c zephyr/libzephyr.a(shell_utils.c.obj)
                0x00000000080129de                z_shell_get_last_command
 .text.shell_device_lookup_all
                0x0000000008012a3a        0x8 zephyr/libzephyr.a(shell_utils.c.obj)
                0x0000000008012a3a                shell_device_lookup_all
 .text.shell_device_lookup_non_ready
                0x0000000008012a42        0x8 zephyr/libzephyr.a(shell_utils.c.obj)
                0x0000000008012a42                shell_device_lookup_non_ready
 .text.shell_device_get_binding_all
                0x0000000008012a4a       0x86 zephyr/libzephyr.a(shell_utils.c.obj)
                0x0000000008012a4a                shell_device_get_binding_all
 .text.shell_strtoul
                0x0000000008012ad0       0x58 zephyr/libzephyr.a(shell_utils.c.obj)
                0x0000000008012ad0                shell_strtoul
 .text.z_shell_raw_fprintf
                0x0000000008012b28       0x1a zephyr/libzephyr.a(shell_ops.c.obj)
 .text.full_line_cmd.isra.0
                0x0000000008012b42       0x24 zephyr/libzephyr.a(shell_ops.c.obj)
 .text.z_shell_cursor_in_empty_line
                0x0000000008012b66       0x2e zephyr/libzephyr.a(shell_ops.c.obj)
                0x0000000008012b66                z_shell_cursor_in_empty_line
 .text.z_shell_op_cond_next_line
                0x0000000008012b94       0x1e zephyr/libzephyr.a(shell_ops.c.obj)
                0x0000000008012b94                z_shell_op_cond_next_line
 .text.z_shell_op_cursor_position_synchronize
                0x0000000008012bb2       0x4a zephyr/libzephyr.a(shell_ops.c.obj)
                0x0000000008012bb2                z_shell_op_cursor_position_synchronize
 .text.z_shell_op_cursor_move
                0x0000000008012bfc       0x52 zephyr/libzephyr.a(shell_ops.c.obj)
                0x0000000008012bfc                z_shell_op_cursor_move
 .text.z_shell_op_cursor_home_move
                0x0000000008012c4e        0xe zephyr/libzephyr.a(shell_ops.c.obj)
                0x0000000008012c4e                z_shell_op_cursor_home_move
 .text.z_shell_op_cursor_end_move
                0x0000000008012c5c       0x12 zephyr/libzephyr.a(shell_ops.c.obj)
                0x0000000008012c5c                z_shell_op_cursor_end_move
 .text.z_shell_op_left_arrow
                0x0000000008012c6e       0x12 zephyr/libzephyr.a(shell_ops.c.obj)
                0x0000000008012c6e                z_shell_op_left_arrow
 .text.z_shell_op_right_arrow
                0x0000000008012c80       0x16 zephyr/libzephyr.a(shell_ops.c.obj)
                0x0000000008012c80                z_shell_op_right_arrow
 .text.z_shell_op_delete_from_cursor
                0x0000000008012c96       0x1c zephyr/libzephyr.a(shell_ops.c.obj)
                0x0000000008012c96                z_shell_op_delete_from_cursor
 .text.z_shell_cmd_line_erase
                0x0000000008012cb2       0x38 zephyr/libzephyr.a(shell_ops.c.obj)
                0x0000000008012cb2                z_shell_cmd_line_erase
 .text.z_shell_write
                0x0000000008012cea       0x82 zephyr/libzephyr.a(shell_ops.c.obj)