Archive member included to satisfy reference by file (symbol)

app/libapp.a(main.c.obj)      (--whole-archive)
zephyr/libzephyr.a(validate_libc.c.obj)
                              (--whole-archive)
zephyr/libzephyr.a(heap.c.obj)
                              (--whole-archive)
zephyr/libzephyr.a(heap_stats.c.obj)
                              (--whole-archive)
zephyr/libzephyr.a(cbprintf_packaged.c.obj)
                              (--whole-archive)
zephyr/libzephyr.a(clock.c.obj)
                              (--whole-archive)
zephyr/libzephyr.a(printk.c.obj)
                              (--whole-archive)
zephyr/libzephyr.a(sem.c.obj)
                              (--whole-archive)
zephyr/libzephyr.a(thread_entry.c.obj)
                              (--whole-archive)
zephyr/libzephyr.a(cbprintf_complete.c.obj)
                              (--whole-archive)
zephyr/libzephyr.a(assert.c.obj)
                              (--whole-archive)
zephyr/libzephyr.a(dec.c.obj)
                              (--whole-archive)
zephyr/libzephyr.a(hex.c.obj)
                              (--whole-archive)
zephyr/libzephyr.a(rb.c.obj)  (--whole-archive)
zephyr/libzephyr.a(timeutil.c.obj)
                              (--whole-archive)
zephyr/libzephyr.a(bitarray.c.obj)
                              (--whole-archive)
zephyr/libzephyr.a(bitmask.c.obj)
                              (--whole-archive)
zephyr/libzephyr.a(getopt.c.obj)
                              (--whole-archive)
zephyr/libzephyr.a(getopt_common.c.obj)
                              (--whole-archive)
zephyr/libzephyr.a(ring_buffer.c.obj)
                              (--whole-archive)
zephyr/libzephyr.a(last_section_id.c.obj)
                              (--whole-archive)
zephyr/libzephyr.a(configs.c.obj)
                              (--whole-archive)
zephyr/libzephyr.a(stm32cube_hal.c.obj)
                              (--whole-archive)
zephyr/libzephyr.a(soc_config.c.obj)
                              (--whole-archive)
zephyr/libzephyr.a(stm32_backup_domain.c.obj)
                              (--whole-archive)
zephyr/libzephyr.a(soc.c.obj)
                              (--whole-archive)
zephyr/libzephyr.a(mem_attr.c.obj)
                              (--whole-archive)
zephyr/libzephyr.a(tracing_none.c.obj)
                              (--whole-archive)
zephyr/arch/common/libarch__common.a(sw_isr_common.c.obj)
                              (--whole-archive)
zephyr/arch/common/libarch__common.a(init.c.obj)
                              (--whole-archive)
zephyr/arch/common/libarch__common.a(xip.c.obj)
                              (--whole-archive)
zephyr/arch/arch/arm/core/libarch__arm__core.a(fatal.c.obj)
                              (--whole-archive)
zephyr/arch/arch/arm/core/libarch__arm__core.a(nmi.c.obj)
                              (--whole-archive)
zephyr/arch/arch/arm/core/libarch__arm__core.a(nmi_on_reset.S.obj)
                              (--whole-archive)
zephyr/arch/arch/arm/core/libarch__arm__core.a(tls.c.obj)
                              (--whole-archive)
zephyr/arch/arch/arm/core/cortex_m/libarch__arm__core__cortex_m.a(exc_exit.c.obj)
                              (--whole-archive)
zephyr/arch/arch/arm/core/cortex_m/libarch__arm__core__cortex_m.a(fault.c.obj)
                              (--whole-archive)
zephyr/arch/arch/arm/core/cortex_m/libarch__arm__core__cortex_m.a(fault_s.S.obj)
                              (--whole-archive)
zephyr/arch/arch/arm/core/cortex_m/libarch__arm__core__cortex_m.a(fpu.c.obj)
                              (--whole-archive)
zephyr/arch/arch/arm/core/cortex_m/libarch__arm__core__cortex_m.a(reset.S.obj)
                              (--whole-archive)
zephyr/arch/arch/arm/core/cortex_m/libarch__arm__core__cortex_m.a(scb.c.obj)
                              (--whole-archive)
zephyr/arch/arch/arm/core/cortex_m/libarch__arm__core__cortex_m.a(thread_abort.c.obj)
                              (--whole-archive)
zephyr/arch/arch/arm/core/cortex_m/libarch__arm__core__cortex_m.a(vector_table.S.obj)
                              (--whole-archive)
zephyr/arch/arch/arm/core/cortex_m/libarch__arm__core__cortex_m.a(swap_helper.S.obj)
                              (--whole-archive)
zephyr/arch/arch/arm/core/cortex_m/libarch__arm__core__cortex_m.a(irq_manage.c.obj)
                              (--whole-archive)
zephyr/arch/arch/arm/core/cortex_m/libarch__arm__core__cortex_m.a(prep_c.c.obj)
                              (--whole-archive)
zephyr/arch/arch/arm/core/cortex_m/libarch__arm__core__cortex_m.a(thread.c.obj)
                              (--whole-archive)
zephyr/arch/arch/arm/core/cortex_m/libarch__arm__core__cortex_m.a(cpu_idle.c.obj)
                              (--whole-archive)
zephyr/arch/arch/arm/core/cortex_m/libarch__arm__core__cortex_m.a(irq_init.c.obj)
                              (--whole-archive)
zephyr/arch/arch/arm/core/cortex_m/libarch__arm__core__cortex_m.a(isr_wrapper.c.obj)
[...]
Memory Configuration

Name             Origin             Length             Attributes
FLASH            0x0000000008000000 0x0000000000080000 xr
RAM              0x0000000020000000 0x0000000000020000 xw
SRAM0            0x0000000020000000 0x0000000000020000 rw
IDT_LIST         0x00000000ffff7fff 0x0000000000008000 xw
*default*        0x0000000000000000 0xffffffffffffffff

Linker script and memory map

                0x00000000080041d0                vfprintf = __d_vfprintf
                0x0000000000000000                vfscanf = __d_vfscanf
LOAD zephyr/CMakeFiles/zephyr_pre0.dir/misc/empty_file.c.obj
LOAD zephyr/CMakeFiles/offsets.dir/./arch/arm/core/offsets/offsets.c.obj
LOAD app/libapp.a
LOAD zephyr/libzephyr.a
LOAD zephyr/arch/common/libarch__common.a
LOAD zephyr/arch/arch/arm/core/libarch__arm__core.a
LOAD zephyr/arch/arch/arm/core/cortex_m/libarch__arm__core__cortex_m.a
LOAD zephyr/arch/arch/arm/core/mpu/libarch__arm__core__mpu.a
LOAD zephyr/lib/libc/picolibc/liblib__libc__picolibc.a
LOAD zephyr/lib/libc/common/liblib__libc__common.a
LOAD zephyr/lib/posix/c_lib_ext/liblib__posix__c_lib_ext.a
LOAD zephyr/drivers/interrupt_controller/libdrivers__interrupt_controller.a
LOAD zephyr/drivers/adc/libdrivers__adc.a
LOAD zephyr/drivers/clock_control/libdrivers__clock_control.a
LOAD zephyr/drivers/console/libdrivers__console.a
LOAD zephyr/drivers/gpio/libdrivers__gpio.a
LOAD zephyr/drivers/pinctrl/libdrivers__pinctrl.a
LOAD zephyr/drivers/pwm/libdrivers__pwm.a
LOAD zephyr/drivers/reset/libdrivers__reset.a
LOAD zephyr/drivers/serial/libdrivers__serial.a
LOAD zephyr/drivers/timer/libdrivers__timer.a
LOAD modules/hal_stm32/stm32cube/lib..__modules__hal__stm32__stm32cube.a
LOAD zephyr/kernel/libkernel.a
LOAD zephyr/arch/common/libisr_tables.a
LOAD c:\users\brun0\zephyr-sdk-0.17.4\arm-zephyr-eabi\bin\../lib/gcc/../../picolibc/arm-zephyr-eabi/lib/thumb/v7e-m+fp/hard\libc.a
LOAD c:/users/brun0/zephyr-sdk-0.17.4/arm-zephyr-eabi/bin/../lib/gcc/arm-zephyr-eabi/12.2.0/thumb/v7e-m+fp/hard\libgcc.a
                0x0000000000000080                _region_min_align = 0x80

.rel.plt        0x0000000008000000        0x0
 *(SORT_BY_ALIGNMENT(.rel.plt))
                [!provide]                        PROVIDE (__rel_iplt_start = .)
 *(SORT_BY_ALIGNMENT(.rel.iplt))
 .rel.iplt      0x0000000008000000        0x0 app/libapp.a(main.c.obj)
                [!provide]                        PROVIDE (__rel_iplt_end = .)

.rela.plt       0x0000000000000000        0x0
 *(SORT_BY_ALIGNMENT(.rela.plt))
                [!provide]                        PROVIDE (__rela_iplt_start = .)
 *(SORT_BY_ALIGNMENT(.rela.iplt))
                [!provide]                        PROVIDE (__rela_iplt_end = .)

.rel.dyn
 *(SORT_BY_ALIGNMENT(.rel.*))

.rela.dyn
 *(SORT_BY_ALIGNMENT(.rela.*))

/DISCARD/
 *(SORT_BY_ALIGNMENT(.plt))

/DISCARD/
 *(SORT_BY_ALIGNMENT(.iplt))
                0x0000000008000000                __rom_region_start = 0x8000000

rom_start       0x0000000008000000      0x1d8
                0x0000000008000000                __rom_start_address = .
 FILL mask 0x00
                0x0000000008000000                . = (. + (0x0 - (. - __rom_start_address)))
                0x0000000008000000                . = ALIGN (0x4)
                0x0000000008000000                . = ALIGN (0x80)
                0x0000000008000000                . = ALIGN (0x200)
                0x0000000008000000                _vector_start = .
 *(SORT_BY_ALIGNMENT(.exc_vector_table))
 *(SORT_BY_ALIGNMENT(.exc_vector_table.*))
 .exc_vector_table._vector_table_section
                0x0000000008000000       0x40 zephyr/arch/arch/arm/core/cortex_m/libarch__arm__core__cortex_m.a(vector_table.S.obj)
                0x0000000008000000                _vector_table
 *(SORT_BY_ALIGNMENT(.vectors))
                0x00000000080001d8                _vector_end = .
                0x0000000008000040                . = ALIGN (0x4)
 *(SORT_BY_ALIGNMENT(.gnu.linkonce.irq_vector_table*))
 .gnu.linkonce.irq_vector_table
                0x0000000008000040      0x198 zephyr/arch/common/libisr_tables.a(isr_tables.c.obj)
                0x0000000008000040                _irq_vector_table
                0x00000000080001d8                _vector_end = .

text            0x00000000080001d8     0x63d8
                0x00000000080001d8                __text_region_start = .
 *(SORT_BY_ALIGNMENT(.text))
 .text          0x00000000080001d8       0x30 c:/users/brun0/zephyr-sdk-0.17.4/arm-zephyr-eabi/bin/../lib/gcc/arm-zephyr-eabi/12.2.0/thumb/v7e-m+fp/hard\libgcc.a(_aeabi_uldivmod.o)
                0x00000000080001d8                __aeabi_uldivmod
 .text          0x0000000008000208        0x4 c:/users/brun0/zephyr-sdk-0.17.4/arm-zephyr-eabi/bin/../lib/gcc/arm-zephyr-eabi/12.2.0/thumb/v7e-m+fp/hard\libgcc.a(_dvmd_tls.o)
                0x0000000008000208                __aeabi_idiv0
                0x0000000008000208                __aeabi_ldiv0
 .text          0x000000000800020c       0x14 c:\users\brun0\zephyr-sdk-0.17.4\arm-zephyr-eabi\bin\../lib/gcc/../../picolibc/arm-zephyr-eabi/lib/thumb/v7e-m+fp/hard\libc.a(strcmp.S.o)
                0x000000000800020c                strcmp
 .text          0x0000000008000220       0x26 c:/users/brun0/zephyr-sdk-0.17.4/arm-zephyr-eabi/bin/../lib/gcc/arm-zephyr-eabi/12.2.0/thumb/v7e-m+fp/hard\libgcc.a(_popcountsi2.o)
                0x0000000008000220                __popcountsi2
 .text          0x0000000008000246      0x2a0 c:/users/brun0/zephyr-sdk-0.17.4/arm-zephyr-eabi/bin/../lib/gcc/arm-zephyr-eabi/12.2.0/thumb/v7e-m+fp/hard\libgcc.a(_udivmoddi4.o)
                0x0000000008000246                __udivmoddi4
 *(SORT_BY_ALIGNMENT(.text.*))
 *fill*         0x00000000080004e6        0x2 
 .text.pwm_set.constprop.0
                0x00000000080004e8       0xac app/libapp.a(main.c.obj)
 .text.uart_cb  0x0000000008000594      0x128 app/libapp.a(main.c.obj)
 .text.adc_timer_callback
                0x00000000080006bc        0xc app/libapp.a(main.c.obj)
                0x00000000080006bc                adc_timer_callback
 .text.adc_thread
                0x00000000080006c8      0x104 app/libapp.a(main.c.obj)
 .text.servo_thread
                0x00000000080007cc      0x104 app/libapp.a(main.c.obj)
 .text.main     0x00000000080008d0      0x10c app/libapp.a(main.c.obj)
                0x00000000080008d0                main
 .text.char_out
                0x00000000080009dc        0xc zephyr/libzephyr.a(printk.c.obj)
 .text.__printk_hook_install
                0x00000000080009e8        0xc zephyr/libzephyr.a(printk.c.obj)
                0x00000000080009e8                __printk_hook_install
 .text.vprintk  0x00000000080009f4       0x30 zephyr/libzephyr.a(printk.c.obj)
                0x00000000080009f4                vprintk
 .text.z_thread_entry
                0x0000000008000a24       0x34 zephyr/libzephyr.a(thread_entry.c.obj)
                0x0000000008000a24                z_thread_entry
 .text.st_stm32_common_config
                0x0000000008000a58       0x14 zephyr/libzephyr.a(soc_config.c.obj)
 .text.soc_early_init_hook
                0x0000000008000a6c       0x68 zephyr/libzephyr.a(soc.c.obj)
                0x0000000008000a6c                soc_early_init_hook
 .text.mem_attr_get_regions
                0x0000000008000ad4        0xc zephyr/libzephyr.a(mem_attr.c.obj)
                0x0000000008000ad4                mem_attr_get_regions
 .text.arch_bss_zero
                0x0000000008000ae0       0x18 zephyr/arch/common/libarch__common.a(init.c.obj)
                0x0000000008000ae0                arch_bss_zero
 .text.arch_data_copy
                0x0000000008000af8       0x38 zephyr/arch/common/libarch__common.a(xip.c.obj)
                0x0000000008000af8                arch_data_copy
 .text.z_arm_fatal_error
                0x0000000008000b30       0xac zephyr/arch/arch/arm/core/libarch__arm__core.a(fatal.c.obj)
                0x0000000008000b30                z_arm_fatal_error
 .text.z_SysNmiOnReset
                0x0000000008000bdc        0x8 zephyr/arch/arch/arm/core/libarch__arm__core.a(nmi_on_reset.S.obj)
                0x0000000008000bdc                z_SysNmiOnReset
 .text.arch_tls_stack_setup
                0x0000000008000be4       0x40 zephyr/arch/arch/arm/core/libarch__arm__core.a(tls.c.obj)
                0x0000000008000be4                arch_tls_stack_setup
 .text._HandlerModeExit
                0x0000000008000c24       0x20 zephyr/arch/arch/arm/core/cortex_m/libarch__arm__core__cortex_m.a(exc_exit.c.obj)
                0x0000000008000c24                z_arm_int_exit
                0x0000000008000c24                z_arm_exc_exit
 .text.mem_manage_fault
                0x0000000008000c44       0xf0 zephyr/arch/arch/arm/core/cortex_m/libarch__arm__core__cortex_m.a(fault.c.obj)
 .text.usage_fault.constprop.0
                0x0000000008000d34       0x98 zephyr/arch/arch/arm/core/cortex_m/libarch__arm__core__cortex_m.a(fault.c.obj)
 .text.bus_fault.constprop.0
                0x0000000008000dcc       0xb8 zephyr/arch/arch/arm/core/cortex_m/libarch__arm__core__cortex_m.a(fault.c.obj)
 .text.z_arm_fault
                0x0000000008000e84      0x194 zephyr/arch/arch/arm/core/cortex_m/libarch__arm__core__cortex_m.a(fault.c.obj)
                0x0000000008000e84                z_arm_fault
 .text.z_arm_fault_init
                0x0000000008001018       0x18 zephyr/arch/arch/arm/core/cortex_m/libarch__arm__core__cortex_m.a(fault.c.obj)
                0x0000000008001018                z_arm_fault_init
 .text.__fault  0x0000000008001030       0x14 zephyr/arch/arch/arm/core/cortex_m/libarch__arm__core__cortex_m.a(fault_s.S.obj)
                0x0000000008001030                z_arm_usage_fault
                0x0000000008001030                z_arm_mpu_fault
                0x0000000008001030                z_arm_exc_spurious
                0x0000000008001030                z_arm_debug_monitor
                0x0000000008001030                z_arm_hard_fault
                0x0000000008001030                z_arm_bus_fault
 .text._reset_section
                0x0000000008001044       0x34 zephyr/arch/arch/arm/core/cortex_m/libarch__arm__core__cortex_m.a(reset.S.obj)
                0x0000000008001044                __start
                0x0000000008001044                z_arm_reset
 .text.z_impl_k_thread_abort
                0x0000000008001078       0x2c zephyr/arch/arch/arm/core/cortex_m/libarch__arm__core__cortex_m.a(thread_abort.c.obj)
                0x0000000008001078                z_impl_k_thread_abort
 .text.z_arm_pendsv
                0x00000000080010a4       0x9c zephyr/arch/arch/arm/core/cortex_m/libarch__arm__core__cortex_m.a(swap_helper.S.obj)
                0x00000000080010a4                z_arm_pendsv
 .text.z_arm_svc
                0x0000000008001140       0x24 zephyr/arch/arch/arm/core/cortex_m/libarch__arm__core__cortex_m.a(swap_helper.S.obj)
                0x0000000008001140                z_arm_svc
 .text.arm_irq_enable
                0x0000000008001164       0x1c zephyr/arch/arch/arm/core/cortex_m/libarch__arm__core__cortex_m.a(irq_manage.c.obj)
                0x0000000008001164                arm_irq_enable
 .text.arm_irq_priority_set
                0x0000000008001180       0x30 zephyr/arch/arch/arm/core/cortex_m/libarch__arm__core__cortex_m.a(irq_manage.c.obj)
                0x0000000008001180                arm_irq_priority_set
 .text.relocate_vector_table
                0x00000000080011b0       0x1c zephyr/arch/arch/arm/core/cortex_m/libarch__arm__core__cortex_m.a(prep_c.c.obj)
                0x00000000080011b0                relocate_vector_table
 .text.z_prep_c
                0x00000000080011cc       0x4c zephyr/arch/arch/arm/core/cortex_m/libarch__arm__core__cortex_m.a(prep_c.c.obj)
                0x00000000080011cc                z_prep_c
 .text.arch_new_thread
                0x0000000008001218       0x40 zephyr/arch/arch/arm/core/cortex_m/libarch__arm__core__cortex_m.a(thread.c.obj)
                0x0000000008001218                arch_new_thread
 .text.z_arm_mpu_stack_guard_and_fpu_adjust
                0x0000000008001258       0x54 zephyr/arch/arch/arm/core/cortex_m/libarch__arm__core__cortex_m.a(thread.c.obj)
                0x0000000008001258                z_arm_mpu_stack_guard_and_fpu_adjust
 .text.z_check_thread_stack_fail
                0x00000000080012ac       0x2c zephyr/arch/arch/arm/core/cortex_m/libarch__arm__core__cortex_m.a(thread.c.obj)
                0x00000000080012ac                z_check_thread_stack_fail
 .text.arch_float_disable
                0x00000000080012d8       0x48 zephyr/arch/arch/arm/core/cortex_m/libarch__arm__core__cortex_m.a(thread.c.obj)
                0x00000000080012d8                arch_float_disable
 .text.arch_switch_to_main_thread
                0x0000000008001320       0x58 zephyr/arch/arch/arm/core/cortex_m/libarch__arm__core__cortex_m.a(thread.c.obj)
                0x0000000008001320                arch_switch_to_main_thread
 .text.z_arm_cpu_idle_init
                0x0000000008001378        0xc zephyr/arch/arch/arm/core/cortex_m/libarch__arm__core__cortex_m.a(cpu_idle.c.obj)
                0x0000000008001378                z_arm_cpu_idle_init
 .text.z_arm_interrupt_init
                0x0000000008001384       0x18 zephyr/arch/arch/arm/core/cortex_m/libarch__arm__core__cortex_m.a(irq_init.c.obj)
                0x0000000008001384                z_arm_interrupt_init
 .text._isr_wrapper
                0x000000000800139c       0x24 zephyr/arch/arch/arm/core/cortex_m/libarch__arm__core__cortex_m.a(isr_wrapper.c.obj)
                0x000000000800139c                _isr_wrapper
 .text.z_arm_configure_static_mpu_regions
                0x00000000080013c0       0x18 zephyr/arch/arch/arm/core/mpu/libarch__arm__core__mpu.a(arm_core_mpu.c.obj)
                0x00000000080013c0                z_arm_configure_static_mpu_regions
 .text.z_arm_configure_dynamic_mpu_regions
                0x00000000080013d8       0x2c zephyr/arch/arch/arm/core/mpu/libarch__arm__core__mpu.a(arm_core_mpu.c.obj)
                0x00000000080013d8                z_arm_configure_dynamic_mpu_regions
 .text.region_init
                0x0000000008001404       0x28 zephyr/arch/arch/arm/core/mpu/libarch__arm__core__mpu.a(arm_mpu.c.obj)
 .text.mpu_configure_regions
                0x000000000800142c       0x6c zephyr/arch/arch/arm/core/mpu/libarch__arm__core__mpu.a(arm_mpu.c.obj)
 .text.arm_core_mpu_enable
                0x0000000008001498       0x18 zephyr/arch/arch/arm/core/mpu/libarch__arm__core__mpu.a(arm_mpu.c.obj)
                0x0000000008001498                arm_core_mpu_enable
 .text.arm_core_mpu_disable
                0x00000000080014b0       0x14 zephyr/arch/arch/arm/core/mpu/libarch__arm__core__mpu.a(arm_mpu.c.obj)
                0x00000000080014b0                arm_core_mpu_disable
 .text.arm_core_mpu_configure_static_mpu_regions
                0x00000000080014c4       0x14 zephyr/arch/arch/arm/core/mpu/libarch__arm__core__mpu.a(arm_mpu.c.obj)
                0x00000000080014c4                arm_core_mpu_configure_static_mpu_regions
 .text.arm_core_mpu_configure_dynamic_mpu_regions
                0x00000000080014d8       0x38 zephyr/arch/arch/arm/core/mpu/libarch__arm__core__mpu.a(arm_mpu.c.obj)
                0x00000000080014d8                arm_core_mpu_configure_dynamic_mpu_regions
 .text.z_arm_mpu_init
                0x0000000008001510      0x168 zephyr/arch/arch/arm/core/mpu/libarch__arm__core__mpu.a(arm_mpu.c.obj)
                0x0000000008001510                z_arm_mpu_init
 .text.z_impl_zephyr_fputc
                0x0000000008001678       0x10 zephyr/lib/libc/picolibc/liblib__libc__picolibc.a(stdio.c.obj)
                0x0000000008001678                z_impl_zephyr_fputc
 .text.__stdout_hook_install
                0x0000000008001688       0x18 zephyr/lib/libc/picolibc/liblib__libc__picolibc.a(stdio.c.obj)
                0x0000000008001688                __stdout_hook_install
 .text.malloc_prepare
                0x00000000080016a0       0x24 zephyr/lib/libc/common/liblib__libc__common.a(malloc.c.obj)
 .text.stm32_exti_init
                0x00000000080016c4       0x3c zephyr/drivers/interrupt_controller/libdrivers__interrupt_controller.a(intc_exti_stm32.c.obj)
 .text.stm32_exti_is_pending
                0x0000000008001700       0x28 zephyr/drivers/interrupt_controller/libdrivers__interrupt_controller.a(intc_exti_stm32.c.obj)
                0x0000000008001700                stm32_exti_is_pending
 .text.stm32_exti_clear_pending
                0x0000000008001728       0x28 zephyr/drivers/interrupt_controller/libdrivers__interrupt_controller.a(intc_exti_stm32.c.obj)
                0x0000000008001728                stm32_exti_clear_pending
 .text.stm32_fill_irq_table
                0x0000000008001750       0x18 zephyr/drivers/interrupt_controller/libdrivers__interrupt_controller.a(intc_gpio_stm32.c.obj)
 .text.stm32_intc_gpio_isr
                0x0000000008001768       0x4c zephyr/drivers/interrupt_controller/libdrivers__interrupt_controller.a(intc_gpio_stm32.c.obj)
 .text.stm32_gpio_intc_enable_line
                0x00000000080017b4       0x2c zephyr/drivers/interrupt_controller/libdrivers__interrupt_controller.a(intc_gpio_stm32.c.obj)
                0x00000000080017b4                stm32_gpio_intc_enable_line
 .text.stm32_gpio_intc_disable_line
                0x00000000080017e0       0x10 zephyr/drivers/interrupt_controller/libdrivers__interrupt_controller.a(intc_gpio_stm32.c.obj)
                0x00000000080017e0                stm32_gpio_intc_disable_line
 .text.stm32_gpio_intc_select_line_trigger
                0x00000000080017f0       0x50 zephyr/drivers/interrupt_controller/libdrivers__interrupt_controller.a(intc_gpio_stm32.c.obj)
                0x00000000080017f0                stm32_gpio_intc_select_line_trigger
 .text.stm32_gpio_intc_set_irq_callback
                0x0000000008001840       0x40 zephyr/drivers/interrupt_controller/libdrivers__interrupt_controller.a(intc_gpio_stm32.c.obj)
                0x0000000008001840                stm32_gpio_intc_set_irq_callback
 .text.stm32_gpio_intc_remove_irq_callback
                0x0000000008001880       0x24 zephyr/drivers/interrupt_controller/libdrivers__interrupt_controller.a(intc_gpio_stm32.c.obj)
                0x0000000008001880                stm32_gpio_intc_remove_irq_callback
 .text.stm32_exti_get_line_src_port
                0x00000000080018a4       0x38 zephyr/drivers/interrupt_controller/libdrivers__interrupt_controller.a(intc_gpio_stm32.c.obj)
                0x00000000080018a4                stm32_exti_get_line_src_port
 .text.adc_stm32_isr_18
                0x00000000080018dc       0xd0 zephyr/drivers/adc/libdrivers__adc.a(adc_stm32.c.obj)
 .text.adc_stm32_channel_setup
                0x00000000080019ac      0x134 zephyr/drivers/adc/libdrivers__adc.a(adc_stm32.c.obj)
 .text.adc_stm32_calibrate.isra.0
                0x0000000008001ae0       0x48 zephyr/drivers/adc/libdrivers__adc.a(adc_stm32.c.obj)
 .text.adc_stm32_init
                0x0000000008001b28      0x13c zephyr/drivers/adc/libdrivers__adc.a(adc_stm32.c.obj)
 .text.adc_stm32_read
                0x0000000008001c64      0x2b0 zephyr/drivers/adc/libdrivers__adc.a(adc_stm32.c.obj)
 .text.stm32_clock_control_get_subsys_rate
                0x0000000008001f14       0xb0 zephyr/drivers/clock_control/libdrivers__clock_control.a(clock_stm32_ll_common.c.obj)
 .text.stm32_clock_control_init
                0x0000000008001fc4      0x150 zephyr/drivers/clock_control/libdrivers__clock_control.a(clock_stm32_ll_common.c.obj)
                0x0000000008001fc4                stm32_clock_control_init
 .text.get_pllsrc_frequency
                0x0000000008002114        0x8 zephyr/drivers/clock_control/libdrivers__clock_control.a(clock_stm32g4.c.obj)
                0x0000000008002114                get_pllsrc_frequency
 .text.config_pll_sysclock
                0x000000000800211c       0x34 zephyr/drivers/clock_control/libdrivers__clock_control.a(clock_stm32g4.c.obj)
                0x000000000800211c                config_pll_sysclock
 .text.config_enable_default_clocks
                0x0000000008002150       0x20 zephyr/drivers/clock_control/libdrivers__clock_control.a(clock_stm32g4.c.obj)
                0x0000000008002150                config_enable_default_clocks
 .text.uart_console_init
                0x0000000008002170       0x28 zephyr/drivers/console/libdrivers__console.a(uart_console.c.obj)
 .text.console_out
                0x0000000008002198       0x28 zephyr/drivers/console/libdrivers__console.a(uart_console.c.obj)
 .text.gpio_stm32_pin_interrupt_configure
                0x00000000080021c0       0xb0 zephyr/drivers/gpio/libdrivers__gpio.a(gpio_stm32.c.obj)
 .text.gpio_stm32_init
                0x0000000008002270       0x38 zephyr/drivers/gpio/libdrivers__gpio.a(gpio_stm32.c.obj)
 .text.pinctrl_configure_pins
                0x00000000080022a8       0x84 zephyr/drivers/pinctrl/libdrivers__pinctrl.a(pinctrl_stm32.c.obj)
                0x00000000080022a8                pinctrl_configure_pins
 .text.pwm_stm32_set_cycles
                0x000000000800232c      0x2e4 zephyr/drivers/pwm/libdrivers__pwm.a(pwm_stm32.c.obj)
 .text.pwm_stm32_init
                0x0000000008002610      0x1b0 zephyr/drivers/pwm/libdrivers__pwm.a(pwm_stm32.c.obj)
 .text.uart_stm32_cfg2ll_stopbits
                0x00000000080027c0       0x38 zephyr/drivers/serial/libdrivers__serial.a(uart_stm32.c.obj)
 .text.uart_stm32_irq_err_enable
                0x00000000080027f8       0x60 zephyr/drivers/serial/libdrivers__serial.a(uart_stm32.c.obj)
 .text.uart_stm32_irq_err_disable
                0x0000000008002858       0x60 zephyr/drivers/serial/libdrivers__serial.a(uart_stm32.c.obj)
 .text.lpuartdiv_calc
                0x00000000080028b8       0x30 zephyr/drivers/serial/libdrivers__serial.a(uart_stm32.c.obj)
                0x00000000080028b8                lpuartdiv_calc
 .text.uart_stm32_set_baudrate
                0x00000000080028e8       0xc0 zephyr/drivers/serial/libdrivers__serial.a(uart_stm32.c.obj)
 .text.uart_stm32_configure
                0x00000000080029a8      0x100 zephyr/drivers/serial/libdrivers__serial.a(uart_stm32.c.obj)
 .text.uart_stm32_init
                0x0000000008002aa8      0x168 zephyr/drivers/serial/libdrivers__serial.a(uart_stm32.c.obj)
 .text.elapsed  0x0000000008002c10       0x4c zephyr/drivers/timer/libdrivers__timer.a(cortex_m_systick.c.obj)
 .text.sys_clock_driver_init
                0x0000000008002c5c       0x38 zephyr/drivers/timer/libdrivers__timer.a(cortex_m_systick.c.obj)
 .text.sys_clock_isr
                0x0000000008002c94       0x60 zephyr/drivers/timer/libdrivers__timer.a(cortex_m_systick.c.obj)
                0x0000000008002c94                sys_clock_isr
 .text.sys_clock_set_timeout
                0x0000000008002cf4       0xf8 zephyr/drivers/timer/libdrivers__timer.a(cortex_m_systick.c.obj)
                0x0000000008002cf4                sys_clock_set_timeout
 .text.sys_clock_elapsed
                0x0000000008002dec       0x3c zephyr/drivers/timer/libdrivers__timer.a(cortex_m_systick.c.obj)
                0x0000000008002dec                sys_clock_elapsed
 .text.sys_clock_cycle_get_32
                0x0000000008002e28       0x28 zephyr/drivers/timer/libdrivers__timer.a(cortex_m_systick.c.obj)
                0x0000000008002e28                sys_clock_cycle_get_32
 .text.HAL_RCC_GetSysClockFreq
                0x0000000008002e50       0x6c modules/hal_stm32/stm32cube/lib..__modules__hal__stm32__stm32cube.a(stm32g4xx_hal_rcc.c.obj)
                0x0000000008002e50                HAL_RCC_GetSysClockFreq
 .text.LL_SetFlashLatency
                0x0000000008002ebc       0xdc modules/hal_stm32/stm32cube/lib..__modules__hal__stm32__stm32cube.a(stm32g4xx_ll_utils.c.obj)
                0x0000000008002ebc                LL_SetFlashLatency
 .text.z_fatal_error
                0x0000000008002f98       0x30 zephyr/kernel/libkernel.a(fatal.c.obj)
                0x0000000008002f98                z_fatal_error
 .text.z_sys_init_run_level
                0x0000000008002fc8       0x30 zephyr/kernel/libkernel.a(init.c.obj)
 .text.bg_thread_main
                0x0000000008002ff8       0xc0 zephyr/kernel/libkernel.a(init.c.obj)
 .text.z_init_cpu
                0x00000000080030b8       0x6c zephyr/kernel/libkernel.a(init.c.obj)
                0x00000000080030b8                z_init_cpu
 .text.z_cstart
                0x0000000008003124       0xcc zephyr/kernel/libkernel.a(init.c.obj)
                0x0000000008003124                z_cstart
 .text.z_impl_k_mutex_lock
                0x00000000080031f0       0xf0 zephyr/kernel/libkernel.a(mutex.c.obj)
                0x00000000080031f0                z_impl_k_mutex_lock
 .text.z_impl_k_mutex_unlock
                0x00000000080032e0       0xa0 zephyr/kernel/libkernel.a(mutex.c.obj)
                0x00000000080032e0                z_impl_k_mutex_unlock
 .text.z_impl_k_sem_give
                0x0000000008003380       0x68 zephyr/kernel/libkernel.a(sem.c.obj)
                0x0000000008003380                z_impl_k_sem_give
 .text.z_impl_k_sem_take
                0x00000000080033e8       0x4c zephyr/kernel/libkernel.a(sem.c.obj)
                0x00000000080033e8                z_impl_k_sem_take
 .text.z_setup_new_thread
                0x0000000008003434       0x98 zephyr/kernel/libkernel.a(thread.c.obj)
                0x0000000008003434                z_setup_new_thread
 .text.z_impl_k_thread_create
                0x00000000080034cc       0x58 zephyr/kernel/libkernel.a(thread.c.obj)
                0x00000000080034cc                z_impl_k_thread_create
 .text.z_dummy_thread_init
                0x0000000008003524       0x20 zephyr/kernel/libkernel.a(thread.c.obj)
                0x0000000008003524                z_dummy_thread_init
 .text.z_swap_irqlock
                0x0000000008003544       0x30 zephyr/kernel/libkernel.a(sched.c.obj)
 .text.ready_thread
                0x0000000008003574       0x84 zephyr/kernel/libkernel.a(sched.c.obj)
 .text.unready_thread
                0x00000000080035f8       0x54 zephyr/kernel/libkernel.a(sched.c.obj)
 .text.add_thread_timeout
                0x000000000800364c       0x1c zephyr/kernel/libkernel.a(sched.c.obj)
 .text.move_current_to_end_of_prio_q
                0x0000000008003668       0x70 zephyr/kernel/libkernel.a(sched.c.obj)
                0x0000000008003668                move_current_to_end_of_prio_q
 .text.z_pend_curr
                0x00000000080036d8       0x44 zephyr/kernel/libkernel.a(sched.c.obj)
                0x00000000080036d8                z_pend_curr
 .text.z_thread_prio_set
                0x000000000800371c       0xe4 zephyr/kernel/libkernel.a(sched.c.obj)
                0x000000000800371c                z_thread_prio_set
 .text.z_reschedule
                0x0000000008003800       0x24 zephyr/kernel/libkernel.a(sched.c.obj)
                0x0000000008003800                z_reschedule
 .text.z_reschedule_irqlock
                0x0000000008003824       0x28 zephyr/kernel/libkernel.a(sched.c.obj)
                0x0000000008003824                z_reschedule_irqlock
 .text.k_sched_lock
                0x000000000800384c       0x28 zephyr/kernel/libkernel.a(sched.c.obj)
                0x000000000800384c                k_sched_lock
 .text.k_sched_unlock
                0x0000000008003874       0x68 zephyr/kernel/libkernel.a(sched.c.obj)
                0x0000000008003874                k_sched_unlock
 .text.z_sched_init
                0x00000000080038dc       0x10 zephyr/kernel/libkernel.a(sched.c.obj)
                0x00000000080038dc                z_sched_init
 .text.z_impl_k_yield
                0x00000000080038ec       0x88 zephyr/kernel/libkernel.a(sched.c.obj)
                0x00000000080038ec                z_impl_k_yield
 .text.z_tick_sleep
                0x0000000008003974       0x78 zephyr/kernel/libkernel.a(sched.c.obj)
 .text.z_impl_k_wakeup
                0x00000000080039ec       0x48 zephyr/kernel/libkernel.a(sched.c.obj)
                0x00000000080039ec                z_impl_k_wakeup
 .text.z_impl_k_sched_current_thread_query
                0x0000000008003a34        0xc zephyr/kernel/libkernel.a(sched.c.obj)
                0x0000000008003a34                z_impl_k_sched_current_thread_query
 .text.z_thread_abort
                0x0000000008003a40      0x140 zephyr/kernel/libkernel.a(sched.c.obj)
                0x0000000008003a40                z_thread_abort
 .text.slice_timeout
                0x0000000008003b80       0x20 zephyr/kernel/libkernel.a(timeslicing.c.obj)
 .text.thread_is_sliceable
                0x0000000008003ba0       0x3c zephyr/kernel/libkernel.a(timeslicing.c.obj)
                0x0000000008003ba0                thread_is_sliceable
 .text.z_reset_time_slice
                0x0000000008003bdc       0x50 zephyr/kernel/libkernel.a(timeslicing.c.obj)
                0x0000000008003bdc                z_reset_time_slice
 .text.z_time_slice
                0x0000000008003c2c       0x5c zephyr/kernel/libkernel.a(timeslicing.c.obj)
                0x0000000008003c2c                z_time_slice
 .text.first    0x0000000008003c88       0x10 zephyr/kernel/libkernel.a(timeout.c.obj)
 .text.elapsed  0x0000000008003c98       0x14 zephyr/kernel/libkernel.a(timeout.c.obj)
 .text.remove_timeout
                0x0000000008003cac       0x38 zephyr/kernel/libkernel.a(timeout.c.obj)
 .text.z_add_timeout
                0x0000000008003ce4      0x120 zephyr/kernel/libkernel.a(timeout.c.obj)
                0x0000000008003ce4                z_add_timeout
 .text.sys_clock_announce
                0x0000000008003e04       0xb4 zephyr/kernel/libkernel.a(timeout.c.obj)
                0x0000000008003e04                sys_clock_announce
 .text.sys_clock_tick_get
                0x0000000008003eb8       0x30 zephyr/kernel/libkernel.a(timeout.c.obj)
                0x0000000008003eb8                sys_clock_tick_get
 .text.z_timer_expiration_handler
                0x0000000008003ee8      0x104 zephyr/kernel/libkernel.a(timer.c.obj)
                0x0000000008003ee8                z_timer_expiration_handler
 .text.z_impl_k_timer_start
                0x0000000008003fec       0x70 zephyr/kernel/libkernel.a(timer.c.obj)
                0x0000000008003fec                z_impl_k_timer_start
 .text.k_thread_system_pool_assign
                0x000000000800405c        0xc zephyr/kernel/libkernel.a(mempool.c.obj)
                0x000000000800405c                k_thread_system_pool_assign
 .text.boot_banner
                0x0000000008004068        0xc zephyr/kernel/libkernel.a(banner.c.obj)
                0x0000000008004068                boot_banner
 .text.statics_init
                0x0000000008004074       0x24 zephyr/kernel/libkernel.a(kheap.c.obj)
 .text.skip_to_arg
                0x0000000008004098      0x138 c:\users\brun0\zephyr-sdk-0.17.4\arm-zephyr-eabi\bin\../lib/gcc/../../picolibc/arm-zephyr-eabi/lib/thumb/v7e-m+fp/hard\libc.a(libc_tinystdio_vfprintf.c.o)
 .text.vfprintf
                0x00000000080041d0      0x9bc c:\users\brun0\zephyr-sdk-0.17.4\arm-zephyr-eabi\bin\../lib/gcc/../../picolibc/arm-zephyr-eabi/lib/thumb/v7e-m+fp/hard\libc.a(libc_tinystdio_vfprintf.c.o)
                0x00000000080041d0                __d_vfprintf
 .text.div10    0x0000000008004b8c       0x28 c:\users\brun0\zephyr-sdk-0.17.4\arm-zephyr-eabi\bin\../lib/gcc/../../picolibc/arm-zephyr-eabi/lib/thumb/v7e-m+fp/hard\libc.a(libc_tinystdio_dtoa_ryu.c.o)
 .text.__dtoa_engine
                0x0000000008004bb4      0x4b0 c:\users\brun0\zephyr-sdk-0.17.4\arm-zephyr-eabi\bin\../lib/gcc/../../picolibc/arm-zephyr-eabi/lib/thumb/v7e-m+fp/hard\libc.a(libc_tinystdio_dtoa_ryu.c.o)
                0x0000000008004bb4                __dtoa_engine
 .text.__log10Pow2
                0x0000000008005064        0xc c:\users\brun0\zephyr-sdk-0.17.4\arm-zephyr-eabi\bin\../lib/gcc/../../picolibc/arm-zephyr-eabi/lib/thumb/v7e-m+fp/hard\libc.a(libc_tinystdio_ryu_log10.c.o)
                0x0000000008005064                __log10Pow2
 .text.__log10Pow5
                0x0000000008005070        0xc c:\users\brun0\zephyr-sdk-0.17.4\arm-zephyr-eabi\bin\../lib/gcc/../../picolibc/arm-zephyr-eabi/lib/thumb/v7e-m+fp/hard\libc.a(libc_tinystdio_ryu_log10.c.o)
                0x0000000008005070                __log10Pow5
 .text.__pow5bits
                0x000000000800507c       0x10 c:\users\brun0\zephyr-sdk-0.17.4\arm-zephyr-eabi\bin\../lib/gcc/../../picolibc/arm-zephyr-eabi/lib/thumb/v7e-m+fp/hard\libc.a(libc_tinystdio_ryu_pow5bits.c.o)
                0x000000000800507c                __pow5bits
 .text.__pow5Factor
                0x000000000800508c       0x30 c:\users\brun0\zephyr-sdk-0.17.4\arm-zephyr-eabi\bin\../lib/gcc/../../picolibc/arm-zephyr-eabi/lib/thumb/v7e-m+fp/hard\libc.a(libc_tinystdio_ryu_table.c.o)
                0x000000000800508c                __pow5Factor
 .text.__double_computePow5
                0x00000000080050bc       0xe8 c:\users\brun0\zephyr-sdk-0.17.4\arm-zephyr-eabi\bin\../lib/gcc/../../picolibc/arm-zephyr-eabi/lib/thumb/v7e-m+fp/hard\libc.a(libc_tinystdio_ryu_table.c.o)
                0x00000000080050bc                __double_computePow5
 .text.__double_computeInvPow5
                0x00000000080051a4       0xf8 c:\users\brun0\zephyr-sdk-0.17.4\arm-zephyr-eabi\bin\../lib/gcc/../../picolibc/arm-zephyr-eabi/lib/thumb/v7e-m+fp/hard\libc.a(libc_tinystdio_ryu_table.c.o)
                0x00000000080051a4                __double_computeInvPow5
 .text._OffsetAbsSyms
                0x000000000800529c        0x2 zephyr/CMakeFiles/offsets.dir/./arch/arm/core/offsets/offsets.c.obj
                0x000000000800529c                _OffsetAbsSyms
 .text.k_msleep.isra.0
                0x000000000800529e        0xa app/libapp.a(main.c.obj)
 .text.chunk_size
                0x00000000080052a8        0xa zephyr/libzephyr.a(heap.c.obj)
 .text.free_list_add
                0x00000000080052b2       0x5c zephyr/libzephyr.a(heap.c.obj)
 .text.sys_heap_init
                0x000000000800530e       0x7e zephyr/libzephyr.a(heap.c.obj)
                0x000000000800530e                sys_heap_init
 .text.arch_printk_char_out
                0x000000000800538c        0x4 zephyr/libzephyr.a(printk.c.obj)
                0x000000000800538c                arch_printk_char_out
 .text.printk   0x0000000008005390       0x1a zephyr/libzephyr.a(printk.c.obj)
                0x0000000008005390                printk
 .text._ConfigAbsSyms
                0x00000000080053aa        0x2 zephyr/libzephyr.a(configs.c.obj)
                0x00000000080053aa                _ConfigAbsSyms
 .text.arch_early_memset
                0x00000000080053ac        0x4 zephyr/arch/common/libarch__common.a(init.c.obj)
                0x00000000080053ac                arch_early_memset
 .text.arch_early_memcpy
                0x00000000080053b0        0x4 zephyr/arch/common/libarch__common.a(init.c.obj)
                0x00000000080053b0                arch_early_memcpy
 .text.z_do_kernel_oops
                0x00000000080053b4        0x8 zephyr/arch/arch/arm/core/libarch__arm__core.a(fatal.c.obj)
                0x00000000080053b4                z_do_kernel_oops
 .text.z_arm_nmi
                0x00000000080053bc        0xe zephyr/arch/arch/arm/core/libarch__arm__core.a(nmi.c.obj)
                0x00000000080053bc                z_arm_nmi
 .text.z_irq_spurious
                0x00000000080053ca        0x8 zephyr/arch/arch/arm/core/cortex_m/libarch__arm__core__cortex_m.a(irq_manage.c.obj)
                0x00000000080053ca                z_irq_spurious
 .text.arch_coprocessors_disable
                0x00000000080053d2        0x4 zephyr/arch/arch/arm/core/cortex_m/libarch__arm__core__cortex_m.a(thread.c.obj)
                0x00000000080053d2                arch_coprocessors_disable
 .text.arch_irq_unlock_outlined
                0x00000000080053d6        0xe zephyr/arch/arch/arm/core/cortex_m/libarch__arm__core__cortex_m.a(thread.c.obj)
                0x00000000080053d6                arch_irq_unlock_outlined
 .text.arch_cpu_idle
                0x00000000080053e4       0x1a zephyr/arch/arch/arm/core/cortex_m/libarch__arm__core__cortex_m.a(cpu_idle.c.obj)
                0x00000000080053e4                arch_cpu_idle
 .text.size_to_mpu_rasr_size
                0x00000000080053fe       0x20 zephyr/arch/arch/arm/core/mpu/libarch__arm__core__mpu.a(arm_mpu.c.obj)
 .text.picolibc_put
                0x000000000800541e        0xa zephyr/lib/libc/picolibc/liblib__libc__picolibc.a(stdio.c.obj)
 .text.stm32_exti_gpio_intc_init
                0x0000000008005428       0x92 zephyr/drivers/interrupt_controller/libdrivers__interrupt_controller.a(intc_gpio_stm32.c.obj)
 .text.stm32_gpio_intc_get_pin_irq_line
                0x00000000080054ba        0xa zephyr/drivers/interrupt_controller/libdrivers__interrupt_controller.a(intc_gpio_stm32.c.obj)
                0x00000000080054ba                stm32_gpio_intc_get_pin_irq_line
 .text.stm32_exti_set_line_src_port
                0x00000000080054c4       0x3c zephyr/drivers/interrupt_controller/libdrivers__interrupt_controller.a(intc_gpio_stm32.c.obj)
                0x00000000080054c4                stm32_exti_set_line_src_port
 .text.adc_stm32_isr_18_init
                0x0000000008005500       0x16 zephyr/drivers/adc/libdrivers__adc.a(adc_stm32.c.obj)
 .text.adc_stm32_calibration_start.isra.0
                0x0000000008005516       0x26 zephyr/drivers/adc/libdrivers__adc.a(adc_stm32.c.obj)
 .text.adc_context_start_sampling
                0x000000000800553c       0x1e zephyr/drivers/adc/libdrivers__adc.a(adc_stm32.c.obj)
 .text.adc_context_on_timer_expired
                0x000000000800555a       0x32 zephyr/drivers/adc/libdrivers__adc.a(adc_stm32.c.obj)
 .text.adc_stm32_enable.isra.0
                0x000000000800558c       0x32 zephyr/drivers/adc/libdrivers__adc.a(adc_stm32.c.obj)
 .text.adc_stm32_disable
                0x00000000080055be       0x56 zephyr/drivers/adc/libdrivers__adc.a(adc_stm32.c.obj)
 .text.stm32_clock_control_on
                0x0000000008005614       0x44 zephyr/drivers/clock_control/libdrivers__clock_control.a(clock_stm32_ll_common.c.obj)
 .text.stm32_clock_control_off
                0x0000000008005658       0x2c zephyr/drivers/clock_control/libdrivers__clock_control.a(clock_stm32_ll_common.c.obj)
 .text.enabled_clock
                0x0000000008005684       0x1e zephyr/drivers/clock_control/libdrivers__clock_control.a(clock_stm32_ll_common.c.obj)
                0x0000000008005684                enabled_clock
 .text.stm32_clock_control_configure
                0x00000000080056a2       0x58 zephyr/drivers/clock_control/libdrivers__clock_control.a(clock_stm32_ll_common.c.obj)
 .text.stm32_clock_control_get_status
                0x00000000080056fa       0x38 zephyr/drivers/clock_control/libdrivers__clock_control.a(clock_stm32_ll_common.c.obj)
 .text.config_regulator_voltage
                0x0000000008005732        0x2 zephyr/drivers/clock_control/libdrivers__clock_control.a(clock_stm32_ll_common.c.obj)
                0x0000000008005732                config_regulator_voltage
 .text.gpio_stm32_port_get_raw
                0x0000000008005734        0xc zephyr/drivers/gpio/libdrivers__gpio.a(gpio_stm32.c.obj)
 .text.gpio_stm32_port_set_masked_raw
                0x0000000008005740       0x12 zephyr/drivers/gpio/libdrivers__gpio.a(gpio_stm32.c.obj)
 .text.gpio_stm32_port_set_bits_raw
                0x0000000008005752        0xa zephyr/drivers/gpio/libdrivers__gpio.a(gpio_stm32.c.obj)
 .text.gpio_stm32_port_clear_bits_raw
                0x000000000800575c        0xa zephyr/drivers/gpio/libdrivers__gpio.a(gpio_stm32.c.obj)
 .text.gpio_stm32_port_toggle_bits
                0x0000000008005766        0xe zephyr/drivers/gpio/libdrivers__gpio.a(gpio_stm32.c.obj)
 .text.gpio_stm32_manage_callback
                0x0000000008005774       0x52 zephyr/drivers/gpio/libdrivers__gpio.a(gpio_stm32.c.obj)
 .text.gpio_stm32_configure_raw.isra.0
                0x00000000080057c6      0x106 zephyr/drivers/gpio/libdrivers__gpio.a(gpio_stm32.c.obj)
 .text.gpio_stm32_config
                0x00000000080058cc       0xd4 zephyr/drivers/gpio/libdrivers__gpio.a(gpio_stm32.c.obj)
 .text.gpio_stm32_isr
                0x00000000080059a0       0x2c zephyr/drivers/gpio/libdrivers__gpio.a(gpio_stm32.c.obj)
 .text.gpio_stm32_configure
                0x00000000080059cc       0x2a zephyr/drivers/gpio/libdrivers__gpio.a(gpio_stm32.c.obj)
                0x00000000080059cc                gpio_stm32_configure
 .text.pinctrl_lookup_state
                0x00000000080059f6       0x26 zephyr/drivers/pinctrl/libdrivers__pinctrl.a(common.c.obj)
                0x00000000080059f6                pinctrl_lookup_state
 .text.LL_TIM_OC_SetCompareCH1
                0x0000000008005a1c        0x4 zephyr/drivers/pwm/libdrivers__pwm.a(pwm_stm32.c.obj)
 .text.LL_TIM_OC_SetCompareCH2
                0x0000000008005a20        0x4 zephyr/drivers/pwm/libdrivers__pwm.a(pwm_stm32.c.obj)
 .text.LL_TIM_OC_SetCompareCH3
                0x0000000008005a24        0x4 zephyr/drivers/pwm/libdrivers__pwm.a(pwm_stm32.c.obj)
 .text.LL_TIM_OC_SetCompareCH4
                0x0000000008005a28        0x4 zephyr/drivers/pwm/libdrivers__pwm.a(pwm_stm32.c.obj)
 .text.LL_TIM_OC_SetCompareCH5
                0x0000000008005a2c        0x6 zephyr/drivers/pwm/libdrivers__pwm.a(pwm_stm32.c.obj)
 .text.LL_TIM_OC_SetCompareCH6
                0x0000000008005a32        0x4 zephyr/drivers/pwm/libdrivers__pwm.a(pwm_stm32.c.obj)
 .text.pwm_stm32_get_cycles_per_sec
                0x0000000008005a36       0x16 zephyr/drivers/pwm/libdrivers__pwm.a(pwm_stm32.c.obj)
 .text.reset_stm32_status
                0x0000000008005a4c       0x20 zephyr/drivers/reset/libdrivers__reset.a(reset_stm32.c.obj)
 .text.reset_stm32_line_assert
                0x0000000008005a6c       0x1c zephyr/drivers/reset/libdrivers__reset.a(reset_stm32.c.obj)
 .text.reset_stm32_line_deassert
                0x0000000008005a88       0x1e zephyr/drivers/reset/libdrivers__reset.a(reset_stm32.c.obj)
 .text.reset_stm32_line_toggle
                0x0000000008005aa6       0x16 zephyr/drivers/reset/libdrivers__reset.a(reset_stm32.c.obj)
 .text.uart_stm32_ll2cfg_databits
                0x0000000008005abc       0x2a zephyr/drivers/serial/libdrivers__serial.a(uart_stm32.c.obj)
 .text.uart_stm32_err_check
                0x0000000008005ae6       0x5a zephyr/drivers/serial/libdrivers__serial.a(uart_stm32.c.obj)
 .text.uart_stm32_irq_tx_enable
                0x0000000008005b40       0x16 zephyr/drivers/serial/libdrivers__serial.a(uart_stm32.c.obj)
 .text.uart_stm32_irq_tx_disable
                0x0000000008005b56       0x16 zephyr/drivers/serial/libdrivers__serial.a(uart_stm32.c.obj)
 .text.uart_stm32_irq_rx_enable
                0x0000000008005b6c       0x16 zephyr/drivers/serial/libdrivers__serial.a(uart_stm32.c.obj)
 .text.uart_stm32_irq_rx_disable
                0x0000000008005b82       0x16 zephyr/drivers/serial/libdrivers__serial.a(uart_stm32.c.obj)
 .text.uart_stm32_irq_rx_ready
                0x0000000008005b98        0xc zephyr/drivers/serial/libdrivers__serial.a(uart_stm32.c.obj)
 .text.uart_stm32_irq_update
                0x0000000008005ba4        0x4 zephyr/drivers/serial/libdrivers__serial.a(uart_stm32.c.obj)
 .text.uart_stm32_irq_callback_set
                0x0000000008005ba8        0x8 zephyr/drivers/serial/libdrivers__serial.a(uart_stm32.c.obj)
 .text.uart_stm32_isr
                0x0000000008005bb0        0xc zephyr/drivers/serial/libdrivers__serial.a(uart_stm32.c.obj)
 .text.uart_stm32_irq_config_func_0
                0x0000000008005bbc       0x16 zephyr/drivers/serial/libdrivers__serial.a(uart_stm32.c.obj)
 .text.uart_stm32_irq_config_func_1
                0x0000000008005bd2       0x16 zephyr/drivers/serial/libdrivers__serial.a(uart_stm32.c.obj)
 .text.uart_stm32_irq_config_func_2
                0x0000000008005be8       0x16 zephyr/drivers/serial/libdrivers__serial.a(uart_stm32.c.obj)
 .text.uart_stm32_irq_tx_complete
                0x0000000008005bfe        0xc zephyr/drivers/serial/libdrivers__serial.a(uart_stm32.c.obj)
 .text.uart_stm32_irq_tx_ready
                0x0000000008005c0a       0x14 zephyr/drivers/serial/libdrivers__serial.a(uart_stm32.c.obj)
 .text.uart_stm32_config_get
                0x0000000008005c1e       0x92 zephyr/drivers/serial/libdrivers__serial.a(uart_stm32.c.obj)
 .text.uart_stm32_fifo_fill
                0x0000000008005cb0       0x58 zephyr/drivers/serial/libdrivers__serial.a(uart_stm32.c.obj)
 .text.uart_stm32_poll_out
                0x0000000008005d08       0x36 zephyr/drivers/serial/libdrivers__serial.a(uart_stm32.c.obj)
 .text.uart_stm32_irq_is_pending
                0x0000000008005d3e       0x24 zephyr/drivers/serial/libdrivers__serial.a(uart_stm32.c.obj)
 .text.uart_stm32_fifo_read
                0x0000000008005d62       0x44 zephyr/drivers/serial/libdrivers__serial.a(uart_stm32.c.obj)
 .text.uart_stm32_poll_in
                0x0000000008005da6       0x20 zephyr/drivers/serial/libdrivers__serial.a(uart_stm32.c.obj)
 .text.uart_stm32_parameters_set
                0x0000000008005dc6      0x13e zephyr/drivers/serial/libdrivers__serial.a(uart_stm32.c.obj)
 .text.z_impl_k_busy_wait
                0x0000000008005f04       0x1c zephyr/kernel/libkernel.a(busy_wait.c.obj)
                0x0000000008005f04                z_impl_k_busy_wait
 .text.do_device_init
                0x0000000008005f20       0x30 zephyr/kernel/libkernel.a(device.c.obj)
                0x0000000008005f20                do_device_init
 .text.z_impl_device_is_ready
                0x0000000008005f50       0x16 zephyr/kernel/libkernel.a(device.c.obj)
                0x0000000008005f50                z_impl_device_is_ready
 .text.arch_system_halt
                0x0000000008005f66       0x10 zephyr/kernel/libkernel.a(fatal.c.obj)
                0x0000000008005f66                arch_system_halt
 .text.k_sys_fatal_error_handler
                0x0000000008005f76        0x6 zephyr/kernel/libkernel.a(fatal.c.obj)
                0x0000000008005f76                k_sys_fatal_error_handler
 .text.idle     0x0000000008005f7c       0x16 zephyr/kernel/libkernel.a(idle.c.obj)
                0x0000000008005f7c                idle
 .text.adjust_owner_prio.isra.0
                0x0000000008005f92       0x10 zephyr/kernel/libkernel.a(mutex.c.obj)
 .text.z_impl_k_thread_name_set
                0x0000000008005fa2        0x6 zephyr/kernel/libkernel.a(thread.c.obj)
                0x0000000008005fa2                z_impl_k_thread_name_set
 .text.sys_dlist_remove
                0x0000000008005fa8       0x10 zephyr/kernel/libkernel.a(sched.c.obj)
 .text.unpend_thread_no_timeout
                0x0000000008005fb8       0x14 zephyr/kernel/libkernel.a(sched.c.obj)
 .text.add_to_waitq_locked
                0x0000000008005fcc       0x50 zephyr/kernel/libkernel.a(sched.c.obj)
 .text.z_ready_thread
                0x000000000800601c       0x1e zephyr/kernel/libkernel.a(sched.c.obj)
                0x000000000800601c                z_ready_thread
 .text.z_unpend_thread_no_timeout
                0x000000000800603a       0x22 zephyr/kernel/libkernel.a(sched.c.obj)
                0x000000000800603a                z_unpend_thread_no_timeout
 .text.z_sched_wake_thread
                0x000000000800605c       0x3a zephyr/kernel/libkernel.a(sched.c.obj)
                0x000000000800605c                z_sched_wake_thread
 .text.z_thread_timeout
                0x0000000008006096        0x8 zephyr/kernel/libkernel.a(sched.c.obj)
                0x0000000008006096                z_thread_timeout
 .text.z_unpend1_no_timeout
                0x000000000800609e       0x2c zephyr/kernel/libkernel.a(sched.c.obj)
                0x000000000800609e                z_unpend1_no_timeout
 .text.z_impl_k_sleep
                0x00000000080060ca       0x3e zephyr/kernel/libkernel.a(sched.c.obj)
                0x00000000080060ca                z_impl_k_sleep
 .text.next_timeout
                0x0000000008006108       0x2e zephyr/kernel/libkernel.a(timeout.c.obj)
 .text.z_abort_timeout
                0x0000000008006136       0x50 zephyr/kernel/libkernel.a(timeout.c.obj)
                0x0000000008006136                z_abort_timeout
 .text.sys_clock_tick_get_32
                0x0000000008006186        0x8 zephyr/kernel/libkernel.a(timeout.c.obj)
                0x0000000008006186                sys_clock_tick_get_32
 .text.z_impl_k_uptime_ticks
                0x000000000800618e        0x4 zephyr/kernel/libkernel.a(timeout.c.obj)
                0x000000000800618e                z_impl_k_uptime_ticks
 .text.k_timer_init
                0x0000000008006192       0x18 zephyr/kernel/libkernel.a(timer.c.obj)
                0x0000000008006192                k_timer_init
 .text.z_impl_k_timer_stop
                0x00000000080061aa       0x38 zephyr/kernel/libkernel.a(timer.c.obj)
                0x00000000080061aa                z_impl_k_timer_stop
 .text.k_heap_init
                0x00000000080061e2       0x12 zephyr/kernel/libkernel.a(kheap.c.obj)
                0x00000000080061e2                k_heap_init
 .text.memcpy   0x00000000080061f4       0x1c c:\users\brun0\zephyr-sdk-0.17.4\arm-zephyr-eabi\bin\../lib/gcc/../../picolibc/arm-zephyr-eabi/lib/thumb/v7e-m+fp/hard\libc.a(memcpy.c.o)
                0x00000000080061f4                __aeabi_memcpy
                0x00000000080061f4                __aeabi_memcpy4
                0x00000000080061f4                __aeabi_memcpy8
                0x00000000080061f4                memcpy
 .text.memset   0x0000000008006210       0x10 c:\users\brun0\zephyr-sdk-0.17.4\arm-zephyr-eabi\bin\../lib/gcc/../../picolibc/arm-zephyr-eabi/lib/thumb/v7e-m+fp/hard\libc.a(memset.c.o)
                0x0000000008006210                memset
 .text.strnlen  0x0000000008006220       0x18 c:\users\brun0\zephyr-sdk-0.17.4\arm-zephyr-eabi\bin\../lib/gcc/../../picolibc/arm-zephyr-eabi/lib/thumb/v7e-m+fp/hard\libc.a(libc_string_strnlen.c.o)
                0x0000000008006220                strnlen
 .text.__ultoa_invert
                0x0000000008006238       0x50 c:\users\brun0\zephyr-sdk-0.17.4\arm-zephyr-eabi\bin\../lib/gcc/../../picolibc/arm-zephyr-eabi/lib/thumb/v7e-m+fp/hard\libc.a(libc_tinystdio_vfprintf.c.o)
 .text.mulShiftAll64
                0x0000000008006288      0x17a c:\users\brun0\zephyr-sdk-0.17.4\arm-zephyr-eabi\bin\../lib/gcc/../../picolibc/arm-zephyr-eabi/lib/thumb/v7e-m+fp/hard\libc.a(libc_tinystdio_dtoa_ryu.c.o)
 .text.__umul128
                0x0000000008006402       0x36 c:\users\brun0\zephyr-sdk-0.17.4\arm-zephyr-eabi\bin\../lib/gcc/../../picolibc/arm-zephyr-eabi/lib/thumb/v7e-m+fp/hard\libc.a(libc_tinystdio_ryu_umul128.c.o)
                0x0000000008006402                __umul128
 .text.__shiftright128
                0x0000000008006438       0x3e c:\users\brun0\zephyr-sdk-0.17.4\arm-zephyr-eabi\bin\../lib/gcc/../../picolibc/arm-zephyr-eabi/lib/thumb/v7e-m+fp/hard\libc.a(libc_tinystdio_ryu_umul128.c.o)
                0x0000000008006438                __shiftright128
 .text.__dtox_engine
                0x0000000008006476      0x12e c:\users\brun0\zephyr-sdk-0.17.4\arm-zephyr-eabi\bin\../lib/gcc/../../picolibc/arm-zephyr-eabi/lib/thumb/v7e-m+fp/hard\libc.a(libc_tinystdio_dtox_engine.c.o)
                0x0000000008006476                __dtox_engine
 *(SORT_BY_ALIGNMENT(.TEXT.*))
 .TEXT.__aeabi_read_tp
                0x00000000080065a4        0xc zephyr/arch/arch/arm/core/cortex_m/libarch__arm__core__cortex_m.a(__aeabi_read_tp.S.obj)
                0x00000000080065a4                __aeabi_read_tp
 *(SORT_BY_ALIGNMENT(.gnu.linkonce.t.*))
 *(SORT_BY_ALIGNMENT(.glue_7t))
 .glue_7t       0x00000000080065b0        0x0 linker stubs
 *(SORT_BY_ALIGNMENT(.glue_7))
 .glue_7        0x00000000080065b0        0x0 linker stubs
 *(SORT_BY_ALIGNMENT(.vfp11_veneer))
 .vfp11_veneer  0x00000000080065b0        0x0 linker stubs
 *(SORT_BY_ALIGNMENT(.v4_bx))
 .v4_bx         0x00000000080065b0        0x0 linker stubs
                0x00000000080065b0                . = ALIGN (0x4)
                0x00000000080065b0                __text_region_end = .

.ARM.exidx      0x00000000080065b0        0x8
                0x00000000080065b0                __exidx_start = .
 *(SORT_BY_ALIGNMENT(.ARM.exidx*) SORT_BY_ALIGNMENT(gnu.linkonce.armexidx.*))
 .ARM.exidx     0x00000000080065b0        0x8 c:/users/brun0/zephyr-sdk-0.17.4/arm-zephyr-eabi/bin/../lib/gcc/arm-zephyr-eabi/12.2.0/thumb/v7e-m+fp/hard\libgcc.a(_udivmoddi4.o)
                0x00000000080065b8                __exidx_end = .
                0x00000000080065b8                __rodata_region_start = .

initlevel       0x00000000080065b8       0xb8
                0x00000000080065b8                __init_start = .
                0x00000000080065b8                __init_EARLY_start = .
 *(SORT_BY_NAME(SORT_BY_ALIGNMENT(.z_init_EARLY_P_?_*)))
 *(SORT_BY_NAME(SORT_BY_ALIGNMENT(.z_init_EARLY_P_??_*)))
 *(SORT_BY_NAME(SORT_BY_ALIGNMENT(.z_init_EARLY_P_???_*)))
                0x00000000080065b8                __init_PRE_KERNEL_1_start = .
 *(SORT_BY_NAME(SORT_BY_ALIGNMENT(.z_init_PRE_KERNEL_1_P_?_*)))
 .z_init_PRE_KERNEL_1_P_1_SUB_00009_
                0x00000000080065b8        0x8 zephyr/drivers/clock_control/libdrivers__clock_control.a(clock_stm32_ll_common.c.obj)
 .z_init_PRE_KERNEL_1_P_1_SUB_0_
                0x00000000080065c0        0x8 zephyr/libzephyr.a(soc_config.c.obj)
 *(SORT_BY_NAME(SORT_BY_ALIGNMENT(.z_init_PRE_KERNEL_1_P_??_*)))
 .z_init_PRE_KERNEL_1_P_30_SUB_0_
                0x00000000080065c8        0x8 zephyr/kernel/libkernel.a(kheap.c.obj)
 .z_init_PRE_KERNEL_1_P_35_SUB_00043_
                0x00000000080065d0        0x8 zephyr/drivers/reset/libdrivers__reset.a(reset_stm32.c.obj)
 .z_init_PRE_KERNEL_1_P_40_SUB_00037_
                0x00000000080065d8        0x8 zephyr/drivers/gpio/libdrivers__gpio.a(gpio_stm32.c.obj)
 .z_init_PRE_KERNEL_1_P_40_SUB_00040_
                0x00000000080065e0        0x8 zephyr/drivers/gpio/libdrivers__gpio.a(gpio_stm32.c.obj)
 .z_init_PRE_KERNEL_1_P_40_SUB_00067_
                0x00000000080065e8        0x8 zephyr/drivers/interrupt_controller/libdrivers__interrupt_controller.a(intc_exti_stm32.c.obj)
 .z_init_PRE_KERNEL_1_P_40_SUB_00097_
                0x00000000080065f0        0x8 zephyr/drivers/gpio/libdrivers__gpio.a(gpio_stm32.c.obj)
 .z_init_PRE_KERNEL_1_P_40_SUB_00121_
                0x00000000080065f8        0x8 zephyr/drivers/gpio/libdrivers__gpio.a(gpio_stm32.c.obj)
 .z_init_PRE_KERNEL_1_P_40_SUB_00122_
                0x0000000008006600        0x8 zephyr/drivers/gpio/libdrivers__gpio.a(gpio_stm32.c.obj)
 .z_init_PRE_KERNEL_1_P_40_SUB_00123_
                0x0000000008006608        0x8 zephyr/drivers/gpio/libdrivers__gpio.a(gpio_stm32.c.obj)
 .z_init_PRE_KERNEL_1_P_40_SUB_00124_
                0x0000000008006610        0x8 zephyr/drivers/gpio/libdrivers__gpio.a(gpio_stm32.c.obj)
 .z_init_PRE_KERNEL_1_P_40_SUB_0_
                0x0000000008006618        0x8 zephyr/drivers/interrupt_controller/libdrivers__interrupt_controller.a(intc_gpio_stm32.c.obj)
 .z_init_PRE_KERNEL_1_P_50_SUB_00075_
                0x0000000008006620        0x8 zephyr/drivers/serial/libdrivers__serial.a(uart_stm32.c.obj)
 .z_init_PRE_KERNEL_1_P_50_SUB_00083_
                0x0000000008006628        0x8 zephyr/drivers/serial/libdrivers__serial.a(uart_stm32.c.obj)
 .z_init_PRE_KERNEL_1_P_50_SUB_00086_
                0x0000000008006630        0x8 zephyr/drivers/serial/libdrivers__serial.a(uart_stm32.c.obj)
 .z_init_PRE_KERNEL_1_P_60_SUB_0_
                0x0000000008006638        0x8 zephyr/drivers/console/libdrivers__console.a(uart_console.c.obj)
 *(SORT_BY_NAME(SORT_BY_ALIGNMENT(.z_init_PRE_KERNEL_1_P_???_*)))
                0x0000000008006640                __init_PRE_KERNEL_2_start = .
 *(SORT_BY_NAME(SORT_BY_ALIGNMENT(.z_init_PRE_KERNEL_2_P_?_*)))
 .z_init_PRE_KERNEL_2_P_0_SUB_0_
                0x0000000008006640        0x8 zephyr/drivers/timer/libdrivers__timer.a(cortex_m_systick.c.obj)
 *(SORT_BY_NAME(SORT_BY_ALIGNMENT(.z_init_PRE_KERNEL_2_P_??_*)))
 *(SORT_BY_NAME(SORT_BY_ALIGNMENT(.z_init_PRE_KERNEL_2_P_???_*)))
                0x0000000008006648                __init_POST_KERNEL_start = .
 *(SORT_BY_NAME(SORT_BY_ALIGNMENT(.z_init_POST_KERNEL_P_?_*)))
 *(SORT_BY_NAME(SORT_BY_ALIGNMENT(.z_init_POST_KERNEL_P_??_*)))
 .z_init_POST_KERNEL_P_35_SUB_0_
                0x0000000008006648        0x8 zephyr/lib/libc/common/liblib__libc__common.a(malloc.c.obj)
 .z_init_POST_KERNEL_P_50_SUB_00012_
                0x0000000008006650        0x8 zephyr/drivers/adc/libdrivers__adc.a(adc_stm32.c.obj)
 .z_init_POST_KERNEL_P_50_SUB_00046_
                0x0000000008006658        0x8 zephyr/drivers/pwm/libdrivers__pwm.a(pwm_stm32.c.obj)
 .z_init_POST_KERNEL_P_50_SUB_00130_
                0x0000000008006660        0x8 zephyr/drivers/pwm/libdrivers__pwm.a(pwm_stm32.c.obj)
 .z_init_POST_KERNEL_P_50_SUB_00141_
                0x0000000008006668        0x8 zephyr/drivers/pwm/libdrivers__pwm.a(pwm_stm32.c.obj)
 *(SORT_BY_NAME(SORT_BY_ALIGNMENT(.z_init_POST_KERNEL_P_???_*)))
                0x0000000008006670                __init_APPLICATION_start = .
 *(SORT_BY_NAME(SORT_BY_ALIGNMENT(.z_init_APPLICATION_P_?_*)))
 *(SORT_BY_NAME(SORT_BY_ALIGNMENT(.z_init_APPLICATION_P_??_*)))
 *(SORT_BY_NAME(SORT_BY_ALIGNMENT(.z_init_APPLICATION_P_???_*)))
                0x0000000008006670                __init_SMP_start = .
 *(SORT_BY_NAME(SORT_BY_ALIGNMENT(.z_init_SMP_P_?_*)))
 *(SORT_BY_NAME(SORT_BY_ALIGNMENT(.z_init_SMP_P_??_*)))
 *(SORT_BY_NAME(SORT_BY_ALIGNMENT(.z_init_SMP_P_???_*)))
                0x0000000008006670                __init_end = .

device_area     0x0000000008006670      0x1dc
                0x0000000008006670                _device_list_start = .
 *(SORT_BY_NAME(SORT_BY_ALIGNMENT(._device.static.*_?_*)))
 ._device.static.1_1_
                0x0000000008006670       0x1c zephyr/drivers/clock_control/libdrivers__clock_control.a(clock_stm32_ll_common.c.obj)
                0x0000000008006670                __device_dts_ord_9
 *(SORT_BY_NAME(SORT_BY_ALIGNMENT(._device.static.*_??_*)))
 ._device.static.1_35_
                0x000000000800668c       0x1c zephyr/drivers/reset/libdrivers__reset.a(reset_stm32.c.obj)
                0x000000000800668c                __device_dts_ord_43
 ._device.static.1_40_
                0x00000000080066a8       0x1c zephyr/drivers/interrupt_controller/libdrivers__interrupt_controller.a(intc_exti_stm32.c.obj)
                0x00000000080066a8                __device_dts_ord_67
 ._device.static.1_40_
                0x00000000080066c4       0xc4 zephyr/drivers/gpio/libdrivers__gpio.a(gpio_stm32.c.obj)
                0x00000000080066c4                __device_dts_ord_124
                0x00000000080066e0                __device_dts_ord_123
                0x00000000080066fc                __device_dts_ord_122
                0x0000000008006718                __device_dts_ord_121
                0x0000000008006734                __device_dts_ord_37
                0x0000000008006750                __device_dts_ord_97
                0x000000000800676c                __device_dts_ord_40
 ._device.static.1_50_
                0x0000000008006788       0x54 zephyr/drivers/serial/libdrivers__serial.a(uart_stm32.c.obj)
                0x0000000008006788                __device_dts_ord_83
                0x00000000080067a4                __device_dts_ord_75
                0x00000000080067c0                __device_dts_ord_86
 ._device.static.3_50_
                0x00000000080067dc       0x1c zephyr/drivers/adc/libdrivers__adc.a(adc_stm32.c.obj)
                0x00000000080067dc                __device_dts_ord_12
 ._device.static.3_50_
                0x00000000080067f8       0x54 zephyr/drivers/pwm/libdrivers__pwm.a(pwm_stm32.c.obj)
                0x00000000080067f8                __device_dts_ord_130
                0x0000000008006814                __device_dts_ord_46
                0x0000000008006830                __device_dts_ord_141
 *(SORT_BY_NAME(SORT_BY_ALIGNMENT(._device.static.*_???_*)))
 *(SORT_BY_NAME(SORT_BY_ALIGNMENT(._device.static.*_????_*)))
 *(SORT_BY_NAME(SORT_BY_ALIGNMENT(._device.static.*_?????_*)))
                0x000000000800684c                _device_list_end = .

sw_isr_table    0x000000000800684c      0x330
                0x000000000800684c                . = ALIGN (0x4)
 *(SORT_BY_ALIGNMENT(.gnu.linkonce.sw_isr_table*))
 .gnu.linkonce.sw_isr_table
                0x000000000800684c      0x330 zephyr/arch/common/libisr_tables.a(isr_tables.c.obj)
                0x000000000800684c                _sw_isr_table

initlevel_error
                0x00000000080065b8        0x0
 *(SORT_BY_NAME(SORT_BY_ALIGNMENT(.z_init_*)))
                0x0000000000000001                ASSERT ((SIZEOF (initlevel_error) == 0x0), Undefined initialization levels used.)

app_shmem_regions
                0x0000000008006b7c        0x0
                0x0000000008006b7c                __app_shmem_regions_start = .
 *(SORT_BY_NAME(SORT_BY_ALIGNMENT(.app_regions.*)))
                0x0000000008006b7c                __app_shmem_regions_end = .

k_p4wq_initparam_area
                0x0000000008006b7c        0x0
                0x0000000008006b7c                _k_p4wq_initparam_list_start = .
 *(SORT_BY_NAME(SORT_BY_ALIGNMENT(._k_p4wq_initparam.static.*)))
                0x0000000008006b7c                _k_p4wq_initparam_list_end = .

_static_thread_data_area
                0x0000000008006b7c        0x0
                0x0000000008006b7c                __static_thread_data_list_start = .
 *(SORT_BY_NAME(SORT_BY_ALIGNMENT(.__static_thread_data.static.*)))
                0x0000000008006b7c                __static_thread_data_list_end = .

device_deps     0x0000000008006b7c        0x0
                0x0000000008006b7c                __device_deps_start = .
 *(SORT_BY_NAME(SORT_BY_ALIGNMENT(.__device_deps_pass2*)))
                0x0000000008006b7c                __device_deps_end = .

adc_driver_api_area
                0x0000000008006b7c        0xc
                0x0000000008006b7c                _adc_driver_api_list_start = .
 *(SORT_BY_NAME(SORT_BY_ALIGNMENT(._adc_driver_api.static.*)))
 ._adc_driver_api.static.api_stm32_driver_api_
                0x0000000008006b7c        0xc zephyr/drivers/adc/libdrivers__adc.a(adc_stm32.c.obj)
                0x0000000008006b88                _adc_driver_api_list_end = .

gpio_driver_api_area
                0x0000000008006b88       0x24
                0x0000000008006b88                _gpio_driver_api_list_start = .
 *(SORT_BY_NAME(SORT_BY_ALIGNMENT(._gpio_driver_api.static.*)))
 ._gpio_driver_api.static.gpio_stm32_driver_
                0x0000000008006b88       0x24 zephyr/drivers/gpio/libdrivers__gpio.a(gpio_stm32.c.obj)
                0x0000000008006bac                _gpio_driver_api_list_end = .

pwm_driver_api_area
                0x0000000008006bac        0x8
                0x0000000008006bac                _pwm_driver_api_list_start = .
 *(SORT_BY_NAME(SORT_BY_ALIGNMENT(._pwm_driver_api.static.*)))
 ._pwm_driver_api.static.pwm_stm32_driver_api_
                0x0000000008006bac        0x8 zephyr/drivers/pwm/libdrivers__pwm.a(pwm_stm32.c.obj)
                0x0000000008006bb4                _pwm_driver_api_list_end = .

reset_driver_api_area
                0x0000000008006bb4       0x10
                0x0000000008006bb4                _reset_driver_api_list_start = .
 *(SORT_BY_NAME(SORT_BY_ALIGNMENT(._reset_driver_api.static.*)))
 ._reset_driver_api.static.reset_stm32_driver_api_
                0x0000000008006bb4       0x10 zephyr/drivers/reset/libdrivers__reset.a(reset_stm32.c.obj)
                0x0000000008006bc4                _reset_driver_api_list_end = .

shared_irq_driver_api_area
                0x0000000008006bc4        0x0
                0x0000000008006bc4                _shared_irq_driver_api_list_start = .
 *(SORT_BY_NAME(SORT_BY_ALIGNMENT(._shared_irq_driver_api.static.*)))
                0x0000000008006bc4                _shared_irq_driver_api_list_end = .

crypto_driver_api_area
                0x0000000008006bc4        0x0
                0x0000000008006bc4                _crypto_driver_api_list_start = .
 *(SORT_BY_NAME(SORT_BY_ALIGNMENT(._crypto_driver_api.static.*)))
                0x0000000008006bc4                _crypto_driver_api_list_end = .

auxdisplay_driver_api_area
                0x0000000008006bc4        0x0
                0x0000000008006bc4                _auxdisplay_driver_api_list_start = .
 *(SORT_BY_NAME(SORT_BY_ALIGNMENT(._auxdisplay_driver_api.static.*)))
                0x0000000008006bc4                _auxdisplay_driver_api_list_end = .

bbram_driver_api_area
                0x0000000008006bc4        0x0
                0x0000000008006bc4                _bbram_driver_api_list_start = .
 *(SORT_BY_NAME(SORT_BY_ALIGNMENT(._bbram_driver_api.static.*)))
                0x0000000008006bc4                _bbram_driver_api_list_end = .

bt_hci_driver_api_area
                0x0000000008006bc4        0x0
                0x0000000008006bc4                _bt_hci_driver_api_list_start = .
 *(SORT_BY_NAME(SORT_BY_ALIGNMENT(._bt_hci_driver_api.static.*)))
                0x0000000008006bc4                _bt_hci_driver_api_list_end = .

can_driver_api_area
                0x0000000008006bc4        0x0
                0x0000000008006bc4                _can_driver_api_list_start = .
 *(SORT_BY_NAME(SORT_BY_ALIGNMENT(._can_driver_api.static.*)))
                0x0000000008006bc4                _can_driver_api_list_end = .

cellular_driver_api_area
                0x0000000008006bc4        0x0
                0x0000000008006bc4                _cellular_driver_api_list_start = .
 *(SORT_BY_NAME(SORT_BY_ALIGNMENT(._cellular_driver_api.static.*)))
                0x0000000008006bc4                _cellular_driver_api_list_end = .

charger_driver_api_area
                0x0000000008006bc4        0x0
                0x0000000008006bc4                _charger_driver_api_list_start = .
 *(SORT_BY_NAME(SORT_BY_ALIGNMENT(._charger_driver_api.static.*)))
                0x0000000008006bc4                _charger_driver_api_list_end = .

clock_control_driver_api_area
                0x0000000008006bc4       0x1c
                0x0000000008006bc4                _clock_control_driver_api_list_start = .
 *(SORT_BY_NAME(SORT_BY_ALIGNMENT(._clock_control_driver_api.static.*)))
 ._clock_control_driver_api.static.stm32_clock_control_api_
                0x0000000008006bc4       0x1c zephyr/drivers/clock_control/libdrivers__clock_control.a(clock_stm32_ll_common.c.obj)
                0x0000000008006be0                _clock_control_driver_api_list_end = .

comparator_driver_api_area
                0x0000000008006be0        0x0
                0x0000000008006be0                _comparator_driver_api_list_start = .
 *(SORT_BY_NAME(SORT_BY_ALIGNMENT(._comparator_driver_api.static.*)))
                0x0000000008006be0                _comparator_driver_api_list_end = .

coredump_driver_api_area
                0x0000000008006be0        0x0
                0x0000000008006be0                _coredump_driver_api_list_start = .
 *(SORT_BY_NAME(SORT_BY_ALIGNMENT(._coredump_driver_api.static.*)))
                0x0000000008006be0                _coredump_driver_api_list_end = .

counter_driver_api_area
                0x0000000008006be0        0x0
                0x0000000008006be0                _counter_driver_api_list_start = .
 *(SORT_BY_NAME(SORT_BY_ALIGNMENT(._counter_driver_api.static.*)))
                0x0000000008006be0                _counter_driver_api_list_end = .

crc_driver_api_area
                0x0000000008006be0        0x0
                0x0000000008006be0                _crc_driver_api_list_start = .
 *(SORT_BY_NAME(SORT_BY_ALIGNMENT(._crc_driver_api.static.*)))
                0x0000000008006be0                _crc_driver_api_list_end = .

dac_driver_api_area
                0x0000000008006be0        0x0
                0x0000000008006be0                _dac_driver_api_list_start = .
 *(SORT_BY_NAME(SORT_BY_ALIGNMENT(._dac_driver_api.static.*)))
                0x0000000008006be0                _dac_driver_api_list_end = .

dai_driver_api_area
                0x0000000008006be0        0x0
                0x0000000008006be0                _dai_driver_api_list_start = .
 *(SORT_BY_NAME(SORT_BY_ALIGNMENT(._dai_driver_api.static.*)))
                0x0000000008006be0                _dai_driver_api_list_end = .

display_driver_api_area
                0x0000000008006be0        0x0
                0x0000000008006be0                _display_driver_api_list_start = .
 *(SORT_BY_NAME(SORT_BY_ALIGNMENT(._display_driver_api.static.*)))
                0x0000000008006be0                _display_driver_api_list_end = .

dma_driver_api_area
                0x0000000008006be0        0x0
                0x0000000008006be0                _dma_driver_api_list_start = .
 *(SORT_BY_NAME(SORT_BY_ALIGNMENT(._dma_driver_api.static.*)))
                0x0000000008006be0                _dma_driver_api_list_end = .

edac_driver_api_area
                0x0000000008006be0        0x0
                0x0000000008006be0                _edac_driver_api_list_start = .
 *(SORT_BY_NAME(SORT_BY_ALIGNMENT(._edac_driver_api.static.*)))
                0x0000000008006be0                _edac_driver_api_list_end = .

eeprom_driver_api_area
                0x0000000008006be0        0x0
                0x0000000008006be0                _eeprom_driver_api_list_start = .
 *(SORT_BY_NAME(SORT_BY_ALIGNMENT(._eeprom_driver_api.static.*)))
                0x0000000008006be0                _eeprom_driver_api_list_end = .

emul_bbram_driver_api_area
                0x0000000008006be0        0x0
                0x0000000008006be0                _emul_bbram_driver_api_list_start = .
 *(SORT_BY_NAME(SORT_BY_ALIGNMENT(._emul_bbram_driver_api.static.*)))
                0x0000000008006be0                _emul_bbram_driver_api_list_end = .

fuel_gauge_emul_driver_api_area
                0x0000000008006be0        0x0
                0x0000000008006be0                _fuel_gauge_emul_driver_api_list_start = .
 *(SORT_BY_NAME(SORT_BY_ALIGNMENT(._fuel_gauge_emul_driver_api.static.*)))
                0x0000000008006be0                _fuel_gauge_emul_driver_api_list_end = .

emul_sensor_driver_api_area
                0x0000000008006be0        0x0
                0x0000000008006be0                _emul_sensor_driver_api_list_start = .
 *(SORT_BY_NAME(SORT_BY_ALIGNMENT(._emul_sensor_driver_api.static.*)))
                0x0000000008006be0                _emul_sensor_driver_api_list_end = .

entropy_driver_api_area
                0x0000000008006be0        0x0
                0x0000000008006be0                _entropy_driver_api_list_start = .
 *(SORT_BY_NAME(SORT_BY_ALIGNMENT(._entropy_driver_api.static.*)))
                0x0000000008006be0                _entropy_driver_api_list_end = .

espi_driver_api_area
                0x0000000008006be0        0x0
                0x0000000008006be0                _espi_driver_api_list_start = .
 *(SORT_BY_NAME(SORT_BY_ALIGNMENT(._espi_driver_api.static.*)))
                0x0000000008006be0                _espi_driver_api_list_end = .

espi_saf_driver_api_area
                0x0000000008006be0        0x0
                0x0000000008006be0                _espi_saf_driver_api_list_start = .
 *(SORT_BY_NAME(SORT_BY_ALIGNMENT(._espi_saf_driver_api.static.*)))
                0x0000000008006be0                _espi_saf_driver_api_list_end = .

flash_driver_api_area
                0x0000000008006be0        0x0
                0x0000000008006be0                _flash_driver_api_list_start = .
 *(SORT_BY_NAME(SORT_BY_ALIGNMENT(._flash_driver_api.static.*)))
                0x0000000008006be0                _flash_driver_api_list_end = .

fpga_driver_api_area
                0x0000000008006be0        0x0
                0x0000000008006be0                _fpga_driver_api_list_start = .
 *(SORT_BY_NAME(SORT_BY_ALIGNMENT(._fpga_driver_api.static.*)))
                0x0000000008006be0                _fpga_driver_api_list_end = .

fuel_gauge_driver_api_area
                0x0000000008006be0        0x0
                0x0000000008006be0                _fuel_gauge_driver_api_list_start = .
 *(SORT_BY_NAME(SORT_BY_ALIGNMENT(._fuel_gauge_driver_api.static.*)))
                0x0000000008006be0                _fuel_gauge_driver_api_list_end = .

gnss_driver_api_area
                0x0000000008006be0        0x0
                0x0000000008006be0                _gnss_driver_api_list_start = .
 *(SORT_BY_NAME(SORT_BY_ALIGNMENT(._gnss_driver_api.static.*)))
                0x0000000008006be0                _gnss_driver_api_list_end = .

haptics_driver_api_area
                0x0000000008006be0        0x0
                0x0000000008006be0                _haptics_driver_api_list_start = .
 *(SORT_BY_NAME(SORT_BY_ALIGNMENT(._haptics_driver_api.static.*)))
                0x0000000008006be0                _haptics_driver_api_list_end = .

hwspinlock_driver_api_area
                0x0000000008006be0        0x0
                0x0000000008006be0                _hwspinlock_driver_api_list_start = .
 *(SORT_BY_NAME(SORT_BY_ALIGNMENT(._hwspinlock_driver_api.static.*)))
                0x0000000008006be0                _hwspinlock_driver_api_list_end = .

i2c_driver_api_area
                0x0000000008006be0        0x0
                0x0000000008006be0                _i2c_driver_api_list_start = .
 *(SORT_BY_NAME(SORT_BY_ALIGNMENT(._i2c_driver_api.static.*)))
                0x0000000008006be0                _i2c_driver_api_list_end = .

i2c_target_driver_api_area
                0x0000000008006be0        0x0
                0x0000000008006be0                _i2c_target_driver_api_list_start = .
 *(SORT_BY_NAME(SORT_BY_ALIGNMENT(._i2c_target_driver_api.static.*)))
                0x0000000008006be0                _i2c_target_driver_api_list_end = .

i2s_driver_api_area
                0x0000000008006be0        0x0
                0x0000000008006be0                _i2s_driver_api_list_start = .
 *(SORT_BY_NAME(SORT_BY_ALIGNMENT(._i2s_driver_api.static.*)))
                0x0000000008006be0                _i2s_driver_api_list_end = .

i3c_driver_api_area
                0x0000000008006be0        0x0
                0x0000000008006be0                _i3c_driver_api_list_start = .
 *(SORT_BY_NAME(SORT_BY_ALIGNMENT(._i3c_driver_api.static.*)))
                0x0000000008006be0                _i3c_driver_api_list_end = .

ipm_driver_api_area
                0x0000000008006be0        0x0
                0x0000000008006be0                _ipm_driver_api_list_start = .
 *(SORT_BY_NAME(SORT_BY_ALIGNMENT(._ipm_driver_api.static.*)))
                0x0000000008006be0                _ipm_driver_api_list_end = .

led_driver_api_area
                0x0000000008006be0        0x0
                0x0000000008006be0                _led_driver_api_list_start = .
 *(SORT_BY_NAME(SORT_BY_ALIGNMENT(._led_driver_api.static.*)))
                0x0000000008006be0                _led_driver_api_list_end = .

led_strip_driver_api_area
                0x0000000008006be0        0x0
                0x0000000008006be0                _led_strip_driver_api_list_start = .
 *(SORT_BY_NAME(SORT_BY_ALIGNMENT(._led_strip_driver_api.static.*)))
                0x0000000008006be0                _led_strip_driver_api_list_end = .

lora_driver_api_area
                0x0000000008006be0        0x0
                0x0000000008006be0                _lora_driver_api_list_start = .
 *(SORT_BY_NAME(SORT_BY_ALIGNMENT(._lora_driver_api.static.*)))
                0x0000000008006be0                _lora_driver_api_list_end = .

mbox_driver_api_area
                0x0000000008006be0        0x0
                0x0000000008006be0                _mbox_driver_api_list_start = .
 *(SORT_BY_NAME(SORT_BY_ALIGNMENT(._mbox_driver_api.static.*)))
                0x0000000008006be0                _mbox_driver_api_list_end = .

mdio_driver_api_area
                0x0000000008006be0        0x0
                0x0000000008006be0                _mdio_driver_api_list_start = .
 *(SORT_BY_NAME(SORT_BY_ALIGNMENT(._mdio_driver_api.static.*)))
                0x0000000008006be0                _mdio_driver_api_list_end = .

mipi_dbi_driver_api_area
                0x0000000008006be0        0x0
                0x0000000008006be0                _mipi_dbi_driver_api_list_start = .
 *(SORT_BY_NAME(SORT_BY_ALIGNMENT(._mipi_dbi_driver_api.static.*)))
                0x0000000008006be0                _mipi_dbi_driver_api_list_end = .

mipi_dsi_driver_api_area
                0x0000000008006be0        0x0
                0x0000000008006be0                _mipi_dsi_driver_api_list_start = .
 *(SORT_BY_NAME(SORT_BY_ALIGNMENT(._mipi_dsi_driver_api.static.*)))
                0x0000000008006be0                _mipi_dsi_driver_api_list_end = .

mspi_driver_api_area
                0x0000000008006be0        0x0
                0x0000000008006be0                _mspi_driver_api_list_start = .
 *(SORT_BY_NAME(SORT_BY_ALIGNMENT(._mspi_driver_api.static.*)))
                0x0000000008006be0                _mspi_driver_api_list_end = .

opamp_driver_api_area
                0x0000000008006be0        0x0
                0x0000000008006be0                _opamp_driver_api_list_start = .
 *(SORT_BY_NAME(SORT_BY_ALIGNMENT(._opamp_driver_api.static.*)))
                0x0000000008006be0                _opamp_driver_api_list_end = .

peci_driver_api_area
                0x0000000008006be0        0x0
                0x0000000008006be0                _peci_driver_api_list_start = .
 *(SORT_BY_NAME(SORT_BY_ALIGNMENT(._peci_driver_api.static.*)))
                0x0000000008006be0                _peci_driver_api_list_end = .

ps2_driver_api_area
                0x0000000008006be0        0x0
                0x0000000008006be0                _ps2_driver_api_list_start = .
 *(SORT_BY_NAME(SORT_BY_ALIGNMENT(._ps2_driver_api.static.*)))
                0x0000000008006be0                _ps2_driver_api_list_end = .

ptp_clock_driver_api_area
                0x0000000008006be0        0x0
                0x0000000008006be0                _ptp_clock_driver_api_list_start = .
 *(SORT_BY_NAME(SORT_BY_ALIGNMENT(._ptp_clock_driver_api.static.*)))
                0x0000000008006be0                _ptp_clock_driver_api_list_end = .

regulator_parent_driver_api_area
                0x0000000008006be0        0x0
                0x0000000008006be0                _regulator_parent_driver_api_list_start = .
 *(SORT_BY_NAME(SORT_BY_ALIGNMENT(._regulator_parent_driver_api.static.*)))
                0x0000000008006be0                _regulator_parent_driver_api_list_end = .

regulator_driver_api_area
                0x0000000008006be0        0x0
                0x0000000008006be0                _regulator_driver_api_list_start = .
 *(SORT_BY_NAME(SORT_BY_ALIGNMENT(._regulator_driver_api.static.*)))
                0x0000000008006be0                _regulator_driver_api_list_end = .

retained_mem_driver_api_area
                0x0000000008006be0        0x0
                0x0000000008006be0                _retained_mem_driver_api_list_start = .
 *(SORT_BY_NAME(SORT_BY_ALIGNMENT(._retained_mem_driver_api.static.*)))
                0x0000000008006be0                _retained_mem_driver_api_list_end = .

rtc_driver_api_area
                0x0000000008006be0        0x0
                0x0000000008006be0                _rtc_driver_api_list_start = .
 *(SORT_BY_NAME(SORT_BY_ALIGNMENT(._rtc_driver_api.static.*)))
                0x0000000008006be0                _rtc_driver_api_list_end = .

sdhc_driver_api_area
                0x0000000008006be0        0x0
                0x0000000008006be0                _sdhc_driver_api_list_start = .
 *(SORT_BY_NAME(SORT_BY_ALIGNMENT(._sdhc_driver_api.static.*)))
                0x0000000008006be0                _sdhc_driver_api_list_end = .

sensor_driver_api_area
                0x0000000008006be0        0x0
                0x0000000008006be0                _sensor_driver_api_list_start = .
 *(SORT_BY_NAME(SORT_BY_ALIGNMENT(._sensor_driver_api.static.*)))
                0x0000000008006be0                _sensor_driver_api_list_end = .

smbus_driver_api_area
                0x0000000008006be0        0x0
                0x0000000008006be0                _smbus_driver_api_list_start = .
 *(SORT_BY_NAME(SORT_BY_ALIGNMENT(._smbus_driver_api.static.*)))
                0x0000000008006be0                _smbus_driver_api_list_end = .

spi_driver_api_area
                0x0000000008006be0        0x0
                0x0000000008006be0                _spi_driver_api_list_start = .
 *(SORT_BY_NAME(SORT_BY_ALIGNMENT(._spi_driver_api.static.*)))
                0x0000000008006be0                _spi_driver_api_list_end = .

stepper_driver_api_area
                0x0000000008006be0        0x0
                0x0000000008006be0                _stepper_driver_api_list_start = .
 *(SORT_BY_NAME(SORT_BY_ALIGNMENT(._stepper_driver_api.static.*)))
                0x0000000008006be0                _stepper_driver_api_list_end = .

syscon_driver_api_area
                0x0000000008006be0        0x0
                0x0000000008006be0                _syscon_driver_api_list_start = .
 *(SORT_BY_NAME(SORT_BY_ALIGNMENT(._syscon_driver_api.static.*)))
                0x0000000008006be0                _syscon_driver_api_list_end = .

tee_driver_api_area
                0x0000000008006be0        0x0
                0x0000000008006be0                _tee_driver_api_list_start = .
 *(SORT_BY_NAME(SORT_BY_ALIGNMENT(._tee_driver_api.static.*)))
                0x0000000008006be0                _tee_driver_api_list_end = .

video_driver_api_area
                0x0000000008006be0        0x0
                0x0000000008006be0                _video_driver_api_list_start = .
 *(SORT_BY_NAME(SORT_BY_ALIGNMENT(._video_driver_api.static.*)))
                0x0000000008006be0                _video_driver_api_list_end = .

virtio_driver_api_area
                0x0000000008006be0        0x0
                0x0000000008006be0                _virtio_driver_api_list_start = .
 *(SORT_BY_NAME(SORT_BY_ALIGNMENT(._virtio_driver_api.static.*)))
                0x0000000008006be0                _virtio_driver_api_list_end = .

w1_driver_api_area
                0x0000000008006be0        0x0
                0x0000000008006be0                _w1_driver_api_list_start = .
 *(SORT_BY_NAME(SORT_BY_ALIGNMENT(._w1_driver_api.static.*)))
                0x0000000008006be0                _w1_driver_api_list_end = .

wdt_driver_api_area
                0x0000000008006be0        0x0
                0x0000000008006be0                _wdt_driver_api_list_start = .
 *(SORT_BY_NAME(SORT_BY_ALIGNMENT(._wdt_driver_api.static.*)))
                0x0000000008006be0                _wdt_driver_api_list_end = .

can_transceiver_driver_api_area
                0x0000000008006be0        0x0
                0x0000000008006be0                _can_transceiver_driver_api_list_start = .
 *(SORT_BY_NAME(SORT_BY_ALIGNMENT(._can_transceiver_driver_api.static.*)))
                0x0000000008006be0                _can_transceiver_driver_api_list_end = .

nrf_clock_control_driver_api_area
                0x0000000008006be0        0x0
                0x0000000008006be0                _nrf_clock_control_driver_api_list_start = .
 *(SORT_BY_NAME(SORT_BY_ALIGNMENT(._nrf_clock_control_driver_api.static.*)))
                0x0000000008006be0                _nrf_clock_control_driver_api_list_end = .

i3c_target_driver_api_area
                0x0000000008006be0        0x0
                0x0000000008006be0                _i3c_target_driver_api_list_start = .
 *(SORT_BY_NAME(SORT_BY_ALIGNMENT(._i3c_target_driver_api.static.*)))
                0x0000000008006be0                _i3c_target_driver_api_list_end = .

its_driver_api_area
                0x0000000008006be0        0x0
                0x0000000008006be0                _its_driver_api_list_start = .
 *(SORT_BY_NAME(SORT_BY_ALIGNMENT(._its_driver_api.static.*)))
                0x0000000008006be0                _its_driver_api_list_end = .

vtd_driver_api_area
                0x0000000008006be0        0x0
                0x0000000008006be0                _vtd_driver_api_list_start = .
 *(SORT_BY_NAME(SORT_BY_ALIGNMENT(._vtd_driver_api.static.*)))
                0x0000000008006be0                _vtd_driver_api_list_end = .

renesas_elc_driver_api_area
                0x0000000008006be0        0x0
                0x0000000008006be0                _renesas_elc_driver_api_list_start = .
 *(SORT_BY_NAME(SORT_BY_ALIGNMENT(._renesas_elc_driver_api.static.*)))
                0x0000000008006be0                _renesas_elc_driver_api_list_end = .

tgpio_driver_api_area
                0x0000000008006be0        0x0
                0x0000000008006be0                _tgpio_driver_api_list_start = .
 *(SORT_BY_NAME(SORT_BY_ALIGNMENT(._tgpio_driver_api.static.*)))
                0x0000000008006be0                _tgpio_driver_api_list_end = .

pcie_ctrl_driver_api_area
                0x0000000008006be0        0x0
                0x0000000008006be0                _pcie_ctrl_driver_api_list_start = .
 *(SORT_BY_NAME(SORT_BY_ALIGNMENT(._pcie_ctrl_driver_api.static.*)))
                0x0000000008006be0                _pcie_ctrl_driver_api_list_end = .

pcie_ep_driver_api_area
                0x0000000008006be0        0x0
                0x0000000008006be0                _pcie_ep_driver_api_list_start = .
 *(SORT_BY_NAME(SORT_BY_ALIGNMENT(._pcie_ep_driver_api.static.*)))
                0x0000000008006be0                _pcie_ep_driver_api_list_end = .

psi5_driver_api_area
                0x0000000008006be0        0x0
                0x0000000008006be0                _psi5_driver_api_list_start = .
 *(SORT_BY_NAME(SORT_BY_ALIGNMENT(._psi5_driver_api.static.*)))
                0x0000000008006be0                _psi5_driver_api_list_end = .

sent_driver_api_area
                0x0000000008006be0        0x0
                0x0000000008006be0                _sent_driver_api_list_start = .
 *(SORT_BY_NAME(SORT_BY_ALIGNMENT(._sent_driver_api.static.*)))
                0x0000000008006be0                _sent_driver_api_list_end = .

svc_driver_api_area
                0x0000000008006be0        0x0
                0x0000000008006be0                _svc_driver_api_list_start = .
 *(SORT_BY_NAME(SORT_BY_ALIGNMENT(._svc_driver_api.static.*)))
                0x0000000008006be0                _svc_driver_api_list_end = .

uart_driver_api_area
                0x0000000008006be0       0x4c
                0x0000000008006be0                _uart_driver_api_list_start = .
 *(SORT_BY_NAME(SORT_BY_ALIGNMENT(._uart_driver_api.static.*)))
 ._uart_driver_api.static.uart_stm32_driver_api_
                0x0000000008006be0       0x4c zephyr/drivers/serial/libdrivers__serial.a(uart_stm32.c.obj)
                0x0000000008006c2c                _uart_driver_api_list_end = .

bc12_emul_driver_api_area
                0x0000000008006c2c        0x0
                0x0000000008006c2c                _bc12_emul_driver_api_list_start = .
 *(SORT_BY_NAME(SORT_BY_ALIGNMENT(._bc12_emul_driver_api.static.*)))
                0x0000000008006c2c                _bc12_emul_driver_api_list_end = .

bc12_driver_api_area
                0x0000000008006c2c        0x0
                0x0000000008006c2c                _bc12_driver_api_list_start = .
 *(SORT_BY_NAME(SORT_BY_ALIGNMENT(._bc12_driver_api.static.*)))
                0x0000000008006c2c                _bc12_driver_api_list_end = .

usbc_ppc_driver_api_area
                0x0000000008006c2c        0x0
                0x0000000008006c2c                _usbc_ppc_driver_api_list_start = .
 *(SORT_BY_NAME(SORT_BY_ALIGNMENT(._usbc_ppc_driver_api.static.*)))
                0x0000000008006c2c                _usbc_ppc_driver_api_list_end = .

tcpc_driver_api_area
                0x0000000008006c2c        0x0
                0x0000000008006c2c                _tcpc_driver_api_list_start = .
 *(SORT_BY_NAME(SORT_BY_ALIGNMENT(._tcpc_driver_api.static.*)))
                0x0000000008006c2c                _tcpc_driver_api_list_end = .

usbc_vbus_driver_api_area
                0x0000000008006c2c        0x0
                0x0000000008006c2c                _usbc_vbus_driver_api_list_start = .
 *(SORT_BY_NAME(SORT_BY_ALIGNMENT(._usbc_vbus_driver_api.static.*)))
                0x0000000008006c2c                _usbc_vbus_driver_api_list_end = .

ivshmem_driver_api_area
                0x0000000008006c2c        0x0
                0x0000000008006c2c                _ivshmem_driver_api_list_start = .
 *(SORT_BY_NAME(SORT_BY_ALIGNMENT(._ivshmem_driver_api.static.*)))
                0x0000000008006c2c                _ivshmem_driver_api_list_end = .

ethphy_driver_api_area
                0x0000000008006c2c        0x0
                0x0000000008006c2c                _ethphy_driver_api_list_start = .
 *(SORT_BY_NAME(SORT_BY_ALIGNMENT(._ethphy_driver_api.static.*)))
                0x0000000008006c2c                _ethphy_driver_api_list_end = .

ztest           0x0000000008006c2c        0x0
                0x0000000008006c2c                _ztest_expected_result_entry_list_start = .
 *(SORT_BY_NAME(SORT_BY_ALIGNMENT(._ztest_expected_result_entry.static.*)))
                0x0000000008006c2c                _ztest_expected_result_entry_list_end = .
                0x0000000008006c2c                _ztest_suite_node_list_start = .
 *(SORT_BY_NAME(SORT_BY_ALIGNMENT(._ztest_suite_node.static.*)))
                0x0000000008006c2c                _ztest_suite_node_list_end = .
                0x0000000008006c2c                _ztest_unit_test_list_start = .
 *(SORT_BY_NAME(SORT_BY_ALIGNMENT(._ztest_unit_test.static.*)))
                0x0000000008006c2c                _ztest_unit_test_list_end = .
                0x0000000008006c2c                _ztest_test_rule_list_start = .
 *(SORT_BY_NAME(SORT_BY_ALIGNMENT(._ztest_test_rule.static.*)))
                0x0000000008006c2c                _ztest_test_rule_list_end = .

init_array      0x0000000008006c2c        0x0
                0x0000000008006c2c                __zephyr_init_array_start = .
 *(SORT_BY_INIT_PRIORITY(.init_array.*) SORT_BY_INIT_PRIORITY(.ctors.*))
 *(SORT_BY_ALIGNMENT(.init_array) SORT_BY_ALIGNMENT(.ctors))
                0x0000000008006c2c                __zephyr_init_array_end = .
                0x0000000000000001                ASSERT ((__zephyr_init_array_start == __zephyr_init_array_end), GNU-style constructors required but STATIC_INIT_GNU not enabled)

bt_l2cap_fixed_chan_area
                0x0000000008006c2c        0x0
                0x0000000008006c2c                _bt_l2cap_fixed_chan_list_start = .
 *(SORT_BY_NAME(SORT_BY_ALIGNMENT(._bt_l2cap_fixed_chan.static.*)))
                0x0000000008006c2c                _bt_l2cap_fixed_chan_list_end = .

bt_gatt_service_static_area
                0x0000000008006c2c        0x0
                0x0000000008006c2c                _bt_gatt_service_static_list_start = .
 *(SORT_BY_NAME(SORT_BY_ALIGNMENT(._bt_gatt_service_static.static.*)))
                0x0000000008006c2c                _bt_gatt_service_static_list_end = .

log_strings_area
                0x0000000008006c2c        0x0
                0x0000000008006c2c                _log_strings_list_start = .
 *(SORT_BY_NAME(SORT_BY_ALIGNMENT(._log_strings.static.*)))
                0x0000000008006c2c                _log_strings_list_end = .

log_stmesp_ptr_area
                0x0000000008006c2c        0x0
                0x0000000008006c2c                _log_stmesp_ptr_list_start = .
 *(SORT_BY_NAME(SORT_BY_ALIGNMENT(._log_stmesp_ptr.static.*)))
                0x0000000008006c2c                _log_stmesp_ptr_list_end = .

log_stmesp_str_area
                0x0000000008006c2c        0x0
                0x0000000008006c2c                _log_stmesp_str_list_start = .
 *(SORT_BY_NAME(SORT_BY_ALIGNMENT(._log_stmesp_str.static.*)))
                0x0000000008006c2c                _log_stmesp_str_list_end = .

log_const_area  0x0000000008006c2c        0x0
                0x0000000008006c2c                _log_const_list_start = .
 *(SORT_BY_NAME(SORT_BY_ALIGNMENT(._log_const.static.*)))
                0x0000000008006c2c                _log_const_list_end = .

log_backend_area
                0x0000000008006c2c        0x0
                0x0000000008006c2c                _log_backend_list_start = .
 *(SORT_BY_NAME(SORT_BY_ALIGNMENT(._log_backend.static.*)))
                0x0000000008006c2c                _log_backend_list_end = .

log_link_area   0x0000000008006c2c        0x0
                0x0000000008006c2c                _log_link_list_start = .
 *(SORT_BY_NAME(SORT_BY_ALIGNMENT(._log_link.static.*)))
                0x0000000008006c2c                _log_link_list_end = .

tracing_backend_area
                0x0000000008006c2c        0x0
                0x0000000008006c2c                _tracing_backend_list_start = .
 *(SORT_BY_NAME(SORT_BY_ALIGNMENT(._tracing_backend.static.*)))
                0x0000000008006c2c                _tracing_backend_list_end = .

zephyr_dbg_info
 *(SORT_BY_ALIGNMENT(.dbg_thread_info))

intc_table_area
                0x0000000008006c2c        0x0
                0x0000000008006c2c                _intc_table_list_start = .
 *(SORT_BY_NAME(SORT_BY_ALIGNMENT(._intc_table.static.*)))
                0x0000000008006c2c                _intc_table_list_end = .

symbol_to_keep  0x0000000008006c2c        0x0
                0x0000000008006c2c                __symbol_to_keep_start = .
 *(SORT_BY_NAME(SORT_BY_ALIGNMENT(.symbol_to_keep*)))
                0x0000000008006c2c                __symbol_to_keep_end = .

shell_area      0x0000000008006c2c        0x0
                0x0000000008006c2c                _shell_list_start = .
 *(SORT_BY_NAME(SORT_BY_ALIGNMENT(._shell.static.*)))
                0x0000000008006c2c                _shell_list_end = .

shell_root_cmds_area
                0x0000000008006c2c        0x0
                0x0000000008006c2c                _shell_root_cmds_list_start = .
 *(SORT_BY_NAME(SORT_BY_ALIGNMENT(._shell_root_cmds.static.*)))